C:\Users\awiss\Documents\MCUXpressoIDE_11.4.1_6260\workspace\OvalMate\LPC55S16_Project_main_dev\CMSIS/core_cm33.h:2324:22:__NVIC_SetPriority	16	static
C:\Users\awiss\Documents\MCUXpressoIDE_11.4.1_6260\workspace\OvalMate\LPC55S16_Project_main_dev\drivers/fsl_common_arm.h:568:24:DisableGlobalIRQ	16	static
C:\Users\awiss\Documents\MCUXpressoIDE_11.4.1_6260\workspace\OvalMate\LPC55S16_Project_main_dev\drivers/fsl_common_arm.h:595:20:EnableGlobalIRQ	24	static
C:\Users\awiss\Documents\MCUXpressoIDE_11.4.1_6260\workspace\OvalMate\LPC55S16_Project_main_dev\drivers/fsl_gpio.h:153:20:GPIO_PinWrite	24	static
C:\Users\awiss\Documents\MCUXpressoIDE_11.4.1_6260\workspace\OvalMate\LPC55S16_Project_main_dev\drivers/fsl_gpio.h:172:24:GPIO_PinRead	24	static
../component/gpio/fsl_adapter_lpc_gpio.c:94:13:HAL_GpioInterruptCallback	16	static
../component/gpio/fsl_adapter_lpc_gpio.c:103:13:HAL_GpioInterruptHandle	24	static
../component/gpio/fsl_adapter_lpc_gpio.c:120:26:HAL_GpioConflictSearch	16	static
../component/gpio/fsl_adapter_lpc_gpio.c:133:26:HAL_GpioAddItem	24	static
../component/gpio/fsl_adapter_lpc_gpio.c:163:26:HAL_GpioRemoveItem	32	static
../component/gpio/fsl_adapter_lpc_gpio.c:194:6:HAL_GpioPreInit	4	static
../component/gpio/fsl_adapter_lpc_gpio.c:201:19:HAL_GpioInit	32	static
../component/gpio/fsl_adapter_lpc_gpio.c:252:19:HAL_GpioDeinit	32	static
../component/gpio/fsl_adapter_lpc_gpio.c:301:19:HAL_GpioGetInput	24	static
../component/gpio/fsl_adapter_lpc_gpio.c:313:19:HAL_GpioSetOutput	24	static
../component/gpio/fsl_adapter_lpc_gpio.c:325:19:HAL_GpioInstallCallback	32	static
../component/gpio/fsl_adapter_lpc_gpio.c:341:19:HAL_GpioGetTriggerMode	24	static
../component/gpio/fsl_adapter_lpc_gpio.c:358:19:HAL_GpioSetTriggerMode	32	static
../component/gpio/fsl_adapter_lpc_gpio.c:450:19:HAL_GpioWakeUpSetting	16	static
../component/gpio/fsl_adapter_lpc_gpio.c:485:19:HAL_GpioEnterLowpower	16	static
../component/gpio/fsl_adapter_lpc_gpio.c:492:19:HAL_GpioExitLowpower	16	static
