C:\Users\awiss\Documents\MCUXpressoIDE_11.4.1_6260\workspace\OvalMate\LPC55S16_Project_main_dev\CMSIS/core_cm33.h:2127:22:__NVIC_EnableIRQ	16	static
../drivers/fsl_clock.h:987:20:CLOCK_EnableClock	24	static
../drivers/fsl_clock.h:997:20:CLOCK_DisableClock	24	static
../drivers/fsl_common_arm.h:488:24:EnableIRQ	24	static
../drivers/fsl_dma.h:365:20:DMA_ChannelIsActive	16	static
../drivers/fsl_dma.h:390:20:DMA_EnableChannelInterrupts	16	static
../drivers/fsl_dma.h:414:20:DMA_EnableChannel	16	static
../drivers/fsl_dma.h:426:20:DMA_DisableChannel	16	static
../drivers/fsl_dma.h:438:20:DMA_EnableChannelPeriphRq	16	static
../drivers/fsl_dma.h:451:20:DMA_DisableChannelPeriphRq	16	static
../drivers/fsl_dma.c:86:17:DMA_GetInstance	24	static
../drivers/fsl_dma.c:102:17:DMA_GetVirtualStartChannel	32	static
../drivers/fsl_dma.c:126:6:DMA_Init	24	static
../drivers/fsl_dma.c:155:6:DMA_Deinit	16	static
../drivers/fsl_dma.c:172:6:DMA_ConfigureChannelTrigger	32	static
../drivers/fsl_dma.c:191:10:DMA_GetRemainingBytes	16	static
../drivers/fsl_dma.c:216:13:DMA_SetupXferCFG	24	static
../drivers/fsl_dma.c:265:6:DMA_SetupDescriptor	40	static
../drivers/fsl_dma.c:336:6:DMA_SetupChannelDescriptor	40	static
../drivers/fsl_dma.c:440:6:DMA_CreateDescriptor	40	static
../drivers/fsl_dma.c:461:6:DMA_AbortTransfer	16	static
../drivers/fsl_dma.c:485:6:DMA_CreateHandle	32	static
../drivers/fsl_dma.c:515:6:DMA_SetCallback	24	static
../drivers/fsl_dma.c:540:6:DMA_PrepareTransfer	32	static
../drivers/fsl_dma.c:607:6:DMA_SetChannelConfig	32	static
../drivers/fsl_dma.c:645:6:DMA_PrepareChannelTransfer	24	static
../drivers/fsl_dma.c:703:6:DMA_LoadChannelDescriptor	32	static
../drivers/fsl_dma.c:732:6:DMA_InstallDescriptorMemory	16	static
../drivers/fsl_dma.c:782:6:DMA_SubmitChannelTransferParameter	40	static
../drivers/fsl_dma.c:823:6:DMA_SubmitChannelDescriptor	16	static
../drivers/fsl_dma.c:887:10:DMA_SubmitChannelTransfer	48	static
../drivers/fsl_dma.c:930:10:DMA_SubmitTransfer	32	static
../drivers/fsl_dma.c:969:6:DMA_StartTransfer	24	static
../drivers/fsl_dma.c:986:6:DMA_IRQHandle	40	static
../drivers/fsl_dma.c:1037:6:DMA0_DriverIRQHandler	8	static
../drivers/fsl_dma.c:1045:6:DMA1_DriverIRQHandler	8	static
