../usb/device/source/lpcip3511/usb_device_lpcip3511.c:232:23:USB_DeviceLpcIp3511MaxPacketNeedCopy	16	static
../usb/device/source/lpcip3511/usb_device_lpcip3511.c:254:17:USB_DeviceLpcIp3511MallocMaxPacketBuffer	32	static
../usb/device/source/lpcip3511/usb_device_lpcip3511.c:301:13:USB_DeviceLpcIp3511ReleaseMaxPacketBuffer	32	static
../usb/device/source/lpcip3511/usb_device_lpcip3511.c:327:54:USB_DeviceLpc3511IpGetEndpointStateStruct	16	static
../usb/device/source/lpcip3511/usb_device_lpcip3511.c:352:21:USB_DeviceLpc3511IpEndpointPrime	32	static
../usb/device/source/lpcip3511/usb_device_lpcip3511.c:435:13:USB_DeviceLpc3511IpSetDefaultState	24	static
../usb/device/source/lpcip3511/usb_device_lpcip3511.c:495:21:USB_DeviceLpc3511IpEndpointInit	40	static
../usb/device/source/lpcip3511/usb_device_lpcip3511.c:623:21:USB_DeviceLpc3511IpEndpointDeinit	24	static
../usb/device/source/lpcip3511/usb_device_lpcip3511.c:699:21:USB_DeviceLpc3511IpEndpointStall	32	static
../usb/device/source/lpcip3511/usb_device_lpcip3511.c:798:21:USB_DeviceLpc3511IpEndpointUnstall	24	static
../usb/device/source/lpcip3511/usb_device_lpcip3511.c:971:13:USB_DeviceLpc3511IpDoPreviousTransactionMemcpy	32	static
../usb/device/source/lpcip3511/usb_device_lpcip3511.c:1030:17:USB_DeviceLpc3511IpTokenUpdate	32	static
../usb/device/source/lpcip3511/usb_device_lpcip3511.c:1094:13:USB_DeviceLpc3511IpInterruptToken	72	static
../usb/device/source/lpcip3511/usb_device_lpcip3511.c:1413:13:USB_DeviceLpc3511IpInterruptReset	32	static
../usb/device/source/lpcip3511/usb_device_lpcip3511.c:1560:14:USB_DeviceLpc3511IpInit	40	static
../usb/device/source/lpcip3511/usb_device_lpcip3511.c:1702:14:USB_DeviceLpc3511IpDeinit	32	static
../usb/device/source/lpcip3511/usb_device_lpcip3511.c:1751:21:USB_DeviceLpc3511IpGetActualBufferAndPrime	48	static
../usb/device/source/lpcip3511/usb_device_lpcip3511.c:1937:21:USB_DeviceLpc3511IpTransaction	32	static
../usb/device/source/lpcip3511/usb_device_lpcip3511.c:2050:14:USB_DeviceLpc3511IpSend	40	static
../usb/device/source/lpcip3511/usb_device_lpcip3511.c:2084:14:USB_DeviceLpc3511IpRecv	24	static
../usb/device/source/lpcip3511/usb_device_lpcip3511.c:2092:14:USB_DeviceLpc3511IpCancel	56	static
../usb/device/source/lpcip3511/usb_device_lpcip3511.c:2252:21:USB_DeviceLpc3511IpControlPreSetDeviceAddress	32	static
../usb/device/source/lpcip3511/usb_device_lpcip3511.c:2271:14:USB_DeviceLpc3511IpControl	48	static
../usb/device/source/lpcip3511/usb_device_lpcip3511.c:2567:6:USB_DeviceLpcIp3511IsrFunction	40	static
