C:\Users\Alex\Documents\MCUXpressoIDE_11.5.0_7232\workspace\OvalMate\Ovalmate_dev\CMSIS/core_cm33.h:2127:22:__NVIC_EnableIRQ	16	static
C:\Users\Alex\Documents\MCUXpressoIDE_11.5.0_7232\workspace\OvalMate\Ovalmate_dev\CMSIS/core_cm33.h:2324:22:__NVIC_SetPriority	16	static
C:\Users\Alex\Documents\MCUXpressoIDE_11.5.0_7232\workspace\OvalMate\Ovalmate_dev\drivers/fsl_common_arm.h:499:24:EnableIRQ	24	static
C:\Users\Alex\Documents\MCUXpressoIDE_11.5.0_7232\workspace\OvalMate\Ovalmate_dev\drivers/fsl_usart.h:390:24:USART_GetStatusFlags	16	static
C:\Users\Alex\Documents\MCUXpressoIDE_11.5.0_7232\workspace\OvalMate\Ovalmate_dev\drivers/fsl_usart.h:410:20:USART_ClearStatusFlags	16	static
C:\Users\Alex\Documents\MCUXpressoIDE_11.5.0_7232\workspace\OvalMate\Ovalmate_dev\drivers/fsl_usart.h:436:20:USART_EnableInterrupts	16	static
C:\Users\Alex\Documents\MCUXpressoIDE_11.5.0_7232\workspace\OvalMate\Ovalmate_dev\drivers/fsl_usart.h:454:20:USART_DisableInterrupts	16	static
C:\Users\Alex\Documents\MCUXpressoIDE_11.5.0_7232\workspace\OvalMate\Ovalmate_dev\drivers/fsl_usart.h:466:24:USART_GetEnabledInterrupts	16	static
C:\Users\Alex\Documents\MCUXpressoIDE_11.5.0_7232\workspace\OvalMate\Ovalmate_dev\drivers/fsl_usart.h:600:20:USART_WriteByte	16	static
C:\Users\Alex\Documents\MCUXpressoIDE_11.5.0_7232\workspace\OvalMate\Ovalmate_dev\drivers/fsl_usart.h:614:23:USART_ReadByte	16	static
../component/uart/fsl_adapter_usart.c:167:26:HAL_UartGetStatus	16	static
../component/uart/fsl_adapter_usart.c:206:13:HAL_UartInterruptHandle	40	static
../component/uart/fsl_adapter_usart.c:264:13:HAL_UartInterruptHandle_Wapper	16	static
../component/uart/fsl_adapter_usart.c:272:26:HAL_UartInitCommon	40	static
../component/uart/fsl_adapter_usart.c:327:19:HAL_UartInit	24	static
../component/uart/fsl_adapter_usart.c:362:19:HAL_UartDeinit	24	static
../component/uart/fsl_adapter_usart.c:375:19:HAL_UartReceiveBlocking	32	static
../component/uart/fsl_adapter_usart.c:397:19:HAL_UartSendBlocking	32	static
../component/uart/fsl_adapter_usart.c:418:19:HAL_UartEnterLowpower	16	static
../component/uart/fsl_adapter_usart.c:425:19:HAL_UartExitLowpower	16	static
../component/uart/fsl_adapter_usart.c:545:19:HAL_UartInstallCallback	32	static
../component/uart/fsl_adapter_usart.c:562:19:HAL_UartReceiveNonBlocking	32	static
../component/uart/fsl_adapter_usart.c:584:19:HAL_UartSendNonBlocking	32	static
../component/uart/fsl_adapter_usart.c:605:19:HAL_UartGetReceiveCount	24	static
../component/uart/fsl_adapter_usart.c:622:19:HAL_UartGetSendCount	24	static
../component/uart/fsl_adapter_usart.c:639:19:HAL_UartAbortReceive	24	static
../component/uart/fsl_adapter_usart.c:657:19:HAL_UartAbortSend	24	static
../component/uart/fsl_adapter_usart.c:698:6:HAL_UartIsrFunction	24	static
