C:\Users\Alex\Documents\MCUXpressoIDE_11.5.0_7232\workspace\OvalMate\Ovalmate_dev\drivers/fsl_clock.h:987:20:CLOCK_EnableClock	24	static
C:\Users\Alex\Documents\MCUXpressoIDE_11.5.0_7232\workspace\OvalMate\Ovalmate_dev\drivers/fsl_iocon.h:182:22:IOCON_PinMuxSet	24	static
../board/pin_mux.c:86:6:BOARD_InitBootPins	8	static
../board/pin_mux.c:150:6:BOARD_InitDEBUG_UARTPins	16	static
../board/pin_mux.c:684:6:BOARD_InitSWD_DEBUGPins	24	static
../board/pin_mux.c:765:6:BOARD_InitUSBPins	16	static
../board/pin_mux.c:809:6:BOARD_InitLEDsPins	32	static
../board/pin_mux.c:908:6:BOARD_InitBUTTONsPins	32	static
../board/pin_mux.c:1021:6:BOARD_InitI2SPins	48	static
../board/pin_mux.c:1188:6:BOARD_InitACCELPins	24	static
../board/pin_mux.c:1260:6:BOARD_InitCANPins	16	static
