../drivers/fsl_clock.h:987:20:CLOCK_EnableClock	24	static
../drivers/fsl_clock.h:997:20:CLOCK_DisableClock	24	static
../drivers/fsl_clock.h:1240:22:CLOCK_IsPLL0Locked	4	static
../drivers/fsl_clock.h:1248:22:CLOCK_IsPLL1Locked	4	static
../drivers/fsl_power.h:373:20:POWER_EnablePD	16	static
../drivers/fsl_power.h:385:20:POWER_DisablePD	16	static
../drivers/fsl_clock.c:110:6:CLOCK_AttachClk	32	static
../drivers/fsl_clock.c:160:19:CLOCK_GetClockAttachId	48	static
../drivers/fsl_clock.c:214:6:CLOCK_SetClkDiv	24	static
../drivers/fsl_clock.c:248:6:CLOCK_SetRtc1khzClkDiv	16	static
../drivers/fsl_clock.c:260:6:CLOCK_SetRtc1hzClkDiv	16	static
../drivers/fsl_clock.c:281:10:CLOCK_SetupFROClocking	16	static
../drivers/fsl_clock.c:339:6:CLOCK_SetFLASHAccessCyclesForFreq	24	static
../drivers/fsl_clock.c:378:10:CLOCK_SetupExtClocking	16	static
../drivers/fsl_clock.c:400:10:CLOCK_SetupI2SMClkClocking	16	static
../drivers/fsl_clock.c:412:10:CLOCK_SetupPLUClkInClocking	16	static
../drivers/fsl_clock.c:422:10:CLOCK_GetClockOutClkFreq	16	static
../drivers/fsl_clock.c:471:10:CLOCK_GetMCanClkFreq	16	static
../drivers/fsl_clock.c:502:10:CLOCK_GetAdcClkFreq	16	static
../drivers/fsl_clock.c:533:10:CLOCK_GetUsb0ClkFreq	16	static
../drivers/fsl_clock.c:567:10:CLOCK_GetUsb1ClkFreq	4	static
../drivers/fsl_clock.c:576:10:CLOCK_GetMclkClkFreq	16	static
../drivers/fsl_clock.c:604:10:CLOCK_GetSctClkFreq	16	static
../drivers/fsl_clock.c:641:10:CLOCK_GetFro12MFreq	4	static
../drivers/fsl_clock.c:650:10:CLOCK_GetFro1MFreq	4	static
../drivers/fsl_clock.c:659:10:CLOCK_GetExtClkFreq	4	static
../drivers/fsl_clock.c:668:10:CLOCK_GetWdtClkFreq	8	static
../drivers/fsl_clock.c:677:10:CLOCK_GetFroHfFreq	4	static
../drivers/fsl_clock.c:686:10:CLOCK_GetPll0OutFreq	4	static
../drivers/fsl_clock.c:695:10:CLOCK_GetPll1OutFreq	4	static
../drivers/fsl_clock.c:704:10:CLOCK_GetOsc32KFreq	4	static
../drivers/fsl_clock.c:719:10:CLOCK_GetCoreSysClkFreq	16	static
../drivers/fsl_clock.c:770:10:CLOCK_GetI2SMClkFreq	4	static
../drivers/fsl_clock.c:779:10:CLOCK_GetPLUClkInFreq	4	static
../drivers/fsl_clock.c:789:10:CLOCK_GetFlexCommInputClock	24	static
../drivers/fsl_clock.c:829:10:CLOCK_GetFlexCommClkFreq	24	static
../drivers/fsl_clock.c:839:10:CLOCK_GetHsLspiClkFreq	16	static
../drivers/fsl_clock.c:879:10:CLOCK_GetCTimerClkFreq	24	static
../drivers/fsl_clock.c:919:10:CLOCK_GetSystickClkFreq	24	static
../drivers/fsl_clock.c:956:10:CLOCK_SetFlexCommClock	56	static
../drivers/fsl_clock.c:978:10:CLOCK_GetFreq	24	static
../drivers/fsl_clock.c:1024:13:pllFindSel	32	static
../drivers/fsl_clock.c:1068:17:findPll0PreDiv	16	static
../drivers/fsl_clock.c:1085:17:findPll1PreDiv	16	static
../drivers/fsl_clock.c:1102:17:findPll0PostDiv	16	static
../drivers/fsl_clock.c:1125:17:findPll1PostDiv	16	static
../drivers/fsl_clock.c:1149:14:findPll0MMult	24	static
../drivers/fsl_clock.c:1176:17:findPll1MMult	16	static
../drivers/fsl_clock.c:1191:17:FindGreatestCommonDivisor	24	static
../drivers/fsl_clock.c:1211:20:CLOCK_GetPll0ConfigInternal	128	static
../drivers/fsl_clock.c:1381:20:CLOCK_GetPll0Config	32	static
../drivers/fsl_clock.c:1429:13:CLOCK_GetPLL0OutFromSetupUpdate	16	static
../drivers/fsl_clock.c:1435:13:CLOCK_GetPLL1OutFromSetupUpdate	16	static
../drivers/fsl_clock.c:1444:10:CLOCK_GetPLL0InClockRate	16	static
../drivers/fsl_clock.c:1475:10:CLOCK_GetPLL1InClockRate	16	static
../drivers/fsl_clock.c:1510:10:CLOCK_GetPLL0OutFromSetup	40	static
../drivers/fsl_clock.c:1541:10:CLOCK_GetPLL1OutFromSetup	32	static
../drivers/fsl_clock.c:1571:6:CLOCK_SetStoredPLL0ClockRate	16	static
../drivers/fsl_clock.c:1584:10:CLOCK_GetPLL0OutClockRate	56	static
../drivers/fsl_clock.c:1612:10:CLOCK_GetPLL1OutClockRate	56	static
../drivers/fsl_clock.c:1639:13:CLOCK_SetupPLL0Data	24	static
../drivers/fsl_clock.c:1682:13:CLOCK_SetupPLL0Prec	32	static
../drivers/fsl_clock.c:1759:13:CLOCK_SetPLL0Freq	32	static
../drivers/fsl_clock.c:1827:13:CLOCK_SetPLL1Freq	32	static
../drivers/fsl_clock.c:1883:6:CLOCK_SetupPLL0Mult	48	static
../drivers/fsl_clock.c:1947:6:CLOCK_EnableUsbfs0DeviceClock	56	static
../drivers/fsl_clock.c:2010:6:CLOCK_EnableUsbfs0HostClock	56	static
../drivers/fsl_clock.c:2069:6:CLOCK_EnableUsbhs0PhyPllClock	32	static
../drivers/fsl_clock.c:2146:6:CLOCK_EnableUsbhs0DeviceClock	16	static
../drivers/fsl_clock.c:2158:6:CLOCK_EnableUsbhs0HostClock	16	static
../drivers/fsl_clock.c:2173:6:CLOCK_EnableOstimer32kClock	4	static
