C:\Users\Alex\Documents\MCUXpressoIDE_11.5.0_7232\workspace\OvalMate\Ovalmate_dev\CMSIS/core_cm33.h:2127:22:__NVIC_EnableIRQ	16	static
C:\Users\Alex\Documents\MCUXpressoIDE_11.5.0_7232\workspace\OvalMate\Ovalmate_dev\CMSIS/core_cm33.h:2324:22:__NVIC_SetPriority	16	static
C:\Users\Alex\Documents\MCUXpressoIDE_11.5.0_7232\workspace\OvalMate\Ovalmate_dev\drivers/fsl_clock.h:987:20:CLOCK_EnableClock	24	static
C:\Users\Alex\Documents\MCUXpressoIDE_11.5.0_7232\workspace\OvalMate\Ovalmate_dev\drivers/fsl_clock.h:997:20:CLOCK_DisableClock	24	static
C:\Users\Alex\Documents\MCUXpressoIDE_11.5.0_7232\workspace\OvalMate\Ovalmate_dev\drivers/fsl_common_arm.h:499:24:EnableIRQ	24	static
C:\Users\Alex\Documents\MCUXpressoIDE_11.5.0_7232\workspace\OvalMate\Ovalmate_dev\drivers/fsl_power.h:385:20:POWER_DisablePD	16	static
../source/generated/usb_device_composite.c:185:26:USB0_GetClockSource	16	static
../source/generated/usb_device_composite.c:372:6:USB0_IRQHandler	8	static
../source/generated/usb_device_composite.c:386:13:USB_DeviceClockInit	16	static
../source/generated/usb_device_composite.c:501:6:USB_DeviceIsrEnable	16	static
../source/generated/usb_device_composite.c:561:21:USB_DeviceCallback	40	static
../source/generated/usb_device_composite.c:804:14:USB_UpdateInterfaceSetting	24	static
../source/generated/usb_device_composite.c:836:14:USB_DeviceApplicationInit	16	static
../source/generated/usb_device_composite.c:992:6:USB_DeviceTasks	8	static
