C:\Users\awiss\Documents\MCUXpressoIDE_11.4.1_6260\workspace\OvalMate\LPC55S16_Project_main_dev\drivers/fsl_gpio.h:153:20:GPIO_PinWrite	24	static
C:\Users\awiss\Documents\MCUXpressoIDE_11.4.1_6260\workspace\OvalMate\LPC55S16_Project_main_dev\drivers/fsl_lpadc.h:785:20:LPADC_DoSoftwareTrigger	16	static
C:\Users\awiss\Documents\MCUXpressoIDE_11.4.1_6260\workspace\OvalMate\LPC55S16_Project_main_dev\drivers/fsl_sctimer.h:503:20:SCTIMER_StartTimer	16	static
C:\Users\awiss\Documents\MCUXpressoIDE_11.4.1_6260\workspace\OvalMate\LPC55S16_Project_main_dev\drivers/fsl_ctimer.h:283:20:CTIMER_UpdatePwmPulsePeriod	24	static
C:\Users\awiss\Documents\MCUXpressoIDE_11.4.1_6260\workspace\OvalMate\LPC55S16_Project_main_dev\drivers/fsl_ctimer.h:497:20:CTIMER_StartTimer	16	static
C:\Users\awiss\Documents\MCUXpressoIDE_11.4.1_6260\workspace\OvalMate\LPC55S16_Project_main_dev\drivers/fsl_ctimer.h:507:20:CTIMER_StopTimer	16	static
../source/LPC55S16_Project_main_dev.c:187:6:delay	16	static
../source/LPC55S16_Project_main_dev.c:255:5:main	24	static
../source/LPC55S16_Project_main_dev.c:308:6:buttonEmergencyCallback	16	static
../source/LPC55S16_Project_main_dev.c:316:6:bumpRightCallback	16	static
../source/LPC55S16_Project_main_dev.c:324:6:bumpLeftCallback	16	static
../source/LPC55S16_Project_main_dev.c:332:6:bumpUpCallback	16	static
../source/LPC55S16_Project_main_dev.c:340:6:bumpDownCallback	16	static
../source/LPC55S16_Project_main_dev.c:345:6:set7Seg	24	static
../source/LPC55S16_Project_main_dev.c:355:6:initialize7SegLegs	8	static
../source/LPC55S16_Project_main_dev.c:376:6:assignPinsToInterrupts	8	static
../source/LPC55S16_Project_main_dev.c:421:5:getADCValue	8	static
../source/LPC55S16_Project_main_dev.c:452:6:startServoPWM	8	static
../source/LPC55S16_Project_main_dev.c:456:6:stopServoPWM	8	static
../source/LPC55S16_Project_main_dev.c:460:6:setupServoPWM	16	static
../source/LPC55S16_Project_main_dev.c:472:6:updateServoPWMDutyCycle	16	static
../source/LPC55S16_Project_main_dev.c:477:6:initializeServoPWM	8	static
../source/LPC55S16_Project_main_dev.c:493:10:CTIMER_getPWMPeriodValue	24	static
../source/LPC55S16_Project_main_dev.c:502:10:CTIMER_updatePWMPulsePeriodValue	16	static
../source/LPC55S16_Project_main_dev.c:510:6:startStepperPWM	8	static
../source/LPC55S16_Project_main_dev.c:515:10:setupStepperPWM	24	static
../source/LPC55S16_Project_main_dev.c:540:6:initializeStepperPWM	8	static
../source/LPC55S16_Project_main_dev.c:553:6:initializeADC	8	static
