C:\Users\Alex\Documents\MCUXpressoIDE_11.5.0_7232\workspace\OvalMate\Ovalmate_dev\drivers/fsl_ctimer.h:283:20:CTIMER_UpdatePwmPulsePeriod	24	static
C:\Users\Alex\Documents\MCUXpressoIDE_11.5.0_7232\workspace\OvalMate\Ovalmate_dev\drivers/fsl_ctimer.h:497:20:CTIMER_StartTimer	16	static
C:\Users\Alex\Documents\MCUXpressoIDE_11.5.0_7232\workspace\OvalMate\Ovalmate_dev\drivers/fsl_ctimer.h:507:20:CTIMER_StopTimer	16	static
../source/modules/servo/servo.c:26:6:SERVO_initializePWM	8	static
../source/modules/servo/servo.c:42:6:SERVO_setupPWM	16	static
../source/modules/servo/servo.c:54:6:SERVO_updatePWMDutyCycle	16	static
../source/modules/servo/servo.c:59:6:SERVO_startPWM	8	static
../source/modules/servo/servo.c:63:6:SERVO_stopPWM	8	static
../source/modules/servo/servo.c:67:10:SERVO_getPWMPeriodValue	24	static
../source/modules/servo/servo.c:76:10:SERVO_updatePWMPulsePeriodValue	16	static
