C:\Users\Alex\Documents\MCUXpressoIDE_11.5.0_7232\workspace\OvalMate\Ovalmate_dev\drivers/fsl_ctimer.h:283:20:CTIMER_UpdatePwmPulsePeriod	24	static
C:\Users\Alex\Documents\MCUXpressoIDE_11.5.0_7232\workspace\OvalMate\Ovalmate_dev\drivers/fsl_ctimer.h:497:20:CTIMER_StartTimer	16	static
C:\Users\Alex\Documents\MCUXpressoIDE_11.5.0_7232\workspace\OvalMate\Ovalmate_dev\drivers/fsl_ctimer.h:507:20:CTIMER_StopTimer	16	static
../source/modules/servo/servo.c:26:6:initializeServoPWM	8	static
../source/modules/servo/servo.c:42:6:setupServoPWM	16	static
../source/modules/servo/servo.c:54:6:updateServoPWMDutyCycle	16	static
../source/modules/servo/servo.c:59:6:startServoPWM	8	static
../source/modules/servo/servo.c:63:6:stopServoPWM	8	static
../source/modules/servo/servo.c:67:10:CTIMER_getPWMPeriodValue	24	static
../source/modules/servo/servo.c:76:10:CTIMER_updatePWMPulsePeriodValue	16	static
