C:\Users\awiss\Documents\MCUXpressoIDE_11.5.0_7232\workspace\LCP55S16-evk\Ovalmate_dev\drivers/fsl_ctimer.h:283:20:CTIMER_UpdatePwmPulsePeriod	24	static
C:\Users\awiss\Documents\MCUXpressoIDE_11.5.0_7232\workspace\LCP55S16-evk\Ovalmate_dev\drivers/fsl_ctimer.h:497:20:CTIMER_StartTimer	16	static
C:\Users\awiss\Documents\MCUXpressoIDE_11.5.0_7232\workspace\LCP55S16-evk\Ovalmate_dev\drivers/fsl_ctimer.h:507:20:CTIMER_StopTimer	16	static
../source/modules/servo/servo.c:38:6:SERVO_initializePWM	8	static
../source/modules/servo/servo.c:55:6:SERVO_setupPWM	16	static
../source/modules/servo/servo.c:67:6:SERVO_updatePWMDutyCycle	16	static
../source/modules/servo/servo.c:79:6:SERVO_startPWM	8	static
../source/modules/servo/servo.c:90:6:SERVO_stopPWM	8	static
../source/modules/servo/servo.c:103:10:SERVO_getPWMPeriodValue	24	static
../source/modules/servo/servo.c:118:10:SERVO_updatePWMPulsePeriodValue	16	static
