C:\Users\awiss\Documents\MCUXpressoIDE_11.5.0_7232\workspace\LCP55S16-evk\Ovalmate_dev\drivers/fsl_ctimer.h:283:20:CTIMER_UpdatePwmPulsePeriod	24	static
C:\Users\awiss\Documents\MCUXpressoIDE_11.5.0_7232\workspace\LCP55S16-evk\Ovalmate_dev\drivers/fsl_ctimer.h:497:20:CTIMER_StartTimer	16	static
C:\Users\awiss\Documents\MCUXpressoIDE_11.5.0_7232\workspace\LCP55S16-evk\Ovalmate_dev\drivers/fsl_ctimer.h:507:20:CTIMER_StopTimer	16	static
../source/modules/servo/servo.c:24:6:initializeServoPWM	8	static
../source/modules/servo/servo.c:40:6:setupServoPWM	16	static
../source/modules/servo/servo.c:52:6:updateServoPWMDutyCycle	16	static
../source/modules/servo/servo.c:57:6:startServoPWM	8	static
../source/modules/servo/servo.c:61:6:stopServoPWM	8	static
../source/modules/servo/servo.c:65:10:CTIMER_getPWMPeriodValue	24	static
../source/modules/servo/servo.c:74:10:CTIMER_updatePWMPulsePeriodValue	16	static
