C:\Users\awiss\Documents\MCUXpressoIDE_11.5.0_7232\workspace\LCP55S16-evk\Ovalmate_dev\drivers/fsl_ctimer.h:283:20:CTIMER_UpdatePwmPulsePeriod	24	static
C:\Users\awiss\Documents\MCUXpressoIDE_11.5.0_7232\workspace\LCP55S16-evk\Ovalmate_dev\drivers/fsl_ctimer.h:497:20:CTIMER_StartTimer	16	static
C:\Users\awiss\Documents\MCUXpressoIDE_11.5.0_7232\workspace\LCP55S16-evk\Ovalmate_dev\drivers/fsl_ctimer.h:507:20:CTIMER_StopTimer	16	static
C:\Users\awiss\Documents\MCUXpressoIDE_11.5.0_7232\workspace\LCP55S16-evk\Ovalmate_dev\drivers/fsl_gpio.h:153:20:GPIO_PinWrite	24	static
../source/modules/servo/servo.c:29:6:SERVO_initializePins	16	static
../source/modules/servo/servo.c:38:6:SERVO_initializePWM	8	static
../source/modules/servo/servo.c:54:6:SERVO_setupPWM	16	static
../source/modules/servo/servo.c:71:6:SERVO_updatePWMDutyCycle	16	static
../source/modules/servo/servo.c:76:6:SERVO_startPWM	8	static
../source/modules/servo/servo.c:80:6:SERVO_stopPWM	8	static
../source/modules/servo/servo.c:84:6:SERVO_pulseCallback	16	static
../source/modules/servo/servo.c:90:10:SERVO_getPWMPeriodValue	24	static
../source/modules/servo/servo.c:99:10:SERVO_updatePWMPulsePeriodValue	16	static
