../drivers/fsl_clock.h:987:20:CLOCK_EnableClock	24	static
../drivers/fsl_power.c:335:13:lf_set_dcdc_power_profile_low	16	static
../drivers/fsl_power.c:355:13:POWER_EnterLowPower	16	static
../drivers/fsl_power.c:392:6:POWER_CycleCpuAndFlash	8	static
../drivers/fsl_power.c:401:6:POWER_EnterDeepSleep	120	static
../drivers/fsl_power.c:493:6:POWER_EnterPowerDown	216	static
../drivers/fsl_power.c:673:6:POWER_EnterDeepPowerDown	128	static
../drivers/fsl_power.c:770:6:POWER_EnterSleep	24	static
../drivers/fsl_power.c:788:13:lf_get_deepsleep_core_supply_cfg	16	static
../drivers/fsl_power.c:806:17:lf_set_ldo_ao_ldo_mem_voltage	32	static
../drivers/fsl_power.c:903:17:lf_wakeup_io_ctrl	32	static
../drivers/fsl_power.c:1158:16:CLOCK_u8OscCapConvert	16	static
../drivers/fsl_power.c:1191:13:lowpower_set_system_voltage	32	static
../drivers/fsl_power.c:1280:13:lowpower_set_dcdc_power_profile	32	static
../drivers/fsl_power.c:1376:37:lowpower_get_part_process_corner	24	static
../drivers/fsl_power.c:1468:13:lowpower_set_voltage_for_process	24	static
../drivers/fsl_power.c:1551:6:POWER_SetVoltageForFreq	16	static
../drivers/fsl_power.c:1576:6:POWER_Xtal16mhzCapabankTrim	72	static
../drivers/fsl_power.c:1641:6:POWER_Xtal32khzCapabankTrim	72	static
../drivers/fsl_power.c:1698:6:POWER_SetXtal16mhzLdo	24	static
../drivers/fsl_power.c:1739:6:POWER_SetBodVbatLevel	24	static
../drivers/fsl_power.c:1813:6:POWER_GetWakeUpCause	32	static
