C:\Users\awiss\Documents\MCUXpressoIDE_11.4.1_6260\workspace\OvalMate\LPC55S16_Project_main_dev\LPC55S16\drivers/fsl_power.h:375:20:POWER_DisablePD	16	static
../board/clock_config.c:46:6:BOARD_InitBootClocks	8	static
../board/clock_config.c:70:6:BOARD_BootClockFRO12M	8	static
../board/clock_config.c:117:6:BOARD_BootClockFROHF96M	8	static
../board/clock_config.c:171:6:BOARD_BootClockPLL100M	40	static
../board/clock_config.c:271:6:BOARD_BootClockPLL150M	40	static
../board/clock_config.c:359:6:BOARD_BootClockPLL1_150M	40	static
