C:\Users\awiss\Documents\MCUXpressoIDE_11.4.1_6260\workspace\OvalMate\LPC55S16_Project_main_dev\drivers/fsl_clock.h:987:20:CLOCK_EnableClock	24	static
C:\Users\awiss\Documents\MCUXpressoIDE_11.4.1_6260\workspace\OvalMate\LPC55S16_Project_main_dev\drivers/fsl_iocon.h:182:22:IOCON_PinMuxSet	24	static
../board/pin_mux.c:86:6:BOARD_InitBootPins	8	static
../board/pin_mux.c:154:6:BOARD_InitDEBUG_UARTPins	24	static
../board/pin_mux.c:718:6:BOARD_InitSWD_DEBUGPins	24	static
../board/pin_mux.c:799:6:BOARD_InitUSBPins	16	static
../board/pin_mux.c:843:6:BOARD_InitLEDsPins	32	static
../board/pin_mux.c:942:6:BOARD_InitBUTTONsPins	32	static
../board/pin_mux.c:1055:6:BOARD_InitI2SPins	48	static
../board/pin_mux.c:1222:6:BOARD_InitACCELPins	24	static
../board/pin_mux.c:1294:6:BOARD_InitCANPins	16	static
