C:\Users\awiss\Documents\MCUXpressoIDE_11.4.1_6260\workspace\OvalMate\LPC55S16_Project_main_dev\drivers/fsl_common_arm.h:568:24:DisableGlobalIRQ	16	static
C:\Users\awiss\Documents\MCUXpressoIDE_11.4.1_6260\workspace\OvalMate\LPC55S16_Project_main_dev\drivers/fsl_common_arm.h:595:20:EnableGlobalIRQ	24	static
../component/serial_manager/fsl_component_serial_port_uart.c:102:32:Serial_UartEnableReceiving	16	static
../component/serial_manager/fsl_component_serial_port_uart.c:129:13:Serial_UartCallback	40	static
../component/serial_manager/fsl_component_serial_port_uart.c:185:25:Serial_UartInit	32	static
../component/serial_manager/fsl_component_serial_port_uart.c:235:25:Serial_UartDeinit	24	static
../component/serial_manager/fsl_component_serial_port_uart.c:262:25:Serial_UartWrite	32	static
../component/serial_manager/fsl_component_serial_port_uart.c:306:25:Serial_UartWriteBlocking	32	static
../component/serial_manager/fsl_component_serial_port_uart.c:320:25:Serial_UartRead	24	static
../component/serial_manager/fsl_component_serial_port_uart.c:361:25:Serial_UartCancelWrite	40	static
../component/serial_manager/fsl_component_serial_port_uart.c:394:25:Serial_UartInstallTxCallback	32	static
../component/serial_manager/fsl_component_serial_port_uart.c:410:25:Serial_UartInstallRxCallback	32	static
../component/serial_manager/fsl_component_serial_port_uart.c:426:6:Serial_UartIsrFunction	24	static
../component/serial_manager/fsl_component_serial_port_uart.c:438:25:Serial_UartEnterLowpower	24	static
../component/serial_manager/fsl_component_serial_port_uart.c:454:25:Serial_UartExitLowpower	32	static
