C:\Users\awiss\Documents\MCUXpressoIDE_11.4.1_6260\workspace\OvalMate\LPC55S16_Project_main_dev\drivers/fsl_common_arm.h:568:24:DisableGlobalIRQ	16	static
C:\Users\awiss\Documents\MCUXpressoIDE_11.4.1_6260\workspace\OvalMate\LPC55S16_Project_main_dev\drivers/fsl_common_arm.h:595:20:EnableGlobalIRQ	24	static
../component/serial_manager/fsl_component_serial_manager.c:240:13:SerialManager_AddTail	16	static
../component/serial_manager/fsl_component_serial_manager.c:245:13:SerialManager_RemoveHead	16	static
../component/serial_manager/fsl_component_serial_manager.c:253:32:SerialManager_StartWriting	24	static
../component/serial_manager/fsl_component_serial_manager.c:321:32:SerialManager_StartReading	32	static
../component/serial_manager/fsl_component_serial_manager.c:487:13:SerialManager_IsrFunction	24	static
../component/serial_manager/fsl_component_serial_manager.c:519:13:SerialManager_Task	40	static
../component/serial_manager/fsl_component_serial_manager.c:679:13:SerialManager_TxCallback	32	static
../component/serial_manager/fsl_component_serial_manager.c:750:6:SerialManager_RxCallback	56	static
../component/serial_manager/fsl_component_serial_manager.c:933:18:SerialManager_WriteTimeDelay	16	static
../component/serial_manager/fsl_component_serial_manager.c:941:18:SerialManager_ReadTimeDelay	16	static
../component/serial_manager/fsl_component_serial_manager.c:948:32:SerialManager_Write	48	static
../component/serial_manager/fsl_component_serial_manager.c:1048:32:SerialManager_Read	48	static
../component/serial_manager/fsl_component_serial_manager.c:1203:25:SerialManager_Init	24	static
../component/serial_manager/fsl_component_serial_manager.c:1396:25:SerialManager_Deinit	32	static
../component/serial_manager/fsl_component_serial_manager.c:1474:25:SerialManager_OpenWriteHandle	32	static
../component/serial_manager/fsl_component_serial_manager.c:1511:25:SerialManager_CloseWriteHandle	32	static
../component/serial_manager/fsl_component_serial_manager.c:1542:25:SerialManager_OpenReadHandle	32	static
../component/serial_manager/fsl_component_serial_manager.c:1582:25:SerialManager_CloseReadHandle	32	static
../component/serial_manager/fsl_component_serial_manager.c:1611:25:SerialManager_WriteBlocking	24	static
../component/serial_manager/fsl_component_serial_manager.c:1620:25:SerialManager_ReadBlocking	32	static
../component/serial_manager/fsl_component_serial_manager.c:1630:25:SerialManager_WriteNonBlocking	24	static
../component/serial_manager/fsl_component_serial_manager.c:1637:25:SerialManager_ReadNonBlocking	32	static
../component/serial_manager/fsl_component_serial_manager.c:1652:25:SerialManager_CancelWriting	32	static
../component/serial_manager/fsl_component_serial_manager.c:1779:25:SerialManager_CancelReading	40	static
../component/serial_manager/fsl_component_serial_manager.c:1816:25:SerialManager_TryRead	32	static
../component/serial_manager/fsl_component_serial_manager.c:1826:25:SerialManager_InstallTxCallback	32	static
../component/serial_manager/fsl_component_serial_manager.c:1844:25:SerialManager_InstallRxCallback	32	static
../component/serial_manager/fsl_component_serial_manager.c:1863:25:SerialManager_EnterLowpower	24	static
../component/serial_manager/fsl_component_serial_manager.c:1910:25:SerialManager_ExitLowpower	24	static
