C:\Users\awiss\Documents\MCUXpressoIDE_11.4.1_6260\workspace\OvalMate\LPC55S16_Project_main_dev\drivers/fsl_common_arm.h:568:24:DisableGlobalIRQ	16	static
C:\Users\awiss\Documents\MCUXpressoIDE_11.4.1_6260\workspace\OvalMate\LPC55S16_Project_main_dev\drivers/fsl_common_arm.h:595:20:EnableGlobalIRQ	24	static
../component/mem_manager/fsl_component_mem_manager_light.c:288:13:MEM_BufferFreeBlocksCleanUp	24	static
../component/mem_manager/fsl_component_mem_manager_light.c:378:14:MEM_Init	16	static
../component/mem_manager/fsl_component_mem_manager_light.c:418:14:MEM_BufferAllocate	56	static
../component/mem_manager/fsl_component_mem_manager_light.c:626:7:MEM_BufferAllocWithId	24	static
../component/mem_manager/fsl_component_mem_manager_light.c:649:14:MEM_BufferFree	40	static
../component/mem_manager/fsl_component_mem_manager_light.c:726:14:MEM_BufferFreeAllWithId	24	static
../component/mem_manager/fsl_component_mem_manager_light.c:739:10:MEM_GetHeapUpperLimit	4	static
../component/mem_manager/fsl_component_mem_manager_light.c:746:10:MEM_BufferGetSize	32	static
../component/mem_manager/fsl_component_mem_manager_light.c:769:7:MEM_BufferRealloc	24	static
../component/mem_manager/fsl_component_mem_manager_light.c:826:7:MEM_CallocAlt	24	static
