C:\Users\Alex\Documents\MCUXpressoIDE_11.5.0_7232\workspace\OvalMate\Ovalmate_dev\drivers/fsl_sctimer.h:415:20:SCTIMER_EnableInterrupts	16	static
C:\Users\Alex\Documents\MCUXpressoIDE_11.5.0_7232\workspace\OvalMate\Ovalmate_dev\drivers/fsl_sctimer.h:503:20:SCTIMER_StartTimer	16	static
C:\Users\Alex\Documents\MCUXpressoIDE_11.5.0_7232\workspace\OvalMate\Ovalmate_dev\drivers/fsl_sctimer.h:545:20:SCTIMER_StopTimer	16	static
C:\Users\Alex\Documents\MCUXpressoIDE_11.5.0_7232\workspace\OvalMate\Ovalmate_dev\drivers/fsl_sctimer.h:871:20:SCTIMER_SetupEventActiveDirection	32	static
C:\Users\Alex\Documents\MCUXpressoIDE_11.5.0_7232\workspace\OvalMate\Ovalmate_dev\drivers/fsl_sctimer.h:937:20:SCTIMER_SetupCounterLimitAction	24	static
C:\Users\Alex\Documents\MCUXpressoIDE_11.5.0_7232\workspace\OvalMate\Ovalmate_dev\drivers/fsl_sctimer.h:1214:20:SCTIMER_ClearEventInState	24	static
../source/modules/steppers/sctimerStepperX.c:50:10:STEPPERX_Calculate32BitCounterConfig	40	static
../source/modules/steppers/sctimerStepperX.c:71:10:STEPPERX_initializeStepperPWM	32	static
../source/modules/steppers/sctimerStepperX.c:105:10:STEPPERX_setupStepperPWM	16	static
../source/modules/steppers/sctimerStepperX.c:174:6:STEPPERX_startStepperPWM	8	static
../source/modules/steppers/sctimerStepperX.c:180:6:STEPPERX_stopStepperPWM	16	static
../source/modules/steppers/sctimerStepperX.c:187:6:STEPPERX_driveStepperPWM	24	static
../source/modules/steppers/sctimerStepperX.c:205:6:STEPPERX_blockUntilMotorJobComplete	4	static
../source/modules/steppers/sctimerStepperX.c:240:25:getMotorX	4	static
