C:\Users\Alex\Documents\MCUXpressoIDE_11.5.0_7232\workspace\OvalMate\Ovalmate_dev\drivers/fsl_gpio.h:153:20:GPIO_PinWrite	24	static
C:\Users\Alex\Documents\MCUXpressoIDE_11.5.0_7232\workspace\OvalMate\Ovalmate_dev\drivers/fsl_gpio.h:172:24:GPIO_PinRead	24	static
C:\Users\Alex\Documents\MCUXpressoIDE_11.5.0_7232\workspace\OvalMate\Ovalmate_dev\drivers/fsl_ctimer.h:497:20:CTIMER_StartTimer	16	static
C:\Users\Alex\Documents\MCUXpressoIDE_11.5.0_7232\workspace\OvalMate\Ovalmate_dev\drivers/fsl_ctimer.h:507:20:CTIMER_StopTimer	16	static
../source/modules/steppers/steppers.c:109:6:STEPPERS_initializePins	24	static
../source/modules/steppers/steppers.c:169:6:STEPPERS_initializeMotors	16	static
../source/modules/steppers/steppers.c:179:10:STEPPERS_setupMotor	16	static
../source/modules/steppers/steppers.c:197:6:STEPPERS_driveSteps	16	static
../source/modules/steppers/steppers.c:202:10:STEPPERS_moveRelative	16	static
../source/modules/steppers/steppers.c:216:10:STEPPERS_moveTo	24	static
../source/modules/steppers/steppers.c:221:10:STEPPERS_setMotorStepsPerPhase	16	static
../source/modules/steppers/steppers.c:248:6:STEPPERS_startMotor	16	static
../source/modules/steppers/steppers.c:256:6:STEPPERS_stopMotor	16	static
../source/modules/steppers/steppers.c:265:6:STEPPERS_setHome	16	static
../source/modules/steppers/steppers.c:269:6:STEPPERS_XTimerCallback	16	static
../source/modules/steppers/steppers.c:277:6:STEPPERS_YTimerCallback	16	static
../source/modules/steppers/steppers.c:289:6:STEPPERS_generalTimerCallback	16	static
../source/modules/steppers/steppers.c:357:6:STEPPERS_XFault	16	static
../source/modules/steppers/steppers.c:362:6:STEPPERS_YFault	16	static
../source/modules/steppers/steppers.c:367:6:STEPPERS_writeOutputPin	16	static
../source/modules/steppers/steppers.c:370:6:STEPPERS_readInputPin	16	static
../source/modules/steppers/steppers.c:373:6:STEPPERS_writeDirectionPin	16	static
../source/modules/steppers/steppers.c:376:6:STEPPERS_writeEnablePin	16	static
../source/modules/steppers/steppers.c:379:6:STEPPERS_writeResetPin	16	static
../source/modules/steppers/steppers.c:382:6:STEPPERS_writeSleepPin	16	static
../source/modules/steppers/steppers.c:385:6:STEPPERS_readHomePin	16	static
