C:\Users\awiss\Documents\MCUXpressoIDE_11.5.0_7232\workspace\LCP55S16-evk\Ovalmate_dev\drivers/fsl_gpio.h:153:20:GPIO_PinWrite	24	static
C:\Users\awiss\Documents\MCUXpressoIDE_11.5.0_7232\workspace\LCP55S16-evk\Ovalmate_dev\drivers/fsl_gpio.h:172:24:GPIO_PinRead	24	static
C:\Users\awiss\Documents\MCUXpressoIDE_11.5.0_7232\workspace\LCP55S16-evk\Ovalmate_dev\drivers/fsl_ctimer.h:497:20:CTIMER_StartTimer	16	static
C:\Users\awiss\Documents\MCUXpressoIDE_11.5.0_7232\workspace\LCP55S16-evk\Ovalmate_dev\drivers/fsl_ctimer.h:507:20:CTIMER_StopTimer	16	static
../source/modules/steppers/steppers.c:145:6:STEPPERS_initializePins	24	static
../source/modules/steppers/steppers.c:208:6:STEPPERS_initializeMotors	16	static
../source/modules/steppers/steppers.c:227:10:STEPPERS_setupMotor	24	static
../source/modules/steppers/steppers.c:253:6:STEPPERS_driveSteps	24	static
../source/modules/steppers/steppers.c:267:10:STEPPERS_moveRelative	24	static
../source/modules/steppers/steppers.c:292:10:STEPPERS_moveTo	32	static
../source/modules/steppers/steppers.c:306:10:STEPPERS_moveBothRelative	24	static
../source/modules/steppers/steppers.c:345:10:STEPPERS_moveBothTo	32	static
../source/modules/steppers/steppers.c:359:10:STEPPERS_setMotorStepsPerPhase	24	static
../source/modules/steppers/steppers.c:392:6:STEPPERS_startMotor	16	static
../source/modules/steppers/steppers.c:407:6:STEPPERS_stopMotor	16	static
../source/modules/steppers/steppers.c:422:6:STEPPERS_setHome	16	static
../source/modules/steppers/steppers.c:433:6:STEPPERS_XTimerCallback	16	static
../source/modules/steppers/steppers.c:449:6:STEPPERS_YTimerCallback	16	static
../source/modules/steppers/steppers.c:471:6:STEPPERS_generalTimerCallback	16	static
../source/modules/steppers/steppers.c:538:6:STEPPERS_XFault	16	static
../source/modules/steppers/steppers.c:551:6:STEPPERS_YFault	16	static
../source/modules/steppers/steppers.c:563:6:STEPPERS_sleepMotor	24	static
../source/modules/steppers/steppers.c:579:6:STEPPERS_wakeMotor	16	static
../source/modules/steppers/steppers.c:599:6:STEPPERS_writeOutputPin	16	static
../source/modules/steppers/steppers.c:611:6:STEPPERS_readInputPin	16	static
../source/modules/steppers/steppers.c:622:6:STEPPERS_writeDirectionPin	16	static
../source/modules/steppers/steppers.c:638:6:STEPPERS_writeEnablePin	16	static
../source/modules/steppers/steppers.c:649:6:STEPPERS_writeResetPin	16	static
../source/modules/steppers/steppers.c:660:6:STEPPERS_writeSleepPin	16	static
../source/modules/steppers/steppers.c:670:6:STEPPERS_readHomePin	16	static
../source/modules/steppers/steppers.c:680:6:delay1ms	16	static
