C:\Users\awiss\Documents\MCUXpressoIDE_11.5.0_7232\workspace\LCP55S16-evk\Ovalmate_dev\drivers/fsl_gpio.h:153:20:GPIO_PinWrite	24	static
C:\Users\awiss\Documents\MCUXpressoIDE_11.5.0_7232\workspace\LCP55S16-evk\Ovalmate_dev\drivers/fsl_gpio.h:172:24:GPIO_PinRead	24	static
C:\Users\awiss\Documents\MCUXpressoIDE_11.5.0_7232\workspace\LCP55S16-evk\Ovalmate_dev\drivers/fsl_ctimer.h:497:20:CTIMER_StartTimer	16	static
C:\Users\awiss\Documents\MCUXpressoIDE_11.5.0_7232\workspace\LCP55S16-evk\Ovalmate_dev\drivers/fsl_ctimer.h:507:20:CTIMER_StopTimer	16	static
../source/modules/steppers/steppers.c:151:6:STEPPERS_initializePins	24	static
../source/modules/steppers/steppers.c:214:6:STEPPERS_initializeMotors	16	static
../source/modules/steppers/steppers.c:233:10:STEPPERS_setupMotor	32	static
../source/modules/steppers/steppers.c:261:10:STEPPERS_driveSteps	24	static
../source/modules/steppers/steppers.c:277:10:STEPPERS_moveRelative	32	static
../source/modules/steppers/steppers.c:302:10:STEPPERS_moveTo	32	static
../source/modules/steppers/steppers.c:316:10:STEPPERS_moveBothRelative	32	static
../source/modules/steppers/steppers.c:360:10:STEPPERS_moveBothTo	32	static
../source/modules/steppers/steppers.c:374:10:STEPPERS_setMotorStepsPerPhase	24	static
../source/modules/steppers/steppers.c:407:6:STEPPERS_startMotor	16	static
../source/modules/steppers/steppers.c:422:6:STEPPERS_stopMotor	16	static
../source/modules/steppers/steppers.c:437:6:STEPPERS_setHome	16	static
../source/modules/steppers/steppers.c:441:18:STEPPERS_switchMode	8	static
../source/modules/steppers/steppers.c:452:18:STEPPERS_getCurrentMode	4	static
../source/modules/steppers/steppers.c:455:18:STEPPERS_setCurrentMode	16	static
../source/modules/steppers/steppers.c:466:6:STEPPERS_XTimerCallback	16	static
../source/modules/steppers/steppers.c:482:6:STEPPERS_YTimerCallback	16	static
../source/modules/steppers/steppers.c:504:6:STEPPERS_generalTimerCallback	16	static
../source/modules/steppers/steppers.c:571:6:STEPPERS_XFault	16	static
../source/modules/steppers/steppers.c:587:6:STEPPERS_YFault	16	static
../source/modules/steppers/steppers.c:602:6:STEPPERS_sleepMotor	24	static
../source/modules/steppers/steppers.c:618:6:STEPPERS_wakeMotor	16	static
../source/modules/steppers/steppers.c:638:6:STEPPERS_writeOutputPin	16	static
../source/modules/steppers/steppers.c:650:6:STEPPERS_readInputPin	16	static
../source/modules/steppers/steppers.c:661:6:STEPPERS_writeDirectionPin	16	static
../source/modules/steppers/steppers.c:677:6:STEPPERS_writeEnablePin	16	static
../source/modules/steppers/steppers.c:688:6:STEPPERS_writeResetPin	16	static
../source/modules/steppers/steppers.c:699:6:STEPPERS_writeSleepPin	16	static
../source/modules/steppers/steppers.c:709:6:STEPPERS_readHomePin	16	static
../source/modules/steppers/steppers.c:713:6:debounceFault	24	static
