C:\Users\Alex\Documents\MCUXpressoIDE_11.5.0_7232\workspace\OvalMate\Ovalmate_dev\drivers/fsl_gpio.h:153:20:GPIO_PinWrite	24	static
C:\Users\Alex\Documents\MCUXpressoIDE_11.5.0_7232\workspace\OvalMate\Ovalmate_dev\drivers/fsl_gpio.h:172:24:GPIO_PinRead	24	static
C:\Users\Alex\Documents\MCUXpressoIDE_11.5.0_7232\workspace\OvalMate\Ovalmate_dev\drivers/fsl_ctimer.h:497:20:CTIMER_StartTimer	16	static
C:\Users\Alex\Documents\MCUXpressoIDE_11.5.0_7232\workspace\OvalMate\Ovalmate_dev\drivers/fsl_ctimer.h:507:20:CTIMER_StopTimer	16	static
../source/modules/steppers/steppers.c:103:6:initializeStepperPins	24	static
../source/modules/steppers/steppers.c:163:6:initializeStepperMotors	16	static
../source/modules/steppers/steppers.c:170:10:setupStepperMotor	16	static
../source/modules/steppers/steppers.c:188:6:driveStepperSteps	16	static
../source/modules/steppers/steppers.c:193:10:moveSteps	16	static
../source/modules/steppers/steppers.c:205:10:moveTo	24	static
../source/modules/steppers/steppers.c:210:10:setMotorStepsPerPhase	16	static
../source/modules/steppers/steppers.c:239:6:startMotor	16	static
../source/modules/steppers/steppers.c:247:6:stopMotor	16	static
../source/modules/steppers/steppers.c:256:6:setHome	16	static
../source/modules/steppers/steppers.c:260:6:stepperXTimerCallback	16	static
../source/modules/steppers/steppers.c:268:6:stepperYTimerCallback	16	static
../source/modules/steppers/steppers.c:280:6:stepperGeneralTimerCallback	16	static
../source/modules/steppers/steppers.c:349:6:stepperXFault	16	static
../source/modules/steppers/steppers.c:354:6:stepperYFault	16	static
../source/modules/steppers/steppers.c:359:6:STEPPERS_writeOutputPin	16	static
../source/modules/steppers/steppers.c:362:6:STEPPERS_readInputPin	16	static
