../usb/device/source/lpcip3511/usb_device_lpcip3511.c:232:23:USB_DeviceLpcIp3511MaxPacketNeedCopy	16	static
../usb/device/source/lpcip3511/usb_device_lpcip3511.c:254:17:USB_DeviceLpcIp3511MallocMaxPacketBuffer	32	static
../usb/device/source/lpcip3511/usb_device_lpcip3511.c:301:13:USB_DeviceLpcIp3511ReleaseMaxPacketBuffer	32	static
../usb/device/source/lpcip3511/usb_device_lpcip3511.c:327:54:USB_DeviceLpc3511IpGetEndpointStateStruct	16	static
../usb/device/source/lpcip3511/usb_device_lpcip3511.c:352:21:USB_DeviceLpc3511IpEndpointPrime	32	static
../usb/device/source/lpcip3511/usb_device_lpcip3511.c:435:13:USB_DeviceLpc3511IpSetDefaultState	24	static
../usb/device/source/lpcip3511/usb_device_lpcip3511.c:495:21:USB_DeviceLpc3511IpEndpointInit	40	static
../usb/device/source/lpcip3511/usb_device_lpcip3511.c:619:21:USB_DeviceLpc3511IpEndpointDeinit	24	static
../usb/device/source/lpcip3511/usb_device_lpcip3511.c:688:21:USB_DeviceLpc3511IpEndpointStall	32	static
../usb/device/source/lpcip3511/usb_device_lpcip3511.c:772:21:USB_DeviceLpc3511IpEndpointUnstall	24	static
../usb/device/source/lpcip3511/usb_device_lpcip3511.c:910:13:USB_DeviceLpc3511IpDoPreviousTransactionMemcpy	32	static
../usb/device/source/lpcip3511/usb_device_lpcip3511.c:969:17:USB_DeviceLpc3511IpTokenUpdate	32	static
../usb/device/source/lpcip3511/usb_device_lpcip3511.c:1033:13:USB_DeviceLpc3511IpInterruptToken	72	static
../usb/device/source/lpcip3511/usb_device_lpcip3511.c:1273:13:USB_DeviceLpc3511IpInterruptReset	32	static
../usb/device/source/lpcip3511/usb_device_lpcip3511.c:1390:14:USB_DeviceLpc3511IpInit	40	static
../usb/device/source/lpcip3511/usb_device_lpcip3511.c:1532:14:USB_DeviceLpc3511IpDeinit	32	static
../usb/device/source/lpcip3511/usb_device_lpcip3511.c:1574:21:USB_DeviceLpc3511IpGetActualBufferAndPrime	48	static
../usb/device/source/lpcip3511/usb_device_lpcip3511.c:1760:21:USB_DeviceLpc3511IpTransaction	32	static
../usb/device/source/lpcip3511/usb_device_lpcip3511.c:1873:14:USB_DeviceLpc3511IpSend	40	static
../usb/device/source/lpcip3511/usb_device_lpcip3511.c:1907:14:USB_DeviceLpc3511IpRecv	24	static
../usb/device/source/lpcip3511/usb_device_lpcip3511.c:1915:14:USB_DeviceLpc3511IpCancel	56	static
../usb/device/source/lpcip3511/usb_device_lpcip3511.c:2068:21:USB_DeviceLpc3511IpControlPreSetDeviceAddress	32	static
../usb/device/source/lpcip3511/usb_device_lpcip3511.c:2087:14:USB_DeviceLpc3511IpControl	48	static
../usb/device/source/lpcip3511/usb_device_lpcip3511.c:2374:6:USB_DeviceLpcIp3511IsrFunction	40	static
