C:\Users\awiss\Documents\MCUXpressoIDE_11.4.1_6260\workspace\OvalMate\LPC55S16_Project_main_dev\drivers/fsl_common_arm.h:568:24:DisableGlobalIRQ	16	static
C:\Users\awiss\Documents\MCUXpressoIDE_11.4.1_6260\workspace\OvalMate\LPC55S16_Project_main_dev\drivers/fsl_common_arm.h:595:20:EnableGlobalIRQ	24	static
../component/osa/fsl_os_abstraction_bm.c:150:18:main_task	16	static
../component/osa/fsl_os_abstraction_bm.c:181:7:OSA_MemoryAllocate	24	static
../component/osa/fsl_os_abstraction_bm.c:199:6:OSA_MemoryFree	16	static
../component/osa/fsl_os_abstraction_bm.c:204:6:OSA_EnterCritical	16	static
../component/osa/fsl_os_abstraction_bm.c:209:6:OSA_ExitCritical	16	static
../component/osa/fsl_os_abstraction_bm.c:220:6:OSA_EnableIRQGlobal	4	static
../component/osa/fsl_os_abstraction_bm.c:241:6:OSA_DisableIRQGlobal	4	static
../component/osa/fsl_os_abstraction_bm.c:459:18:OSA_TimeInit	4	static
../component/osa/fsl_os_abstraction_bm.c:476:22:OSA_TimeDiff	16	static
../component/osa/fsl_os_abstraction_bm.c:494:6:OSA_TimeDelay	16	static
../component/osa/fsl_os_abstraction_bm.c:513:22:OSA_TimeGetMsec	4	static
../component/osa/fsl_os_abstraction_bm.c:529:14:OSA_SemaphoreCreate	24	static
../component/osa/fsl_os_abstraction_bm.c:553:14:OSA_SemaphoreDestroy	24	static
../component/osa/fsl_os_abstraction_bm.c:576:14:OSA_SemaphoreWait	24	static
../component/osa/fsl_os_abstraction_bm.c:645:14:OSA_SemaphorePost	24	static
../component/osa/fsl_os_abstraction_bm.c:670:14:OSA_MutexCreate	24	static
../component/osa/fsl_os_abstraction_bm.c:699:14:OSA_MutexLock	24	static
../component/osa/fsl_os_abstraction_bm.c:765:14:OSA_MutexUnlock	24	static
../component/osa/fsl_os_abstraction_bm.c:783:14:OSA_MutexDestroy	24	static
../component/osa/fsl_os_abstraction_bm.c:800:14:OSA_EventCreate	24	static
../component/osa/fsl_os_abstraction_bm.c:823:14:OSA_EventSet	24	static
../component/osa/fsl_os_abstraction_bm.c:848:14:OSA_EventClear	24	static
../component/osa/fsl_os_abstraction_bm.c:878:14:OSA_EventGet	32	static
../component/osa/fsl_os_abstraction_bm.c:910:14:OSA_EventWait	40	static
../component/osa/fsl_os_abstraction_bm.c:994:14:OSA_EventDestroy	24	static
../component/osa/fsl_os_abstraction_bm.c:1013:14:OSA_MsgQCreate	32	static
../component/osa/fsl_os_abstraction_bm.c:1035:14:OSA_MsgQPut	40	static
../component/osa/fsl_os_abstraction_bm.c:1094:14:OSA_MsgQGet	48	static
../component/osa/fsl_os_abstraction_bm.c:1185:5:OSA_MsgQAvailableMsgs	24	static
../component/osa/fsl_os_abstraction_bm.c:1200:14:OSA_MsgQDestroy	24	static
../component/osa/fsl_os_abstraction_bm.c:1218:6:OSA_InterruptEnable	8	static
../component/osa/fsl_os_abstraction_bm.c:1228:6:OSA_InterruptDisable	8	static
../component/osa/fsl_os_abstraction_bm.c:1239:6:OSA_InstallIntHandler	16	static
