Archive member included to satisfy reference by file (symbol)

C:\Users\awiss\Documents\MCUXpressoIDE_11.4.1_6260\workspace\OvalMate\LPC55S16_Project_main_dev\LPC55S16\mcuxpresso\libpower_hardabi.a(fsl_power_lib.o)
                              ./drivers/fsl_clock.o (POWER_SetVoltageForFreq)
c:/nxp/mcuxpressoide_11.4.1_6260/ide/plugins/com.nxp.mcuxpresso.tools.win32_11.4.0.202103011116/tools/bin/../lib/gcc/arm-none-eabi/10.2.1/../../../../arm-none-eabi/lib/thumb/v8-m.main+fp/hard\libcr_semihost_nf.a(_cr__main.o)
                              ./startup/startup_lpc55s16.o (__main)
c:/nxp/mcuxpressoide_11.4.1_6260/ide/plugins/com.nxp.mcuxpresso.tools.win32_11.4.0.202103011116/tools/bin/../lib/gcc/arm-none-eabi/10.2.1/../../../../arm-none-eabi/lib/thumb/v8-m.main+fp/hard\libcr_semihost_nf.a(_cr_assert.o)
                              ./source/modules/steppers/steppers.o (__assertion_failed)
c:/nxp/mcuxpressoide_11.4.1_6260/ide/plugins/com.nxp.mcuxpresso.tools.win32_11.4.0.202103011116/tools/bin/../lib/gcc/arm-none-eabi/10.2.1/../../../../arm-none-eabi/lib/thumb/v8-m.main+fp/hard\libcr_semihost_nf.a(__ciob.o)
                              c:/nxp/mcuxpressoide_11.4.1_6260/ide/plugins/com.nxp.mcuxpresso.tools.win32_11.4.0.202103011116/tools/bin/../lib/gcc/arm-none-eabi/10.2.1/../../../../arm-none-eabi/lib/thumb/v8-m.main+fp/hard\libcr_semihost_nf.a(_cr_assert.o) (__Ciob)
c:/nxp/mcuxpressoide_11.4.1_6260/ide/plugins/com.nxp.mcuxpresso.tools.win32_11.4.0.202103011116/tools/bin/../lib/gcc/arm-none-eabi/10.2.1/../../../../arm-none-eabi/lib/thumb/v8-m.main+fp/hard\libcr_semihost_nf.a(__sys_appexit.o)
                              c:/nxp/mcuxpressoide_11.4.1_6260/ide/plugins/com.nxp.mcuxpresso.tools.win32_11.4.0.202103011116/tools/bin/../lib/gcc/arm-none-eabi/10.2.1/../../../../arm-none-eabi/lib/thumb/v8-m.main+fp/hard\libcr_semihost_nf.a(_cr_assert.o) (__sys_appexit)
c:/nxp/mcuxpressoide_11.4.1_6260/ide/plugins/com.nxp.mcuxpresso.tools.win32_11.4.0.202103011116/tools/bin/../lib/gcc/arm-none-eabi/10.2.1/../../../../arm-none-eabi/lib/thumb/v8-m.main+fp/hard\libcr_c.a(memcpy.o)
                              ./utilities/fsl_str.o (memcpy)
c:/nxp/mcuxpressoide_11.4.1_6260/ide/plugins/com.nxp.mcuxpresso.tools.win32_11.4.0.202103011116/tools/bin/../lib/gcc/arm-none-eabi/10.2.1/../../../../arm-none-eabi/lib/thumb/v8-m.main+fp/hard\libcr_c.a(memset.o)
                              ./drivers/fsl_clock.o (memset)
c:/nxp/mcuxpressoide_11.4.1_6260/ide/plugins/com.nxp.mcuxpresso.tools.win32_11.4.0.202103011116/tools/bin/../lib/gcc/arm-none-eabi/10.2.1/../../../../arm-none-eabi/lib/thumb/v8-m.main+fp/hard\libcr_c.a(_deferredlazyseek.o)
                              c:/nxp/mcuxpressoide_11.4.1_6260/ide/plugins/com.nxp.mcuxpresso.tools.win32_11.4.0.202103011116/tools/bin/../lib/gcc/arm-none-eabi/10.2.1/../../../../arm-none-eabi/lib/thumb/v8-m.main+fp/hard\libcr_semihost_nf.a(_cr_assert.o) (__flsbuf)
c:/nxp/mcuxpressoide_11.4.1_6260/ide/plugins/com.nxp.mcuxpresso.tools.win32_11.4.0.202103011116/tools/bin/../lib/gcc/arm-none-eabi/10.2.1/../../../../arm-none-eabi/lib/thumb/v8-m.main+fp/hard\libcr_c.a(_fflush.o)
                              c:/nxp/mcuxpressoide_11.4.1_6260/ide/plugins/com.nxp.mcuxpresso.tools.win32_11.4.0.202103011116/tools/bin/../lib/gcc/arm-none-eabi/10.2.1/../../../../arm-none-eabi/lib/thumb/v8-m.main+fp/hard\libcr_c.a(_deferredlazyseek.o) (_fflush)
c:/nxp/mcuxpressoide_11.4.1_6260/ide/plugins/com.nxp.mcuxpresso.tools.win32_11.4.0.202103011116/tools/bin/../lib/gcc/arm-none-eabi/10.2.1/../../../../arm-none-eabi/lib/thumb/v8-m.main+fp/hard\libcr_c.a(_writebuf.o)
                              c:/nxp/mcuxpressoide_11.4.1_6260/ide/plugins/com.nxp.mcuxpresso.tools.win32_11.4.0.202103011116/tools/bin/../lib/gcc/arm-none-eabi/10.2.1/../../../../arm-none-eabi/lib/thumb/v8-m.main+fp/hard\libcr_c.a(_deferredlazyseek.o) (_Cwritebuf)
c:/nxp/mcuxpressoide_11.4.1_6260/ide/plugins/com.nxp.mcuxpresso.tools.win32_11.4.0.202103011116/tools/bin/../lib/gcc/arm-none-eabi/10.2.1/../../../../arm-none-eabi/lib/thumb/v8-m.main+fp/hard\libcr_c.a(alloc.o)
                              ./drivers/fsl_common.o (malloc)
c:/nxp/mcuxpressoide_11.4.1_6260/ide/plugins/com.nxp.mcuxpresso.tools.win32_11.4.0.202103011116/tools/bin/../lib/gcc/arm-none-eabi/10.2.1/../../../../arm-none-eabi/lib/thumb/v8-m.main+fp/hard\libcr_c.a(errno.o)
                              ./utilities/fsl_str.o (errno)
c:/nxp/mcuxpressoide_11.4.1_6260/ide/plugins/com.nxp.mcuxpresso.tools.win32_11.4.0.202103011116/tools/bin/../lib/gcc/arm-none-eabi/10.2.1/../../../../arm-none-eabi/lib/thumb/v8-m.main+fp/hard\libcr_c.a(fputs.o)
                              c:/nxp/mcuxpressoide_11.4.1_6260/ide/plugins/com.nxp.mcuxpresso.tools.win32_11.4.0.202103011116/tools/bin/../lib/gcc/arm-none-eabi/10.2.1/../../../../arm-none-eabi/lib/thumb/v8-m.main+fp/hard\libcr_semihost_nf.a(_cr_assert.o) (fputs)
[...]
Memory Configuration

Name             Origin             Length             Attributes
PROGRAM_FLASH    0x00000000         0x00038000         xr
SRAM             0x20000000         0x00010000         xrw
USB_RAM          0x20010000         0x00004000         xrw
SRAMX            0x04000000         0x00004000         xrw
*default*        0x00000000         0xffffffff

Linker script and memory map

LOAD ./utilities/fsl_debug_console.o
LOAD ./utilities/fsl_str.o
LOAD ./usb/phy/usb_phy.o
LOAD ./usb/device/source/lpcip3511/usb_device_lpcip3511.o
LOAD ./usb/device/source/usb_device_ch9.o
LOAD ./usb/device/source/usb_device_dci.o
LOAD ./usb/device/class/video/usb_device_video.o
LOAD ./usb/device/class/printer/usb_device_printer.o
LOAD ./usb/device/class/phdc/usb_device_phdc.o
LOAD ./usb/device/class/msc/usb_device_msc.o
LOAD ./usb/device/class/msc/usb_device_msc_ufi.o
LOAD ./usb/device/class/hid/usb_device_hid.o
LOAD ./usb/device/class/dfu/usb_device_dfu.o
LOAD ./usb/device/class/cdc_rndis/usb_device_cdc_rndis.o
LOAD ./usb/device/class/cdc/usb_device_cdc_acm.o
LOAD ./usb/device/class/ccid/usb_device_ccid.o
LOAD ./usb/device/class/audio/usb_device_audio.o
LOAD ./usb/device/class/usb_device_class.o
LOAD ./startup/startup_lpc55s16.o
LOAD ./source/modules/utils/utils.o
LOAD ./source/modules/steppers/steppers.o
LOAD ./source/modules/sevenSegmentLED/sevenSegmentLED.o
LOAD ./source/modules/servo/servo.o
LOAD ./source/modules/mainInclude/mainInclude.o
LOAD ./source/modules/irSensor/irSensor.o
LOAD ./source/modules/buttons/buttons.o
LOAD ./source/LPC55S16_Project_main_dev.o
LOAD ./source/semihost_hardfault.o
LOAD ./drivers/fsl_clock.o
LOAD ./drivers/fsl_common.o
LOAD ./drivers/fsl_common_arm.o
LOAD ./drivers/fsl_ctimer.o
LOAD ./drivers/fsl_dma.o
LOAD ./drivers/fsl_flexcomm.o
LOAD ./drivers/fsl_gpio.o
LOAD ./drivers/fsl_gpio_cmsis.o
LOAD ./drivers/fsl_i2c.o
LOAD ./drivers/fsl_inputmux.o
LOAD ./drivers/fsl_lpadc.o
LOAD ./drivers/fsl_pint.o
LOAD ./drivers/fsl_reset.o
LOAD ./drivers/fsl_sctimer.o
LOAD ./drivers/fsl_usart.o
LOAD ./device/system_LPC55S16.o
LOAD ./component/uart/fsl_adapter_usart.o
LOAD ./component/timer_manager/fsl_component_timer_manager.o
LOAD ./component/timer/fsl_adapter_ctimer.o
LOAD ./component/serial_manager/usb_cdc_adapter/usb_device_descriptor.o
LOAD ./component/serial_manager/fsl_component_serial_manager.o
LOAD ./component/serial_manager/fsl_component_serial_port_uart.o
LOAD ./component/serial_manager/fsl_component_serial_port_usb.o
LOAD ./component/pwm/fsl_adapter_pwm_ctimer.o
LOAD ./component/osa/fsl_os_abstraction_bm.o
LOAD ./component/mem_manager/fsl_component_mem_manager_light.o
LOAD ./component/lists/fsl_component_generic_list.o
LOAD ./component/gpio/fsl_adapter_lpc_gpio.o
LOAD ./board/board.o
LOAD ./board/clock_config.o
LOAD ./board/peripherals.o
LOAD ./board/pin_mux.o
LOAD ./LPC55S16/drivers/fsl_power.o
LOAD C:\Users\awiss\Documents\MCUXpressoIDE_11.4.1_6260\workspace\OvalMate\LPC55S16_Project_main_dev\LPC55S16\mcuxpresso\libpower_hardabi.a
LOAD C:\Users\awiss\Documents\MCUXpressoIDE_11.4.1_6260\workspace\OvalMate\LPC55S16_Project_main_dev\CMSIS\DSP\libarm_ARMv8MMLldfsp_math.a
START GROUP
LOAD c:/nxp/mcuxpressoide_11.4.1_6260/ide/plugins/com.nxp.mcuxpresso.tools.win32_11.4.0.202103011116/tools/bin/../lib/gcc/arm-none-eabi/10.2.1/../../../../arm-none-eabi/lib/thumb/v8-m.main+fp/hard\libcr_semihost_nf.a
LOAD c:/nxp/mcuxpressoide_11.4.1_6260/ide/plugins/com.nxp.mcuxpresso.tools.win32_11.4.0.202103011116/tools/bin/../lib/gcc/arm-none-eabi/10.2.1/../../../../arm-none-eabi/lib/thumb/v8-m.main+fp/hard\libcr_c.a
LOAD c:/nxp/mcuxpressoide_11.4.1_6260/ide/plugins/com.nxp.mcuxpresso.tools.win32_11.4.0.202103011116/tools/bin/../lib/gcc/arm-none-eabi/10.2.1/thumb/v8-m.main+fp/hard\libcr_eabihelpers.a
LOAD c:/nxp/mcuxpressoide_11.4.1_6260/ide/plugins/com.nxp.mcuxpresso.tools.win32_11.4.0.202103011116/tools/bin/../lib/gcc/arm-none-eabi/10.2.1/thumb/v8-m.main+fp/hard\libgcc.a
END GROUP
                0x00000000                __base_PROGRAM_FLASH = 0x0
                0x00000000                __base_Flash = 0x0
                0x00038000                __top_PROGRAM_FLASH = 0x38000
                0x00038000                __top_Flash = 0x38000
                0x20000000                __base_SRAM = 0x20000000
                0x20000000                __base_RAM = 0x20000000
                0x20010000                __top_SRAM = 0x20010000
                0x20010000                __top_RAM = 0x20010000
                0x20010000                __base_USB_RAM = 0x20010000
                0x20010000                __base_RAM2 = 0x20010000
                0x20014000                __top_USB_RAM = 0x20014000
                0x20014000                __top_RAM2 = 0x20014000
                0x04000000                __base_SRAMX = 0x4000000
                0x04000000                __base_RAM3 = 0x4000000
                0x04004000                __top_SRAMX = 0x4004000
                0x04004000                __top_RAM3 = 0x4004000

.text           0x00000000     0x8014
 FILL mask 0xff
                0x00000000                __vectors_start__ = ABSOLUTE (.)
 *(SORT_BY_ALIGNMENT(.isr_vector))
 .isr_vector    0x00000000      0x134 ./startup/startup_lpc55s16.o
                0x00000000                g_pfnVectors
                0x00000000                __Vectors
                0x00000134                . = ALIGN (0x4)
                0x00000134                __section_table_start = .
                0x00000134                __data_section_table = .
                0x00000134        0x4 LONG 0x8014 LOADADDR (.data)
                0x00000138        0x4 LONG 0x20000000 ADDR (.data)
                0x0000013c        0x4 LONG 0x8c SIZEOF (.data)
                0x00000140        0x4 LONG 0x8014 LOADADDR (.data_RAM2)
                0x00000144        0x4 LONG 0x20010000 ADDR (.data_RAM2)
                0x00000148        0x4 LONG 0x0 SIZEOF (.data_RAM2)
                0x0000014c        0x4 LONG 0x8014 LOADADDR (.data_RAM3)
                0x00000150        0x4 LONG 0x4000000 ADDR (.data_RAM3)
                0x00000154        0x4 LONG 0x0 SIZEOF (.data_RAM3)
                0x00000158                __data_section_table_end = .
                0x00000158                __bss_section_table = .
                0x00000158        0x4 LONG 0x2000008c ADDR (.bss)
                0x0000015c        0x4 LONG 0x310 SIZEOF (.bss)
                0x00000160        0x4 LONG 0x20010000 ADDR (.bss_RAM2)
                0x00000164        0x4 LONG 0x0 SIZEOF (.bss_RAM2)
                0x00000168        0x4 LONG 0x4000000 ADDR (.bss_RAM3)
                0x0000016c        0x4 LONG 0x0 SIZEOF (.bss_RAM3)
                0x00000170                __bss_section_table_end = .
                0x00000170                __section_table_end = .
 *(SORT_BY_ALIGNMENT(.after_vectors*))
 .after_vectors.reset
                0x00000170       0x68 ./startup/startup_lpc55s16.o
                0x00000170                ResetISR
 .after_vectors.init_data
                0x000001d8       0x1e ./startup/startup_lpc55s16.o
                0x000001d8                data_init
 .after_vectors.init_bss
                0x000001f6       0x12 ./startup/startup_lpc55s16.o
                0x000001f6                bss_init
 .after_vectors
                0x00000208       0x16 ./startup/startup_lpc55s16.o
                0x00000208                NMI_Handler
                0x0000020c                MemManage_Handler
                0x0000020e                BusFault_Handler
                0x00000210                UsageFault_Handler
                0x00000212                SecureFault_Handler
                0x00000214                SVC_Handler
                0x00000216                DebugMon_Handler
                0x00000218                PendSV_Handler
                0x0000021a                SysTick_Handler
                0x0000021c                Reserved56_DriverIRQHandler
                0x0000021c                SEC_VIO_DriverIRQHandler
                0x0000021c                IntDefaultHandler
                0x0000021c                USB0_DriverIRQHandler
                0x0000021c                Reserved73_DriverIRQHandler
                0x0000021c                MRT0_DriverIRQHandler
                0x0000021c                UTICK0_DriverIRQHandler
                0x0000021c                Reserved41_DriverIRQHandler
                0x0000021c                Reserved47_DriverIRQHandler
                0x0000021c                GINT1_DriverIRQHandler
                0x0000021c                CASER_DriverIRQHandler
                0x0000021c                HASHCRYPT_DriverIRQHandler
                0x0000021c                CAN0_IRQ1_DriverIRQHandler
                0x0000021c                USB0_NEEDCLK_DriverIRQHandler
                0x0000021c                CAN0_IRQ0_DriverIRQHandler
                0x0000021c                Reserved61_DriverIRQHandler
                0x0000021c                PUF_DriverIRQHandler
                0x0000021c                RTC_DriverIRQHandler
                0x0000021c                Reserved42_DriverIRQHandler
                0x0000021c                CDOG_DriverIRQHandler
                0x0000021c                Reserved39_DriverIRQHandler
                0x0000021c                USB1_DriverIRQHandler
                0x0000021c                ADC0_DriverIRQHandler
                0x0000021c                USB1_NEEDCLK_DriverIRQHandler
                0x0000021c                GINT0_DriverIRQHandler
                0x0000021c                USB1_PHY_DriverIRQHandler
                0x0000021c                ACMP_DriverIRQHandler
                0x0000021c                Reserved58_DriverIRQHandler
                0x0000021c                Reserved57_DriverIRQHandler
                0x0000021c                Reserved55_DriverIRQHandler
                0x0000021c                Reserved46_DriverIRQHandler
                0x0000021c                WDT_BOD_DriverIRQHandler
                0x0000021c                PLU_DriverIRQHandler
                0x0000021c                OS_EVENT_DriverIRQHandler
                0x0000021c                SEC_HYPERVISOR_CALL_DriverIRQHandler
 *(SORT_BY_ALIGNMENT(.text*))
 *fill*         0x0000021e        0x2 ff
 .text.__NVIC_EnableIRQ
                0x00000220       0x3c ./source/modules/steppers/steppers.o
 .text.SCTIMER_StartTimer
                0x0000025c       0xd4 ./source/modules/steppers/steppers.o
 .text.SCTIMER_StopTimer
                0x00000330       0xd4 ./source/modules/steppers/steppers.o
 .text.SCTIMER_SetupOutputSetAction
                0x00000404       0x44 ./source/modules/steppers/steppers.o
 .text.SCTIMER_SetupOutputClearAction
                0x00000448       0x48 ./source/modules/steppers/steppers.o
 .text.SCTIMER_SetupCounterLimitAction
                0x00000490       0xb8 ./source/modules/steppers/steppers.o
 .text.SCTIMER_ClearEventInState
                0x00000548       0x58 ./source/modules/steppers/steppers.o
 .text.stepCompleteMotorXCallback
                0x000005a0       0x44 ./source/modules/steppers/steppers.o
                0x000005a0                stepCompleteMotorXCallback
 .text.stepCompleteMotorYCallback
                0x000005e4       0x44 ./source/modules/steppers/steppers.o
                0x000005e4                stepCompleteMotorYCallback
 .text.blockUntilMotorJobComplete
                0x00000628       0x74 ./source/modules/steppers/steppers.o
                0x00000628                blockUntilMotorJobComplete
 .text.getMotorCallbackLength
                0x0000069c       0x5c ./source/modules/steppers/steppers.o
                0x0000069c                getMotorCallbackLength
 .text.addMotorCallback
                0x000006f8       0xa4 ./source/modules/steppers/steppers.o
                0x000006f8                addMotorCallback
 .text.initializeStepperPWM
                0x0000079c       0x58 ./source/modules/steppers/steppers.o
                0x0000079c                initializeStepperPWM
 .text.setupStepperPWM
                0x000007f4       0xc0 ./source/modules/steppers/steppers.o
                0x000007f4                setupStepperPWM
 .text.startStepperPWM
                0x000008b4       0x44 ./source/modules/steppers/steppers.o
                0x000008b4                startStepperPWM
 .text.stopStepperPWM
                0x000008f8       0x44 ./source/modules/steppers/steppers.o
                0x000008f8                stopStepperPWM
 .text.whichMotorToMotor
                0x0000093c       0x2c ./source/modules/steppers/steppers.o
                0x0000093c                whichMotorToMotor
 .text.setupPwm16BitMode
                0x00000968      0x294 ./source/modules/steppers/steppers.o
                0x00000968                setupPwm16BitMode
 .text.set7Seg  0x00000bfc       0xd4 ./source/modules/sevenSegmentLED/sevenSegmentLED.o
                0x00000bfc                set7Seg
 .text.initialize7SegLegs
                0x00000cd0       0xb8 ./source/modules/sevenSegmentLED/sevenSegmentLED.o
                0x00000cd0                initialize7SegLegs
 .text.initializeServoPWM
                0x00000d88       0x44 ./source/modules/servo/servo.o
                0x00000d88                initializeServoPWM
 .text.setupServoPWM
                0x00000dcc       0x44 ./source/modules/servo/servo.o
                0x00000dcc                setupServoPWM
 .text.startServoPWM
                0x00000e10       0x14 ./source/modules/servo/servo.o
                0x00000e10                startServoPWM
 .text.CTIMER_getPWMPeriodValue
                0x00000e24       0x54 ./source/modules/servo/servo.o
                0x00000e24                CTIMER_getPWMPeriodValue
 .text.configure
                0x00000e78       0x4c ./source/modules/mainInclude/mainInclude.o
                0x00000e78                configure
 .text.buttonCallback_stopMotors
                0x00000ec4       0x40 ./source/modules/mainInclude/mainInclude.o
                0x00000ec4                buttonCallback_stopMotors
 .text.driveStepperPWM
                0x00000f04       0x90 ./source/modules/mainInclude/mainInclude.o
                0x00000f04                driveStepperPWM
 .text.initializeADC
                0x00000f94       0x78 ./source/modules/irSensor/irSensor.o
                0x00000f94                initializeADC
 .text.assignPinsToInterrupts
                0x0000100c       0xf0 ./source/modules/buttons/buttons.o
                0x0000100c                assignPinsToInterrupts
 .text.buttonEmergencyCallback
                0x000010fc       0x2c ./source/modules/buttons/buttons.o
                0x000010fc                buttonEmergencyCallback
 .text.bumpRightCallback
                0x00001128       0x2c ./source/modules/buttons/buttons.o
                0x00001128                bumpRightCallback
 .text.bumpLeftCallback
                0x00001154       0x2c ./source/modules/buttons/buttons.o
                0x00001154                bumpLeftCallback
 .text.bumpUpCallback
                0x00001180       0x2c ./source/modules/buttons/buttons.o
                0x00001180                bumpUpCallback
 .text.bumpDownCallback
                0x000011ac       0x2c ./source/modules/buttons/buttons.o
                0x000011ac                bumpDownCallback
 .text.delay    0x000011d8       0x34 ./source/LPC55S16_Project_main_dev.o
                0x000011d8                delay
 .text.main     0x0000120c       0x84 ./source/LPC55S16_Project_main_dev.o
                0x0000120c                main
 .text.POWER_EnablePD
                0x00001290       0x20 ./drivers/fsl_clock.o
 .text.POWER_DisablePD
                0x000012b0       0x20 ./drivers/fsl_clock.o
 .text.CLOCK_AttachClk
                0x000012d0       0xc0 ./drivers/fsl_clock.o
                0x000012d0                CLOCK_AttachClk
 .text.CLOCK_SetClkDiv
                0x00001390       0x80 ./drivers/fsl_clock.o
                0x00001390                CLOCK_SetClkDiv
 .text.CLOCK_SetupFROClocking
                0x00001410       0x74 ./drivers/fsl_clock.o
                0x00001410                CLOCK_SetupFROClocking
 .text.CLOCK_SetFLASHAccessCyclesForFreq
                0x00001484       0xa0 ./drivers/fsl_clock.o
                0x00001484                CLOCK_SetFLASHAccessCyclesForFreq
 .text.CLOCK_GetClockOutClkFreq
                0x00001524       0x9c ./drivers/fsl_clock.o
                0x00001524                CLOCK_GetClockOutClkFreq
 .text.CLOCK_GetFro12MFreq
                0x000015c0       0x28 ./drivers/fsl_clock.o
                0x000015c0                CLOCK_GetFro12MFreq
 .text.CLOCK_GetFro1MFreq
                0x000015e8       0x28 ./drivers/fsl_clock.o
                0x000015e8                CLOCK_GetFro1MFreq
 .text.CLOCK_GetExtClkFreq
                0x00001610       0x2c ./drivers/fsl_clock.o
                0x00001610                CLOCK_GetExtClkFreq
 .text.CLOCK_GetFroHfFreq
                0x0000163c       0x28 ./drivers/fsl_clock.o
                0x0000163c                CLOCK_GetFroHfFreq
 .text.CLOCK_GetPll0OutFreq
                0x00001664       0x18 ./drivers/fsl_clock.o
                0x00001664                CLOCK_GetPll0OutFreq
 .text.CLOCK_GetPll1OutFreq
                0x0000167c       0x18 ./drivers/fsl_clock.o
                0x0000167c                CLOCK_GetPll1OutFreq
 .text.CLOCK_GetOsc32KFreq
                0x00001694       0x58 ./drivers/fsl_clock.o
                0x00001694                CLOCK_GetOsc32KFreq
 .text.CLOCK_GetCoreSysClkFreq
                0x000016ec       0xa8 ./drivers/fsl_clock.o
                0x000016ec                CLOCK_GetCoreSysClkFreq
 .text.CLOCK_GetI2SMClkFreq
                0x00001794       0x18 ./drivers/fsl_clock.o
                0x00001794                CLOCK_GetI2SMClkFreq
 .text.CLOCK_GetCTimerClkFreq
                0x000017ac       0x8c ./drivers/fsl_clock.o
                0x000017ac                CLOCK_GetCTimerClkFreq
 .text.CLOCK_GetFreq
                0x00001838       0xc0 ./drivers/fsl_clock.o
                0x00001838                CLOCK_GetFreq
 .text.CLOCK_GetPLL0InClockRate
                0x000018f8       0x64 ./drivers/fsl_clock.o
                0x000018f8                CLOCK_GetPLL0InClockRate
 .text.CLOCK_SetPLL0Freq
                0x0000195c      0x12c ./drivers/fsl_clock.o
                0x0000195c                CLOCK_SetPLL0Freq
 .text.SDK_DelayAtLeastUs
                0x00001a88       0x8c ./drivers/fsl_common_arm.o
                0x00001a88                SDK_DelayAtLeastUs
 .text.__NVIC_EnableIRQ
                0x00001b14       0x3c ./drivers/fsl_ctimer.o
 .text.CTIMER_GetInstance
                0x00001b50       0x54 ./drivers/fsl_ctimer.o
 .text.CTIMER_Init
                0x00001ba4       0x74 ./drivers/fsl_ctimer.o
                0x00001ba4                CTIMER_Init
 .text.CTIMER_GetDefaultConfig
                0x00001c18       0x3c ./drivers/fsl_ctimer.o
                0x00001c18                CTIMER_GetDefaultConfig
 .text.CTIMER_SetupPwmPeriod
                0x00001c54       0xd8 ./drivers/fsl_ctimer.o
                0x00001c54                CTIMER_SetupPwmPeriod
 .text.CTIMER_GenericIRQHandler
                0x00001d2c       0xb4 ./drivers/fsl_ctimer.o
 .text.DMA_GetInstance
                0x00001de0       0x4c ./drivers/fsl_dma.o
 .text.DMA_IRQHandle
                0x00001e2c      0x168 ./drivers/fsl_dma.o
                0x00001e2c                DMA_IRQHandle
 .text.DMA0_DriverIRQHandler
                0x00001f94       0x14 ./drivers/fsl_dma.o
                0x00001f94                DMA0_DriverIRQHandler
 .text.DMA1_DriverIRQHandler
                0x00001fa8       0x14 ./drivers/fsl_dma.o
                0x00001fa8                DMA1_DriverIRQHandler
 .text.FLEXCOMM_GetInstance
                0x00001fbc       0x50 ./drivers/fsl_flexcomm.o
                0x00001fbc                FLEXCOMM_GetInstance
 .text.FLEXCOMM0_DriverIRQHandler
                0x0000200c       0x5c ./drivers/fsl_flexcomm.o
                0x0000200c                FLEXCOMM0_DriverIRQHandler
 .text.FLEXCOMM1_DriverIRQHandler
                0x00002068       0x5c ./drivers/fsl_flexcomm.o
                0x00002068                FLEXCOMM1_DriverIRQHandler
 .text.FLEXCOMM2_DriverIRQHandler
                0x000020c4       0x5c ./drivers/fsl_flexcomm.o
                0x000020c4                FLEXCOMM2_DriverIRQHandler
 .text.FLEXCOMM3_DriverIRQHandler
                0x00002120       0x5c ./drivers/fsl_flexcomm.o
                0x00002120                FLEXCOMM3_DriverIRQHandler
 .text.FLEXCOMM4_DriverIRQHandler
                0x0000217c       0x5c ./drivers/fsl_flexcomm.o
                0x0000217c                FLEXCOMM4_DriverIRQHandler
 .text.FLEXCOMM5_DriverIRQHandler
                0x000021d8       0x5c ./drivers/fsl_flexcomm.o
                0x000021d8                FLEXCOMM5_DriverIRQHandler
 .text.FLEXCOMM6_DriverIRQHandler
                0x00002234       0x5c ./drivers/fsl_flexcomm.o
                0x00002234                FLEXCOMM6_DriverIRQHandler
 .text.FLEXCOMM7_DriverIRQHandler
                0x00002290       0x5c ./drivers/fsl_flexcomm.o
                0x00002290                FLEXCOMM7_DriverIRQHandler
 .text.FLEXCOMM8_DriverIRQHandler
                0x000022ec       0x5c ./drivers/fsl_flexcomm.o
                0x000022ec                FLEXCOMM8_DriverIRQHandler
 .text.GPIO_EnablePortClock
                0x00002348       0x34 ./drivers/fsl_gpio.o
 .text.LPADC_GetInstance
                0x0000237c       0x44 ./drivers/fsl_lpadc.o
 .text.LPADC_Init
                0x000023c0      0x114 ./drivers/fsl_lpadc.o
                0x000023c0                LPADC_Init
 .text.LPADC_SetConvTriggerConfig
                0x000024d4       0x8c ./drivers/fsl_lpadc.o
                0x000024d4                LPADC_SetConvTriggerConfig
 .text.LPADC_GetDefaultConvTriggerConfig
                0x00002560       0x50 ./drivers/fsl_lpadc.o
                0x00002560                LPADC_GetDefaultConvTriggerConfig
 .text.LPADC_SetConvCommandConfig
                0x000025b0      0x110 ./drivers/fsl_lpadc.o
                0x000025b0                LPADC_SetConvCommandConfig
 .text.LPADC_GetDefaultConvCommandConfig
                0x000026c0       0x78 ./drivers/fsl_lpadc.o
                0x000026c0                LPADC_GetDefaultConvCommandConfig
 .text.LPADC_DoAutoCalibration
                0x00002738       0xec ./drivers/fsl_lpadc.o
                0x00002738                LPADC_DoAutoCalibration
 .text.__NVIC_EnableIRQ
                0x00002824       0x3c ./drivers/fsl_pint.o
 .text.__NVIC_ClearPendingIRQ
                0x00002860       0x3c ./drivers/fsl_pint.o
 .text.PINT_Init
                0x0000289c       0xd4 ./drivers/fsl_pint.o
                0x0000289c                PINT_Init
 .text.PINT_PinInterruptConfig
                0x00002970       0xd0 ./drivers/fsl_pint.o
                0x00002970                PINT_PinInterruptConfig
 .text.PINT_EnableCallbackByIndex
                0x00002a40       0x5c ./drivers/fsl_pint.o
                0x00002a40                PINT_EnableCallbackByIndex
 .text.SEC_GPIO_INT0_IRQ0_DriverIRQHandler
                0x00002a9c       0x48 ./drivers/fsl_pint.o
                0x00002a9c                SEC_GPIO_INT0_IRQ0_DriverIRQHandler
 .text.SEC_GPIO_INT0_IRQ1_DriverIRQHandler
                0x00002ae4       0x44 ./drivers/fsl_pint.o
                0x00002ae4                SEC_GPIO_INT0_IRQ1_DriverIRQHandler
 .text.PIN_INT0_DriverIRQHandler
                0x00002b28       0x48 ./drivers/fsl_pint.o
                0x00002b28                PIN_INT0_DriverIRQHandler
 .text.PIN_INT1_DriverIRQHandler
                0x00002b70       0x48 ./drivers/fsl_pint.o
                0x00002b70                PIN_INT1_DriverIRQHandler
 .text.PIN_INT2_DriverIRQHandler
                0x00002bb8       0x48 ./drivers/fsl_pint.o
                0x00002bb8                PIN_INT2_DriverIRQHandler
 .text.PIN_INT3_DriverIRQHandler
                0x00002c00       0x48 ./drivers/fsl_pint.o
                0x00002c00                PIN_INT3_DriverIRQHandler
 .text.PIN_INT4_DriverIRQHandler
                0x00002c48       0x48 ./drivers/fsl_pint.o
                0x00002c48                PIN_INT4_DriverIRQHandler
 .text.PIN_INT5_DriverIRQHandler
                0x00002c90       0x48 ./drivers/fsl_pint.o
                0x00002c90                PIN_INT5_DriverIRQHandler
 .text.PIN_INT6_DriverIRQHandler
                0x00002cd8       0x48 ./drivers/fsl_pint.o
                0x00002cd8                PIN_INT6_DriverIRQHandler
 .text.PIN_INT7_DriverIRQHandler
                0x00002d20       0x48 ./drivers/fsl_pint.o
                0x00002d20                PIN_INT7_DriverIRQHandler
 .text.RESET_SetPeripheralReset
                0x00002d68       0x5c ./drivers/fsl_reset.o
                0x00002d68                RESET_SetPeripheralReset
 .text.RESET_ClearPeripheralReset
                0x00002dc4       0x60 ./drivers/fsl_reset.o
                0x00002dc4                RESET_ClearPeripheralReset
 .text.SCTIMER_GetInstance
                0x00002e24       0x4c ./drivers/fsl_sctimer.o
 .text.SCTIMER_Init
                0x00002e70      0x13c ./drivers/fsl_sctimer.o
                0x00002e70                SCTIMER_Init
 .text.SCTIMER_GetDefaultConfig
                0x00002fac       0x60 ./drivers/fsl_sctimer.o
                0x00002fac                SCTIMER_GetDefaultConfig
 .text.SCTIMER_CreateAndScheduleEvent
                0x0000300c      0x20c ./drivers/fsl_sctimer.o
                0x0000300c                SCTIMER_CreateAndScheduleEvent
 .text.SCTIMER_GetCurrentState
                0x00003218       0x1c ./drivers/fsl_sctimer.o
                0x00003218                SCTIMER_GetCurrentState
 .text.SCTIMER_SetCallback
                0x00003234       0x28 ./drivers/fsl_sctimer.o
                0x00003234                SCTIMER_SetCallback
 .text.SCTIMER_EventHandleIRQ
                0x0000325c       0x7c ./drivers/fsl_sctimer.o
                0x0000325c                SCTIMER_EventHandleIRQ
 .text.SCT0_DriverIRQHandler
                0x000032d8       0x18 ./drivers/fsl_sctimer.o
                0x000032d8                SCT0_DriverIRQHandler
 .text.SystemInit
                0x000032f0       0xac ./device/system_LPC55S16.o
                0x000032f0                SystemInit
 .text.USB0_IRQHandler
                0x0000339c       0x3c ./component/serial_manager/fsl_component_serial_port_usb.o
                0x0000339c                USB0_IRQHandler
 .text.BOARD_InitDebugConsole
                0x000033d8       0x38 ./board/board.o
                0x000033d8                BOARD_InitDebugConsole
 .text.POWER_DisablePD
                0x00003410       0x20 ./board/clock_config.o
 .text.BOARD_BootClockPLL150M
                0x00003430      0x130 ./board/clock_config.o
                0x00003430                BOARD_BootClockPLL150M
 .text.BOARD_InitDEBUG_UARTPins
                0x00003560      0x3c4 ./board/pin_mux.o
                0x00003560                BOARD_InitDEBUG_UARTPins
 .text.lowpower_set_system_voltage
                0x00003924       0xa0 C:\Users\awiss\Documents\MCUXpressoIDE_11.4.1_6260\workspace\OvalMate\LPC55S16_Project_main_dev\LPC55S16\mcuxpresso\libpower_hardabi.a(fsl_power_lib.o)
 .text.lowpower_set_voltage_for_process
                0x000039c4       0x84 C:\Users\awiss\Documents\MCUXpressoIDE_11.4.1_6260\workspace\OvalMate\LPC55S16_Project_main_dev\LPC55S16\mcuxpresso\libpower_hardabi.a(fsl_power_lib.o)
 .text.POWER_SetVoltageForFreq
                0x00003a48       0x84 C:\Users\awiss\Documents\MCUXpressoIDE_11.4.1_6260\workspace\OvalMate\LPC55S16_Project_main_dev\LPC55S16\mcuxpresso\libpower_hardabi.a(fsl_power_lib.o)
                0x00003a48                POWER_SetVoltageForFreq
 .text.__assertion_failed
                0x00003acc       0x4c c:/nxp/mcuxpressoide_11.4.1_6260/ide/plugins/com.nxp.mcuxpresso.tools.win32_11.4.0.202103011116/tools/bin/../lib/gcc/arm-none-eabi/10.2.1/../../../../arm-none-eabi/lib/thumb/v8-m.main+fp/hard\libcr_semihost_nf.a(_cr_assert.o)
                0x00003acc                __assertion_failed
 .text.__sys_appexit
                0x00003b18        0xc c:/nxp/mcuxpressoide_11.4.1_6260/ide/plugins/com.nxp.mcuxpresso.tools.win32_11.4.0.202103011116/tools/bin/../lib/gcc/arm-none-eabi/10.2.1/../../../../arm-none-eabi/lib/thumb/v8-m.main+fp/hard\libcr_semihost_nf.a(__sys_appexit.o)
                0x00003b18                __sys_appexit
                0x00003b18                __exit
 .text._Cwritebuf
                0x00003b24       0x6c c:/nxp/mcuxpressoide_11.4.1_6260/ide/plugins/com.nxp.mcuxpresso.tools.win32_11.4.0.202103011116/tools/bin/../lib/gcc/arm-none-eabi/10.2.1/../../../../arm-none-eabi/lib/thumb/v8-m.main+fp/hard\libcr_c.a(_writebuf.o)
                0x00003b24                _Cwritebuf
 .text.malloc   0x00003b90       0xc8 c:/nxp/mcuxpressoide_11.4.1_6260/ide/plugins/com.nxp.mcuxpresso.tools.win32_11.4.0.202103011116/tools/bin/../lib/gcc/arm-none-eabi/10.2.1/../../../../arm-none-eabi/lib/thumb/v8-m.main+fp/hard\libcr_c.a(alloc.o)
                0x00003b90                malloc
 .text._Csys_alloc
                0x00003c58       0x20 c:/nxp/mcuxpressoide_11.4.1_6260/ide/plugins/com.nxp.mcuxpresso.tools.win32_11.4.0.202103011116/tools/bin/../lib/gcc/arm-none-eabi/10.2.1/../../../../arm-none-eabi/lib/thumb/v8-m.main+fp/hard\libcr_c.a(alloc.o)
                0x00003c58                _Csys_alloc
 .text.fseek    0x00003c78      0x100 c:/nxp/mcuxpressoide_11.4.1_6260/ide/plugins/com.nxp.mcuxpresso.tools.win32_11.4.0.202103011116/tools/bin/../lib/gcc/arm-none-eabi/10.2.1/../../../../arm-none-eabi/lib/thumb/v8-m.main+fp/hard\libcr_c.a(fseek.o)
                0x00003c78                fseek
 .text.ftell    0x00003d78       0x44 c:/nxp/mcuxpressoide_11.4.1_6260/ide/plugins/com.nxp.mcuxpresso.tools.win32_11.4.0.202103011116/tools/bin/../lib/gcc/arm-none-eabi/10.2.1/../../../../arm-none-eabi/lib/thumb/v8-m.main+fp/hard\libcr_c.a(ftell.o)
                0x00003d78                ftell
 .text._initio  0x00003dbc       0x78 c:/nxp/mcuxpressoide_11.4.1_6260/ide/plugins/com.nxp.mcuxpresso.tools.win32_11.4.0.202103011116/tools/bin/../lib/gcc/arm-none-eabi/10.2.1/../../../../arm-none-eabi/lib/thumb/v8-m.main+fp/hard\libcr_c.a(initio.o)
                0x00003dbc                _initio
 .text.__vfprintf
                0x00003e34      0xbec c:/nxp/mcuxpressoide_11.4.1_6260/ide/plugins/com.nxp.mcuxpresso.tools.win32_11.4.0.202103011116/tools/bin/../lib/gcc/arm-none-eabi/10.2.1/../../../../arm-none-eabi/lib/thumb/v8-m.main+fp/hard\libcr_c.a(printf.o)
                0x00003e34                __vfprintf
 .text._vsnprintf
                0x00004a20       0x68 c:/nxp/mcuxpressoide_11.4.1_6260/ide/plugins/com.nxp.mcuxpresso.tools.win32_11.4.0.202103011116/tools/bin/../lib/gcc/arm-none-eabi/10.2.1/../../../../arm-none-eabi/lib/thumb/v8-m.main+fp/hard\libcr_c.a(printf.o)
                0x00004a20                _vsnprintf
 .text._printf  0x00004a88       0x54 c:/nxp/mcuxpressoide_11.4.1_6260/ide/plugins/com.nxp.mcuxpresso.tools.win32_11.4.0.202103011116/tools/bin/../lib/gcc/arm-none-eabi/10.2.1/../../../../arm-none-eabi/lib/thumb/v8-m.main+fp/hard\libcr_c.a(printf.o)
                0x00004a88                _printf
 .text._sbrk    0x00004adc       0x3c c:/nxp/mcuxpressoide_11.4.1_6260/ide/plugins/com.nxp.mcuxpresso.tools.win32_11.4.0.202103011116/tools/bin/../lib/gcc/arm-none-eabi/10.2.1/../../../../arm-none-eabi/lib/thumb/v8-m.main+fp/hard\libcr_c.a(_cr_sbrk.o)
                0x00004adc                _sbrk
 .text.fflush   0x00004b18       0x3c c:/nxp/mcuxpressoide_11.4.1_6260/ide/plugins/com.nxp.mcuxpresso.tools.win32_11.4.0.202103011116/tools/bin/../lib/gcc/arm-none-eabi/10.2.1/../../../../arm-none-eabi/lib/thumb/v8-m.main+fp/hard\libcr_c.a(fflush.o)
                0x00004b18                fflush
 .text.__check_heap_overflow
                0x00004b54       0x18 c:/nxp/mcuxpressoide_11.4.1_6260/ide/plugins/com.nxp.mcuxpresso.tools.win32_11.4.0.202103011116/tools/bin/../lib/gcc/arm-none-eabi/10.2.1/../../../../arm-none-eabi/lib/thumb/v8-m.main+fp/hard\libcr_c.a(_cr_check_heap.o)
                0x00004b54                __check_heap_overflow
 .text.USB_DeviceLpc3511IpGetEndpointStateStruct
                0x00004b6c       0x34 ./usb/device/source/lpcip3511/usb_device_lpcip3511.o
 .text.USB_DeviceLpc3511IpEndpointPrime
                0x00004ba0      0x122 ./usb/device/source/lpcip3511/usb_device_lpcip3511.o
 .text.USB_DeviceLpc3511IpDoPreviousTransactionMemcpy
                0x00004cc2       0x84 ./usb/device/source/lpcip3511/usb_device_lpcip3511.o
 .text.USB_DeviceLpc3511IpTokenUpdate
                0x00004d46       0xb6 ./usb/device/source/lpcip3511/usb_device_lpcip3511.o
 .text.USB_DeviceLpc3511IpInterruptToken
                0x00004dfc      0x32c ./usb/device/source/lpcip3511/usb_device_lpcip3511.o
 .text.USB_DeviceLpc3511IpInterruptReset
                0x00005128       0x42 ./usb/device/source/lpcip3511/usb_device_lpcip3511.o
 .text.USB_DeviceLpc3511IpGetActualBufferAndPrime
                0x0000516a      0x10e ./usb/device/source/lpcip3511/usb_device_lpcip3511.o
 .text.USB_DeviceLpc3511IpTransaction
                0x00005278       0xfa ./usb/device/source/lpcip3511/usb_device_lpcip3511.o
 .text.USB_DeviceLpc3511IpCancel
                0x00005372      0x312 ./usb/device/source/lpcip3511/usb_device_lpcip3511.o
                0x00005372                USB_DeviceLpc3511IpCancel
 .text.USB_DeviceLpcIp3511IsrFunction
                0x00005684      0x158 ./usb/device/source/lpcip3511/usb_device_lpcip3511.o
                0x00005684                USB_DeviceLpcIp3511IsrFunction
 .text.USB_DeviceControl
                0x000057dc       0x48 ./usb/device/source/usb_device_dci.o
 .text.USB_DeviceResetNotification
                0x00005824       0x98 ./usb/device/source/usb_device_dci.o
 .text.USB_DeviceNotification
                0x000058bc      0x102 ./usb/device/source/usb_device_dci.o
 .text.USB_DeviceNotificationTrigger
                0x000059be       0x40 ./usb/device/source/usb_device_dci.o
                0x000059be                USB_DeviceNotificationTrigger
 .text.WDT_BOD_IRQHandler
                0x000059fe        0x8 ./startup/startup_lpc55s16.o
                0x000059fe                WDT_BOD_IRQHandler
 .text.DMA0_IRQHandler
                0x00005a06        0x8 ./startup/startup_lpc55s16.o
                0x00005a06                DMA0_IRQHandler
 .text.GINT0_IRQHandler
                0x00005a0e        0x8 ./startup/startup_lpc55s16.o
                0x00005a0e                GINT0_IRQHandler
 .text.GINT1_IRQHandler
                0x00005a16        0x8 ./startup/startup_lpc55s16.o
                0x00005a16                GINT1_IRQHandler
 .text.PIN_INT0_IRQHandler
                0x00005a1e        0x8 ./startup/startup_lpc55s16.o
                0x00005a1e                PIN_INT0_IRQHandler
 .text.PIN_INT1_IRQHandler
                0x00005a26        0x8 ./startup/startup_lpc55s16.o
                0x00005a26                PIN_INT1_IRQHandler
 .text.PIN_INT2_IRQHandler
                0x00005a2e        0x8 ./startup/startup_lpc55s16.o
                0x00005a2e                PIN_INT2_IRQHandler
 .text.PIN_INT3_IRQHandler
                0x00005a36        0x8 ./startup/startup_lpc55s16.o
                0x00005a36                PIN_INT3_IRQHandler
 .text.UTICK0_IRQHandler
                0x00005a3e        0x8 ./startup/startup_lpc55s16.o
                0x00005a3e                UTICK0_IRQHandler
 .text.MRT0_IRQHandler
                0x00005a46        0x8 ./startup/startup_lpc55s16.o
                0x00005a46                MRT0_IRQHandler
 .text.CTIMER0_IRQHandler
                0x00005a4e        0x8 ./startup/startup_lpc55s16.o
                0x00005a4e                CTIMER0_IRQHandler
 .text.CTIMER1_IRQHandler
                0x00005a56        0x8 ./startup/startup_lpc55s16.o
                0x00005a56                CTIMER1_IRQHandler
 .text.SCT0_IRQHandler
                0x00005a5e        0x8 ./startup/startup_lpc55s16.o
                0x00005a5e                SCT0_IRQHandler
 .text.CTIMER3_IRQHandler
                0x00005a66        0x8 ./startup/startup_lpc55s16.o
                0x00005a66                CTIMER3_IRQHandler
 .text.FLEXCOMM0_IRQHandler
                0x00005a6e        0x8 ./startup/startup_lpc55s16.o
                0x00005a6e                FLEXCOMM0_IRQHandler
 .text.FLEXCOMM1_IRQHandler
                0x00005a76        0x8 ./startup/startup_lpc55s16.o
                0x00005a76                FLEXCOMM1_IRQHandler
 .text.FLEXCOMM2_IRQHandler
                0x00005a7e        0x8 ./startup/startup_lpc55s16.o
                0x00005a7e                FLEXCOMM2_IRQHandler
 .text.FLEXCOMM3_IRQHandler
                0x00005a86        0x8 ./startup/startup_lpc55s16.o
                0x00005a86                FLEXCOMM3_IRQHandler
 .text.FLEXCOMM4_IRQHandler
                0x00005a8e        0x8 ./startup/startup_lpc55s16.o
                0x00005a8e                FLEXCOMM4_IRQHandler
 .text.FLEXCOMM5_IRQHandler
                0x00005a96        0x8 ./startup/startup_lpc55s16.o
                0x00005a96                FLEXCOMM5_IRQHandler
 .text.FLEXCOMM6_IRQHandler
                0x00005a9e        0x8 ./startup/startup_lpc55s16.o
                0x00005a9e                FLEXCOMM6_IRQHandler
 .text.FLEXCOMM7_IRQHandler
                0x00005aa6        0x8 ./startup/startup_lpc55s16.o
                0x00005aa6                FLEXCOMM7_IRQHandler
 .text.ADC0_IRQHandler
                0x00005aae        0x8 ./startup/startup_lpc55s16.o
                0x00005aae                ADC0_IRQHandler
 .text.Reserved39_IRQHandler
                0x00005ab6        0x8 ./startup/startup_lpc55s16.o
                0x00005ab6                Reserved39_IRQHandler
 .text.ACMP_IRQHandler
                0x00005abe        0x8 ./startup/startup_lpc55s16.o
                0x00005abe                ACMP_IRQHandler
 .text.Reserved41_IRQHandler
                0x00005ac6        0x8 ./startup/startup_lpc55s16.o
                0x00005ac6                Reserved41_IRQHandler
 .text.Reserved42_IRQHandler
                0x00005ace        0x8 ./startup/startup_lpc55s16.o
                0x00005ace                Reserved42_IRQHandler
 .text.USB0_NEEDCLK_IRQHandler
                0x00005ad6        0x8 ./startup/startup_lpc55s16.o
                0x00005ad6                USB0_NEEDCLK_IRQHandler
 .text.RTC_IRQHandler
                0x00005ade        0x8 ./startup/startup_lpc55s16.o
                0x00005ade                RTC_IRQHandler
 .text.Reserved46_IRQHandler
                0x00005ae6        0x8 ./startup/startup_lpc55s16.o
                0x00005ae6                Reserved46_IRQHandler
 .text.Reserved47_IRQHandler
                0x00005aee        0x8 ./startup/startup_lpc55s16.o
                0x00005aee                Reserved47_IRQHandler
 .text.PIN_INT4_IRQHandler
                0x00005af6        0x8 ./startup/startup_lpc55s16.o
                0x00005af6                PIN_INT4_IRQHandler
 .text.PIN_INT5_IRQHandler
                0x00005afe        0x8 ./startup/startup_lpc55s16.o
                0x00005afe                PIN_INT5_IRQHandler
 .text.PIN_INT6_IRQHandler
                0x00005b06        0x8 ./startup/startup_lpc55s16.o
                0x00005b06                PIN_INT6_IRQHandler
 .text.PIN_INT7_IRQHandler
                0x00005b0e        0x8 ./startup/startup_lpc55s16.o
                0x00005b0e                PIN_INT7_IRQHandler
 .text.CTIMER2_IRQHandler
                0x00005b16        0x8 ./startup/startup_lpc55s16.o
                0x00005b16                CTIMER2_IRQHandler
 .text.CTIMER4_IRQHandler
                0x00005b1e        0x8 ./startup/startup_lpc55s16.o
                0x00005b1e                CTIMER4_IRQHandler
 .text.OS_EVENT_IRQHandler
                0x00005b26        0x8 ./startup/startup_lpc55s16.o
                0x00005b26                OS_EVENT_IRQHandler
 .text.Reserved55_IRQHandler
                0x00005b2e        0x8 ./startup/startup_lpc55s16.o
                0x00005b2e                Reserved55_IRQHandler
 .text.Reserved56_IRQHandler
                0x00005b36        0x8 ./startup/startup_lpc55s16.o
                0x00005b36                Reserved56_IRQHandler
 .text.Reserved57_IRQHandler
                0x00005b3e        0x8 ./startup/startup_lpc55s16.o
                0x00005b3e                Reserved57_IRQHandler
 .text.Reserved58_IRQHandler
                0x00005b46        0x8 ./startup/startup_lpc55s16.o
                0x00005b46                Reserved58_IRQHandler
 .text.CAN0_IRQ0_IRQHandler
                0x00005b4e        0x8 ./startup/startup_lpc55s16.o
                0x00005b4e                CAN0_IRQ0_IRQHandler
 .text.CAN0_IRQ1_IRQHandler
                0x00005b56        0x8 ./startup/startup_lpc55s16.o
                0x00005b56                CAN0_IRQ1_IRQHandler
 .text.Reserved61_IRQHandler
                0x00005b5e        0x8 ./startup/startup_lpc55s16.o
                0x00005b5e                Reserved61_IRQHandler
 .text.USB1_PHY_IRQHandler
                0x00005b66        0x8 ./startup/startup_lpc55s16.o
                0x00005b66                USB1_PHY_IRQHandler
 .text.USB1_IRQHandler
                0x00005b6e        0x8 ./startup/startup_lpc55s16.o
                0x00005b6e                USB1_IRQHandler
 .text.USB1_NEEDCLK_IRQHandler
                0x00005b76        0x8 ./startup/startup_lpc55s16.o
                0x00005b76                USB1_NEEDCLK_IRQHandler
 .text.SEC_HYPERVISOR_CALL_IRQHandler
                0x00005b7e        0x8 ./startup/startup_lpc55s16.o
                0x00005b7e                SEC_HYPERVISOR_CALL_IRQHandler
 .text.SEC_GPIO_INT0_IRQ0_IRQHandler
                0x00005b86        0x8 ./startup/startup_lpc55s16.o
                0x00005b86                SEC_GPIO_INT0_IRQ0_IRQHandler
 .text.SEC_GPIO_INT0_IRQ1_IRQHandler
                0x00005b8e        0x8 ./startup/startup_lpc55s16.o
                0x00005b8e                SEC_GPIO_INT0_IRQ1_IRQHandler
 .text.PLU_IRQHandler
                0x00005b96        0x8 ./startup/startup_lpc55s16.o
                0x00005b96                PLU_IRQHandler
 .text.SEC_VIO_IRQHandler
                0x00005b9e        0x8 ./startup/startup_lpc55s16.o
                0x00005b9e                SEC_VIO_IRQHandler
 .text.HASHCRYPT_IRQHandler
                0x00005ba6        0x8 ./startup/startup_lpc55s16.o
                0x00005ba6                HASHCRYPT_IRQHandler
 .text.CASER_IRQHandler
                0x00005bae        0x8 ./startup/startup_lpc55s16.o
                0x00005bae                CASER_IRQHandler
 .text.PUF_IRQHandler
                0x00005bb6        0x8 ./startup/startup_lpc55s16.o
                0x00005bb6                PUF_IRQHandler
 .text.Reserved73_IRQHandler
                0x00005bbe        0x8 ./startup/startup_lpc55s16.o
                0x00005bbe                Reserved73_IRQHandler
 .text.DMA1_IRQHandler
                0x00005bc6        0x8 ./startup/startup_lpc55s16.o
                0x00005bc6                DMA1_IRQHandler
 .text.FLEXCOMM8_IRQHandler
                0x00005bce        0x8 ./startup/startup_lpc55s16.o
                0x00005bce                FLEXCOMM8_IRQHandler
 .text.CDOG_IRQHandler
                0x00005bd6        0x8 ./startup/startup_lpc55s16.o
                0x00005bd6                CDOG_IRQHandler
 .text.EnableIRQ
                0x00005bde       0x32 ./source/modules/steppers/steppers.o
 .text.SCTIMER_EnableInterrupts
                0x00005c10       0x26 ./source/modules/steppers/steppers.o
 .text.SCTIMER_DisableInterrupts
                0x00005c36       0x28 ./source/modules/steppers/steppers.o
 .text.GPIO_PinWrite
                0x00005c5e       0x2a ./source/modules/sevenSegmentLED/sevenSegmentLED.o
 .text.CTIMER_StartTimer
                0x00005c88       0x20 ./source/modules/servo/servo.o
 .text.stopMotorIfJobComplete
                0x00005ca8       0x50 ./source/modules/mainInclude/mainInclude.o
                0x00005ca8                stopMotorIfJobComplete
 .text.HardFault_Handler
                0x00005cf8       0x2c ./source/semihost_hardfault.o
                0x00005cf8                HardFault_Handler
 .text.CLOCK_IsPLL0Locked
                0x00005d24       0x24 ./drivers/fsl_clock.o
 .text.CLOCK_GetMclkClkFreq
                0x00005d48       0x5a ./drivers/fsl_clock.o
                0x00005d48                CLOCK_GetMclkClkFreq
 .text.findPll0PreDiv
                0x00005da2       0x3e ./drivers/fsl_clock.o
 .text.DelayLoop
                0x00005de0       0x20 ./drivers/fsl_common_arm.o
 .text.CLOCK_EnableClock
                0x00005e00       0x30 ./drivers/fsl_ctimer.o
 .text.EnableIRQ
                0x00005e30       0x32 ./drivers/fsl_ctimer.o
 .text.CTIMER_GetStatusFlags
                0x00005e62       0x18 ./drivers/fsl_ctimer.o
 .text.CTIMER_ClearStatusFlags
                0x00005e7a       0x1c ./drivers/fsl_ctimer.o
 .text.CTIMER0_DriverIRQHandler
                0x00005e96        0xe ./drivers/fsl_ctimer.o
                0x00005e96                CTIMER0_DriverIRQHandler
 .text.CTIMER1_DriverIRQHandler
                0x00005ea4        0xe ./drivers/fsl_ctimer.o
                0x00005ea4                CTIMER1_DriverIRQHandler
 .text.CTIMER2_DriverIRQHandler
                0x00005eb2        0xe ./drivers/fsl_ctimer.o
                0x00005eb2                CTIMER2_DriverIRQHandler
 .text.CTIMER3_DriverIRQHandler
                0x00005ec0        0xe ./drivers/fsl_ctimer.o
                0x00005ec0                CTIMER3_DriverIRQHandler
 .text.CTIMER4_DriverIRQHandler
                0x00005ece        0xe ./drivers/fsl_ctimer.o
                0x00005ece                CTIMER4_DriverIRQHandler
 .text.DMA_GetVirtualStartChannel
                0x00005edc       0x40 ./drivers/fsl_dma.o
 .text.CLOCK_EnableClock
                0x00005f1c       0x30 ./drivers/fsl_gpio.o
 .text.GPIO_PinInit
                0x00005f4c       0xa4 ./drivers/fsl_gpio.o
                0x00005f4c                GPIO_PinInit
 .text.CLOCK_EnableClock
                0x00005ff0       0x30 ./drivers/fsl_inputmux.o
 .text.CLOCK_DisableClock
                0x00006020       0x30 ./drivers/fsl_inputmux.o
 .text.INPUTMUX_Init
                0x00006050       0x16 ./drivers/fsl_inputmux.o
                0x00006050                INPUTMUX_Init
 .text.INPUTMUX_AttachSignal
                0x00006066       0x38 ./drivers/fsl_inputmux.o
                0x00006066                INPUTMUX_AttachSignal
 .text.INPUTMUX_Deinit
                0x0000609e       0x16 ./drivers/fsl_inputmux.o
                0x0000609e                INPUTMUX_Deinit
 .text.CLOCK_EnableClock
                0x000060b4       0x30 ./drivers/fsl_lpadc.o
 .text.LPADC_Enable
                0x000060e4       0x38 ./drivers/fsl_lpadc.o
 .text.LPADC_DoResetFIFO0
                0x0000611c       0x20 ./drivers/fsl_lpadc.o
 .text.LPADC_DoResetFIFO1
                0x0000613c       0x20 ./drivers/fsl_lpadc.o
 .text.LPADC_DoResetConfig
                0x0000615c       0x2c ./drivers/fsl_lpadc.o
 .text.LPADC_GetConvResultCount
                0x00006188       0x26 ./drivers/fsl_lpadc.o
 .text.LPADC_EnableOffsetCalibration
                0x000061ae       0x38 ./drivers/fsl_lpadc.o
 .text.LPADC_GetDefaultConfig
                0x000061e6       0x5c ./drivers/fsl_lpadc.o
                0x000061e6                LPADC_GetDefaultConfig
 .text.LPADC_DoOffsetCalibration
                0x00006242       0x2a ./drivers/fsl_lpadc.o
                0x00006242                LPADC_DoOffsetCalibration
 .text.CLOCK_EnableClock
                0x0000626c       0x30 ./drivers/fsl_pint.o
 .text.EnableIRQ
                0x0000629c       0x32 ./drivers/fsl_pint.o
 .text.PINT_PinInterruptClrFallFlag
                0x000062ce       0x22 ./drivers/fsl_pint.o
 .text.PINT_PinInterruptClrRiseFlag
                0x000062f0       0x22 ./drivers/fsl_pint.o
 .text.PINT_PatternMatchResetDetectLogic
                0x00006312       0x34 ./drivers/fsl_pint.o
                0x00006312                PINT_PatternMatchResetDetectLogic
 .text.PINT_PinInterruptClrStatus
                0x00006346       0x4e ./drivers/fsl_pint.o
                0x00006346                PINT_PinInterruptClrStatus
 .text.RESET_PeripheralReset
                0x00006394       0x1c ./drivers/fsl_reset.o
                0x00006394                RESET_PeripheralReset
 .text.CLOCK_EnableClock
                0x000063b0       0x30 ./drivers/fsl_sctimer.o
 .text.SystemInitHook
                0x000063e0        0xe ./device/system_LPC55S16.o
                0x000063e0                SystemInitHook
 .text.DisableGlobalIRQ
                0x000063ee       0x22 ./component/osa/fsl_os_abstraction_bm.o
 .text.EnableGlobalIRQ
                0x00006410       0x20 ./component/osa/fsl_os_abstraction_bm.o
 .text.OSA_EnterCritical
                0x00006430       0x1a ./component/osa/fsl_os_abstraction_bm.o
                0x00006430                OSA_EnterCritical
 .text.OSA_ExitCritical
                0x0000644a       0x16 ./component/osa/fsl_os_abstraction_bm.o
                0x0000644a                OSA_ExitCritical
 .text.DbgConsole_Init
                0x00006460       0x20 ./board/board.o
 .text.BOARD_InitBootClocks
                0x00006480        0xc ./board/clock_config.o
                0x00006480                BOARD_InitBootClocks
 .text.BOARD_InitPeripherals
                0x0000648c        0xe ./board/peripherals.o
                0x0000648c                BOARD_InitPeripherals
 .text.BOARD_InitBootPeripherals
                0x0000649a        0xc ./board/peripherals.o
                0x0000649a                BOARD_InitBootPeripherals
 .text.CLOCK_EnableClock
                0x000064a6       0x30 ./board/pin_mux.o
 .text.IOCON_PinMuxSet
                0x000064d6       0x2e ./board/pin_mux.o
 .text.BOARD_InitBootPins
                0x00006504        0xc ./board/pin_mux.o
                0x00006504                BOARD_InitBootPins
 .text.__main   0x00006510        0xe c:/nxp/mcuxpressoide_11.4.1_6260/ide/plugins/com.nxp.mcuxpresso.tools.win32_11.4.0.202103011116/tools/bin/../lib/gcc/arm-none-eabi/10.2.1/../../../../arm-none-eabi/lib/thumb/v8-m.main+fp/hard\libcr_semihost_nf.a(_cr__main.o)
                0x00006510                __CR_SEMIHOST
                0x00006510                __main
 .text.memcpy   0x0000651e        0x4 c:/nxp/mcuxpressoide_11.4.1_6260/ide/plugins/com.nxp.mcuxpresso.tools.win32_11.4.0.202103011116/tools/bin/../lib/gcc/arm-none-eabi/10.2.1/../../../../arm-none-eabi/lib/thumb/v8-m.main+fp/hard\libcr_c.a(memcpy.o)
                0x0000651e                memcpy
 .text.memset   0x00006522        0x4 c:/nxp/mcuxpressoide_11.4.1_6260/ide/plugins/com.nxp.mcuxpresso.tools.win32_11.4.0.202103011116/tools/bin/../lib/gcc/arm-none-eabi/10.2.1/../../../../arm-none-eabi/lib/thumb/v8-m.main+fp/hard\libcr_c.a(memset.o)
                0x00006522                memset
 .text._deferredlazyseek
                0x00006526       0x40 c:/nxp/mcuxpressoide_11.4.1_6260/ide/plugins/com.nxp.mcuxpresso.tools.win32_11.4.0.202103011116/tools/bin/../lib/gcc/arm-none-eabi/10.2.1/../../../../arm-none-eabi/lib/thumb/v8-m.main+fp/hard\libcr_c.a(_deferredlazyseek.o)
                0x00006526                _deferredlazyseek
 .text.__flsbuf
                0x00006566      0x140 c:/nxp/mcuxpressoide_11.4.1_6260/ide/plugins/com.nxp.mcuxpresso.tools.win32_11.4.0.202103011116/tools/bin/../lib/gcc/arm-none-eabi/10.2.1/../../../../arm-none-eabi/lib/thumb/v8-m.main+fp/hard\libcr_c.a(_deferredlazyseek.o)
                0x00006566                __flsbuf
 .text._fflush  0x000066a6       0x52 c:/nxp/mcuxpressoide_11.4.1_6260/ide/plugins/com.nxp.mcuxpresso.tools.win32_11.4.0.202103011116/tools/bin/../lib/gcc/arm-none-eabi/10.2.1/../../../../arm-none-eabi/lib/thumb/v8-m.main+fp/hard\libcr_c.a(_fflush.o)
                0x000066a6                _fflush
 .text.free     0x000066f8       0x30 c:/nxp/mcuxpressoide_11.4.1_6260/ide/plugins/com.nxp.mcuxpresso.tools.win32_11.4.0.202103011116/tools/bin/../lib/gcc/arm-none-eabi/10.2.1/../../../../arm-none-eabi/lib/thumb/v8-m.main+fp/hard\libcr_c.a(alloc.o)
                0x000066f8                free
 .text.fputs    0x00006728       0x2c c:/nxp/mcuxpressoide_11.4.1_6260/ide/plugins/com.nxp.mcuxpresso.tools.win32_11.4.0.202103011116/tools/bin/../lib/gcc/arm-none-eabi/10.2.1/../../../../arm-none-eabi/lib/thumb/v8-m.main+fp/hard\libcr_c.a(fputs.o)
                0x00006728                fputs
 .text.no_fp_display
                0x00006754        0x4 c:/nxp/mcuxpressoide_11.4.1_6260/ide/plugins/com.nxp.mcuxpresso.tools.win32_11.4.0.202103011116/tools/bin/../lib/gcc/arm-none-eabi/10.2.1/../../../../arm-none-eabi/lib/thumb/v8-m.main+fp/hard\libcr_c.a(printf.o)
 .text.setvbuf  0x00006758       0x3e c:/nxp/mcuxpressoide_11.4.1_6260/ide/plugins/com.nxp.mcuxpresso.tools.win32_11.4.0.202103011116/tools/bin/../lib/gcc/arm-none-eabi/10.2.1/../../../../arm-none-eabi/lib/thumb/v8-m.main+fp/hard\libcr_c.a(setvbuf.o)
                0x00006758                setvbuf
 .text.strlen   0x00006796       0x48 c:/nxp/mcuxpressoide_11.4.1_6260/ide/plugins/com.nxp.mcuxpresso.tools.win32_11.4.0.202103011116/tools/bin/../lib/gcc/arm-none-eabi/10.2.1/../../../../arm-none-eabi/lib/thumb/v8-m.main+fp/hard\libcr_c.a(strlen.o)
                0x00006796                strlen
 .text._fdopen  0x000067de       0x68 c:/nxp/mcuxpressoide_11.4.1_6260/ide/plugins/com.nxp.mcuxpresso.tools.win32_11.4.0.202103011116/tools/bin/../lib/gcc/arm-none-eabi/10.2.1/../../../../arm-none-eabi/lib/thumb/v8-m.main+fp/hard\libcr_c.a(_fdopen.o)
                0x000067de                _fdopen
 .text.fclose   0x00006846       0x58 c:/nxp/mcuxpressoide_11.4.1_6260/ide/plugins/com.nxp.mcuxpresso.tools.win32_11.4.0.202103011116/tools/bin/../lib/gcc/arm-none-eabi/10.2.1/../../../../arm-none-eabi/lib/thumb/v8-m.main+fp/hard\libcr_c.a(fclose.o)
                0x00006846                fclose
 .text.remove   0x0000689e       0x14 c:/nxp/mcuxpressoide_11.4.1_6260/ide/plugins/com.nxp.mcuxpresso.tools.win32_11.4.0.202103011116/tools/bin/../lib/gcc/arm-none-eabi/10.2.1/../../../../arm-none-eabi/lib/thumb/v8-m.main+fp/hard\libcr_c.a(remove.o)
                0x0000689e                remove
 .text._do_fflush
                0x000068b2       0x40 c:/nxp/mcuxpressoide_11.4.1_6260/ide/plugins/com.nxp.mcuxpresso.tools.win32_11.4.0.202103011116/tools/bin/../lib/gcc/arm-none-eabi/10.2.1/../../../../arm-none-eabi/lib/thumb/v8-m.main+fp/hard\libcr_c.a(_do_fflush.o)
                0x000068b2                _do_fflush
 .text.__aeabi_division_uldivmod
                0x000068f2      0x174 c:/nxp/mcuxpressoide_11.4.1_6260/ide/plugins/com.nxp.mcuxpresso.tools.win32_11.4.0.202103011116/tools/bin/../lib/gcc/arm-none-eabi/10.2.1/thumb/v8-m.main+fp/hard\libcr_eabihelpers.a(division_64.o)
                0x000068f2                __aeabi_uldivmod
                0x000068f6                __bhs_ldivmod1
 .text.__aeabi_division_idiv0
                0x00006a66        0x2 c:/nxp/mcuxpressoide_11.4.1_6260/ide/plugins/com.nxp.mcuxpresso.tools.win32_11.4.0.202103011116/tools/bin/../lib/gcc/arm-none-eabi/10.2.1/thumb/v8-m.main+fp/hard\libcr_eabihelpers.a(division_idiv0.o)
                0x00006a66                __aeabi_idiv0
 .text.__aeabi_memcpy
                0x00006a68       0x34 c:/nxp/mcuxpressoide_11.4.1_6260/ide/plugins/com.nxp.mcuxpresso.tools.win32_11.4.0.202103011116/tools/bin/../lib/gcc/arm-none-eabi/10.2.1/thumb/v8-m.main+fp/hard\libcr_eabihelpers.a(memcpy.o)
                0x00006a68                __aeabi_memcpy
                0x00006a72                __aeabi_memcpy8
                0x00006a72                __aeabi_memcpy4
 .text.__aeabi_memset_lowlevel
                0x00006a9c       0x32 c:/nxp/mcuxpressoide_11.4.1_6260/ide/plugins/com.nxp.mcuxpresso.tools.win32_11.4.0.202103011116/tools/bin/../lib/gcc/arm-none-eabi/10.2.1/thumb/v8-m.main+fp/hard\libcr_eabihelpers.a(memcpy.o)
                0x00006a9c                __aeabi_lowlevel_memset
 .text.__sys_close
                0x00006ace        0xc c:/nxp/mcuxpressoide_11.4.1_6260/ide/plugins/com.nxp.mcuxpresso.tools.win32_11.4.0.202103011116/tools/bin/../lib/gcc/arm-none-eabi/10.2.1/../../../../arm-none-eabi/lib/thumb/v8-m.main+fp/hard\libcr_semihost_nf.a(__sys_close.o)
                0x00006ace                __sys_close
 .text.__sys_flen
                0x00006ada        0xc c:/nxp/mcuxpressoide_11.4.1_6260/ide/plugins/com.nxp.mcuxpresso.tools.win32_11.4.0.202103011116/tools/bin/../lib/gcc/arm-none-eabi/10.2.1/../../../../arm-none-eabi/lib/thumb/v8-m.main+fp/hard\libcr_semihost_nf.a(__sys_flen.o)
                0x00006ada                __sys_flen
 .text.__sys_istty
                0x00006ae6        0xc c:/nxp/mcuxpressoide_11.4.1_6260/ide/plugins/com.nxp.mcuxpresso.tools.win32_11.4.0.202103011116/tools/bin/../lib/gcc/arm-none-eabi/10.2.1/../../../../arm-none-eabi/lib/thumb/v8-m.main+fp/hard\libcr_semihost_nf.a(__sys_istty.o)
                0x00006ae6                __sys_istty
 .text.__sys_remove
                0x00006af2        0xc c:/nxp/mcuxpressoide_11.4.1_6260/ide/plugins/com.nxp.mcuxpresso.tools.win32_11.4.0.202103011116/tools/bin/../lib/gcc/arm-none-eabi/10.2.1/../../../../arm-none-eabi/lib/thumb/v8-m.main+fp/hard\libcr_semihost_nf.a(__sys_remove.o)
                0x00006af2                __sys_remove
 .text.__sys_seek
                0x00006afe        0xc c:/nxp/mcuxpressoide_11.4.1_6260/ide/plugins/com.nxp.mcuxpresso.tools.win32_11.4.0.202103011116/tools/bin/../lib/gcc/arm-none-eabi/10.2.1/../../../../arm-none-eabi/lib/thumb/v8-m.main+fp/hard\libcr_semihost_nf.a(__sys_seek.o)
                0x00006afe                __sys_seek
 .text.__sys_tmpnam
                0x00006b0a        0xc c:/nxp/mcuxpressoide_11.4.1_6260/ide/plugins/com.nxp.mcuxpresso.tools.win32_11.4.0.202103011116/tools/bin/../lib/gcc/arm-none-eabi/10.2.1/../../../../arm-none-eabi/lib/thumb/v8-m.main+fp/hard\libcr_semihost_nf.a(__sys_tmpnam.o)
                0x00006b0a                __sys_tmpnam
 .text.__sys_write
                0x00006b16        0xc c:/nxp/mcuxpressoide_11.4.1_6260/ide/plugins/com.nxp.mcuxpresso.tools.win32_11.4.0.202103011116/tools/bin/../lib/gcc/arm-none-eabi/10.2.1/../../../../arm-none-eabi/lib/thumb/v8-m.main+fp/hard\libcr_semihost_nf.a(__sys_write.o)
                0x00006b16                __sys_write
 *(SORT_BY_ALIGNMENT(.rodata) SORT_BY_ALIGNMENT(.rodata.*) SORT_BY_ALIGNMENT(.constdata) SORT_BY_ALIGNMENT(.constdata.*))
 *fill*         0x00006b22        0x2 ff
 .rodata.SCTIMER_StartTimer.str1.4
                0x00006b24      0x332 ./source/modules/steppers/steppers.o
 *fill*         0x00006e56        0x2 ff
 .rodata.SCTIMER_StopTimer.str1.4
                0x00006e58      0x332 ./source/modules/steppers/steppers.o
 *fill*         0x0000718a        0x2 ff
 .rodata.SCTIMER_SetupOutputSetAction.str1.4
                0x0000718c       0xb2 ./source/modules/steppers/steppers.o
 *fill*         0x0000723e        0x2 ff
 .rodata.SCTIMER_SetupOutputClearAction.str1.4
                0x00007240       0xb2 ./source/modules/steppers/steppers.o
 *fill*         0x000072f2        0x2 ff
 .rodata.SCTIMER_SetupCounterLimitAction.str1.4
                0x000072f4      0x201 ./source/modules/steppers/steppers.o
 *fill*         0x000074f5        0x3 ff
 .rodata.SCTIMER_ClearEventInState.str1.4
                0x000074f8      0x160 ./source/modules/steppers/steppers.o
 .rodata.blockUntilMotorJobComplete.str1.4
                0x00007658       0x27 ./source/modules/steppers/steppers.o
 *fill*         0x0000767f        0x1 ff
 .rodata.getMotorCallbackLength.str1.4
                0x00007680       0x2a ./source/modules/steppers/steppers.o
 *fill*         0x000076aa        0x2 ff
 .rodata.setupPwm16BitMode.str1.4
                0x000076ac      0x129 ./source/modules/steppers/steppers.o
 *fill*         0x000077d5        0x3 ff
 .rodata.buttonCallback_stopMotors.str1.4
                0x000077d8       0x51 ./source/modules/mainInclude/mainInclude.o
 *fill*         0x00007829        0x3 ff
 .rodata.main.str1.4
                0x0000782c        0xd ./source/LPC55S16_Project_main_dev.o
 *fill*         0x00007839        0x3 ff
 .rodata.IntervalList
                0x0000783c       0x60 ./drivers/fsl_clock.o
 .rodata.SDK_DelayAtLeastUs.str1.4
                0x0000789c       0x2c ./drivers/fsl_common_arm.o
 .rodata.s_ctimerBases
                0x000078c8       0x14 ./drivers/fsl_ctimer.o
 .rodata.s_ctimerClocks
                0x000078dc        0xa ./drivers/fsl_ctimer.o
 *fill*         0x000078e6        0x2 ff
 .rodata.s_ctimerResets
                0x000078e8       0x14 ./drivers/fsl_ctimer.o
 .rodata.s_ctimerIRQ
                0x000078fc        0x5 ./drivers/fsl_ctimer.o
 *fill*         0x00007901        0x3 ff
 .rodata.CTIMER_GetInstance.str1.4
                0x00007904       0x2f ./drivers/fsl_ctimer.o
 *fill*         0x00007933        0x1 ff
 .rodata.CTIMER_Init.str1.4
                0x00007934       0x23 ./drivers/fsl_ctimer.o
 *fill*         0x00007957        0x1 ff
 .rodata.CTIMER_GetDefaultConfig.str1.4
                0x00007958       0x23 ./drivers/fsl_ctimer.o
 *fill*         0x0000797b        0x1 ff
 .rodata.s_dmaBases
                0x0000797c        0x8 ./drivers/fsl_dma.o
 .rodata.DMA_GetInstance.str1.4
                0x00007984       0x32 ./drivers/fsl_dma.o
 *fill*         0x000079b6        0x2 ff
 .rodata.s_flexcommBaseAddrs
                0x000079b8       0x24 ./drivers/fsl_flexcomm.o
 .rodata.FLEXCOMM_GetInstance.str1.4
                0x000079dc       0x43 ./drivers/fsl_flexcomm.o
 *fill*         0x00007a1f        0x1 ff
 .rodata.FLEXCOMM0_DriverIRQHandler.str1.4
                0x00007a20       0x3d ./drivers/fsl_flexcomm.o
 *fill*         0x00007a5d        0x3 ff
 .rodata.FLEXCOMM1_DriverIRQHandler.str1.4
                0x00007a60       0x3d ./drivers/fsl_flexcomm.o
 *fill*         0x00007a9d        0x3 ff
 .rodata.FLEXCOMM2_DriverIRQHandler.str1.4
                0x00007aa0       0x3d ./drivers/fsl_flexcomm.o
 *fill*         0x00007add        0x3 ff
 .rodata.FLEXCOMM3_DriverIRQHandler.str1.4
                0x00007ae0       0x3d ./drivers/fsl_flexcomm.o
 *fill*         0x00007b1d        0x3 ff
 .rodata.FLEXCOMM4_DriverIRQHandler.str1.4
                0x00007b20       0x3d ./drivers/fsl_flexcomm.o
 *fill*         0x00007b5d        0x3 ff
 .rodata.FLEXCOMM5_DriverIRQHandler.str1.4
                0x00007b60       0x3d ./drivers/fsl_flexcomm.o
 *fill*         0x00007b9d        0x3 ff
 .rodata.FLEXCOMM6_DriverIRQHandler.str1.4
                0x00007ba0       0x3d ./drivers/fsl_flexcomm.o
 *fill*         0x00007bdd        0x3 ff
 .rodata.FLEXCOMM7_DriverIRQHandler.str1.4
                0x00007be0       0x3d ./drivers/fsl_flexcomm.o
 *fill*         0x00007c1d        0x3 ff
 .rodata.FLEXCOMM8_DriverIRQHandler.str1.4
                0x00007c20       0x3d ./drivers/fsl_flexcomm.o
 *fill*         0x00007c5d        0x3 ff
 .rodata.s_gpioClockName
                0x00007c60        0x4 ./drivers/fsl_gpio.o
 .rodata.GPIO_EnablePortClock.str1.4
                0x00007c64       0x34 ./drivers/fsl_gpio.o
 .rodata.LPADC_GetInstance.str1.4
                0x00007c98       0x36 ./drivers/fsl_lpadc.o
 *fill*         0x00007cce        0x2 ff
 .rodata.LPADC_Init.str1.4
                0x00007cd0       0x21 ./drivers/fsl_lpadc.o
 *fill*         0x00007cf1        0x3 ff
 .rodata.LPADC_SetConvTriggerConfig.str1.4
                0x00007cf4       0x52 ./drivers/fsl_lpadc.o
 *fill*         0x00007d46        0x2 ff
 .rodata.LPADC_GetDefaultConvTriggerConfig.str1.4
                0x00007d48       0x22 ./drivers/fsl_lpadc.o
 *fill*         0x00007d6a        0x2 ff
 .rodata.LPADC_SetConvCommandConfig.str1.4
                0x00007d6c       0x88 ./drivers/fsl_lpadc.o
 .rodata.LPADC_GetDefaultConvCommandConfig.str1.4
                0x00007df4       0x22 ./drivers/fsl_lpadc.o
 *fill*         0x00007e16        0x2 ff
 .rodata.LPADC_DoAutoCalibration.str1.4
                0x00007e18       0x6a ./drivers/fsl_lpadc.o
 *fill*         0x00007e82        0x2 ff
 .rodata.s_pintIRQ
                0x00007e84        0xa ./drivers/fsl_pint.o
 *fill*         0x00007e8e        0x2 ff
 .rodata.PINT_Init.str1.4
                0x00007e90       0x1e ./drivers/fsl_pint.o
 *fill*         0x00007eae        0x2 ff
 .rodata.PINT_PinInterruptConfig.str1.4
                0x00007eb0       0x1f ./drivers/fsl_pint.o
 *fill*         0x00007ecf        0x1 ff
 .rodata.PINT_EnableCallbackByIndex.str1.4
                0x00007ed0       0x1f ./drivers/fsl_pint.o
 *fill*         0x00007eef        0x1 ff
 .rodata.RESET_SetPeripheralReset.str1.4
                0x00007ef0       0x1f ./drivers/fsl_reset.o
 *fill*         0x00007f0f        0x1 ff
 .rodata.RESET_ClearPeripheralReset.str1.4
                0x00007f10       0x1f ./drivers/fsl_reset.o
 *fill*         0x00007f2f        0x1 ff
 .rodata.SCTIMER_GetInstance.str1.4
                0x00007f30       0x2d ./drivers/fsl_sctimer.o
 *fill*         0x00007f5d        0x3 ff
 .rodata.SCTIMER_Init.str1.4
                0x00007f60       0x24 ./drivers/fsl_sctimer.o
 .rodata.SCTIMER_GetDefaultConfig.str1.4
                0x00007f84       0x24 ./drivers/fsl_sctimer.o
 .rodata.__num_Ciob_streams
                0x00007fa8        0x4 c:/nxp/mcuxpressoide_11.4.1_6260/ide/plugins/com.nxp.mcuxpresso.tools.win32_11.4.0.202103011116/tools/bin/../lib/gcc/arm-none-eabi/10.2.1/../../../../arm-none-eabi/lib/thumb/v8-m.main+fp/hard\libcr_semihost_nf.a(__ciob.o)
                0x00007fa8                __num_Ciob_streams
 .rodata.__assertion_failed.str1.1
                0x00007fac       0x15 c:/nxp/mcuxpressoide_11.4.1_6260/ide/plugins/com.nxp.mcuxpresso.tools.win32_11.4.0.202103011116/tools/bin/../lib/gcc/arm-none-eabi/10.2.1/../../../../arm-none-eabi/lib/thumb/v8-m.main+fp/hard\libcr_semihost_nf.a(_cr_assert.o)
 .rodata._Csys_alloc.str1.1
                0x00007fc1       0x18 c:/nxp/mcuxpressoide_11.4.1_6260/ide/plugins/com.nxp.mcuxpresso.tools.win32_11.4.0.202103011116/tools/bin/../lib/gcc/arm-none-eabi/10.2.1/../../../../arm-none-eabi/lib/thumb/v8-m.main+fp/hard\libcr_c.a(alloc.o)
 .rodata._initio.str1.1
                0x00007fd9        0x4 c:/nxp/mcuxpressoide_11.4.1_6260/ide/plugins/com.nxp.mcuxpresso.tools.win32_11.4.0.202103011116/tools/bin/../lib/gcc/arm-none-eabi/10.2.1/../../../../arm-none-eabi/lib/thumb/v8-m.main+fp/hard\libcr_c.a(initio.o)
 .rodata.__vfprintf.str1.1
                0x00007fdd       0x35 c:/nxp/mcuxpressoide_11.4.1_6260/ide/plugins/com.nxp.mcuxpresso.tools.win32_11.4.0.202103011116/tools/bin/../lib/gcc/arm-none-eabi/10.2.1/../../../../arm-none-eabi/lib/thumb/v8-m.main+fp/hard\libcr_c.a(printf.o)
                                 0x38 (size before relaxing)
                0x00008014                . = ALIGN (0x4)
 *fill*         0x00008012        0x2 ff

.glue_7         0x00008014        0x0
 .glue_7        0x00008014        0x0 linker stubs

.glue_7t        0x00008014        0x0
 .glue_7t       0x00008014        0x0 linker stubs

.vfp11_veneer   0x00008014        0x0
 .vfp11_veneer  0x00008014        0x0 linker stubs

.v4_bx          0x00008014        0x0
 .v4_bx         0x00008014        0x0 linker stubs

.iplt           0x00008014        0x0
 .iplt          0x00008014        0x0 ./usb/device/source/lpcip3511/usb_device_lpcip3511.o

.rel.dyn        0x00008014        0x0
 .rel.iplt      0x00008014        0x0 ./usb/device/source/lpcip3511/usb_device_lpcip3511.o

.ARM.extab
 *(SORT_BY_ALIGNMENT(.ARM.extab*) SORT_BY_ALIGNMENT(.gnu.linkonce.armextab.*))

.ARM.exidx      0x00008014        0x0
                0x00008014                __exidx_start = .
 *(SORT_BY_ALIGNMENT(.ARM.exidx*) SORT_BY_ALIGNMENT(.gnu.linkonce.armexidx.*))
                0x00008014                __exidx_end = .
                0x00008014                _etext = .

.m_usb_data
 *(SORT_BY_ALIGNMENT(m_usb_global))

.data_RAM2      0x20010000        0x0 load address 0x00008014
 FILL mask 0xff
                [!provide]                PROVIDE (__start_data_RAM2 = .)
                [!provide]                PROVIDE (__start_data_USB_RAM = .)
 *(SORT_BY_ALIGNMENT(.ramfunc.$RAM2))
 *(SORT_BY_ALIGNMENT(.ramfunc.$USB_RAM))
 *(SORT_BY_ALIGNMENT(.data.$RAM2))
 *(SORT_BY_ALIGNMENT(.data.$USB_RAM))
 *(SORT_BY_ALIGNMENT(.data.$RAM2.*))
 *(SORT_BY_ALIGNMENT(.data.$USB_RAM.*))
                0x20010000                . = ALIGN (0x4)
                [!provide]                PROVIDE (__end_data_RAM2 = .)
                [!provide]                PROVIDE (__end_data_USB_RAM = .)

.data_RAM3      0x04000000        0x0 load address 0x00008014
 FILL mask 0xff
                [!provide]                PROVIDE (__start_data_RAM3 = .)
                [!provide]                PROVIDE (__start_data_SRAMX = .)
 *(SORT_BY_ALIGNMENT(.ramfunc.$RAM3))
 *(SORT_BY_ALIGNMENT(.ramfunc.$SRAMX))
 *(SORT_BY_ALIGNMENT(.data.$RAM3))
 *(SORT_BY_ALIGNMENT(.data.$SRAMX))
 *(SORT_BY_ALIGNMENT(.data.$RAM3.*))
 *(SORT_BY_ALIGNMENT(.data.$SRAMX.*))
                0x04000000                . = ALIGN (0x4)
                [!provide]                PROVIDE (__end_data_RAM3 = .)
                [!provide]                PROVIDE (__end_data_SRAMX = .)

.uninit_RESERVED
                0x20000000        0x0
                0x20000000                _start_uninit_RESERVED = .
 *(SORT_BY_ALIGNMENT(.bss.$RESERVED*))
                0x20000000                . = ALIGN (0x4)
                0x20000000                _end_uninit_RESERVED = .

.data           0x20000000       0x8c load address 0x00008014
 FILL mask 0xff
                0x20000000                _data = .
                [!provide]                PROVIDE (__start_data_RAM = .)
                [!provide]                PROVIDE (__start_data_SRAM = .)
 *(SORT_BY_ALIGNMENT(vtable))
 *(SORT_BY_ALIGNMENT(.ramfunc*))
 *(SORT_BY_ALIGNMENT(CodeQuickAccess))
 *(SORT_BY_ALIGNMENT(DataQuickAccess))
 *(SORT_BY_ALIGNMENT(RamFunction))
 *(SORT_BY_ALIGNMENT(.data*))
 .data.motorX   0x20000000       0x24 ./source/modules/steppers/steppers.o
                0x20000000                motorX
 .data.motorY   0x20000024       0x24 ./source/modules/steppers/steppers.o
                0x20000024                motorY
 .data.legA     0x20000048        0x8 ./source/modules/sevenSegmentLED/sevenSegmentLED.o
                0x20000048                legA
 .data.legB     0x20000050        0x8 ./source/modules/sevenSegmentLED/sevenSegmentLED.o
                0x20000050                legB
 .data.legC     0x20000058        0x8 ./source/modules/sevenSegmentLED/sevenSegmentLED.o
                0x20000058                legC
 .data.legD     0x20000060        0x8 ./source/modules/sevenSegmentLED/sevenSegmentLED.o
                0x20000060                legD
 .data.legE     0x20000068        0x8 ./source/modules/sevenSegmentLED/sevenSegmentLED.o
                0x20000068                legE
 .data.legF     0x20000070        0x8 ./source/modules/sevenSegmentLED/sevenSegmentLED.o
                0x20000070                legF
 .data.legG     0x20000078        0x8 ./source/modules/sevenSegmentLED/sevenSegmentLED.o
                0x20000078                legG
 .data.sevenSegConfig
                0x20000080        0x2 ./source/modules/sevenSegmentLED/sevenSegmentLED.o
                0x20000080                sevenSegConfig
 *fill*         0x20000082        0x2 ff
 .data.s_Ext_Clk_Freq
                0x20000084        0x4 ./drivers/fsl_clock.o
 .data.SystemCoreClock
                0x20000088        0x4 ./device/system_LPC55S16.o
                0x20000088                SystemCoreClock
                0x2000008c                . = ALIGN (0x4)
                0x2000008c                _edata = .
                [!provide]                PROVIDE (__end_data_RAM = .)
                [!provide]                PROVIDE (__end_data_SRAM = .)

.igot.plt       0x2000008c        0x0 load address 0x000080a0
 .igot.plt      0x2000008c        0x0 ./usb/device/source/lpcip3511/usb_device_lpcip3511.o

.bss_RAM2       0x20010000        0x0
                [!provide]                PROVIDE (__start_bss_RAM2 = .)
                [!provide]                PROVIDE (__start_bss_USB_RAM = .)
 *(SORT_BY_ALIGNMENT(.bss.$RAM2))
 *(SORT_BY_ALIGNMENT(.bss.$USB_RAM))
 *(SORT_BY_ALIGNMENT(.bss.$RAM2.*))
 *(SORT_BY_ALIGNMENT(.bss.$USB_RAM.*))
                0x20010000                . = ALIGN ((. != 0x0)?0x4:0x1)
                [!provide]                PROVIDE (__end_bss_RAM2 = .)
                [!provide]                PROVIDE (__end_bss_USB_RAM = .)

.bss_RAM3       0x04000000        0x0
                [!provide]                PROVIDE (__start_bss_RAM3 = .)
                [!provide]                PROVIDE (__start_bss_SRAMX = .)
 *(SORT_BY_ALIGNMENT(.bss.$RAM3))
 *(SORT_BY_ALIGNMENT(.bss.$SRAMX))
 *(SORT_BY_ALIGNMENT(.bss.$RAM3.*))
 *(SORT_BY_ALIGNMENT(.bss.$SRAMX.*))
                0x04000000                . = ALIGN ((. != 0x0)?0x4:0x1)
                [!provide]                PROVIDE (__end_bss_RAM3 = .)
                [!provide]                PROVIDE (__end_bss_SRAMX = .)

.bss            0x2000008c      0x310
                0x2000008c                _bss = .
                [!provide]                PROVIDE (__start_bss_RAM = .)
                [!provide]                PROVIDE (__start_bss_SRAM = .)
 *(SORT_BY_ALIGNMENT(.bss*))
 .bss.sctimerInfo
                0x2000008c        0x9 ./source/modules/steppers/steppers.o
                0x2000008c                sctimerInfo
 *fill*         0x20000095        0x3 
 .bss.sctimerClock
                0x20000098        0x4 ./source/modules/steppers/steppers.o
                0x20000098                sctimerClock
 .bss.stepperMotorXCallback
                0x2000009c       0x10 ./source/modules/steppers/steppers.o
                0x2000009c                stepperMotorXCallback
 .bss.stepperMotorYCallback
                0x200000ac       0x10 ./source/modules/steppers/steppers.o
                0x200000ac                stepperMotorYCallback
 .bss.g_pwmPeriod
                0x200000bc        0x4 ./source/modules/servo/servo.o
                0x200000bc                g_pwmPeriod
 .bss.g_pulsePeriod
                0x200000c0        0x4 ./source/modules/servo/servo.o
                0x200000c0                g_pulsePeriod
 .bss.ctimer_config
                0x200000c4        0x8 ./source/modules/servo/servo.o
                0x200000c4                ctimer_config
 .bss.ctimer_srcClock_Hz
                0x200000cc        0x4 ./source/modules/servo/servo.o
                0x200000cc                ctimer_srcClock_Hz
 .bss.ctimer_timerClock
                0x200000d0        0x4 ./source/modules/servo/servo.o
                0x200000d0                ctimer_timerClock
 .bss.mLpadcConfigStruct
                0x200000d4       0x18 ./source/modules/irSensor/irSensor.o
                0x200000d4                mLpadcConfigStruct
 .bss.mLpadcTriggerConfigStruct
                0x200000ec       0x10 ./source/modules/irSensor/irSensor.o
                0x200000ec                mLpadcTriggerConfigStruct
 .bss.mLpadcCommandConfigStruct
                0x200000fc       0x24 ./source/modules/irSensor/irSensor.o
                0x200000fc                mLpadcCommandConfigStruct
 .bss.emergencyBumpCallback
                0x20000120        0x4 ./source/modules/buttons/buttons.o
                0x20000120                emergencyBumpCallback
 .bss.rightBumpCallback
                0x20000124        0x4 ./source/modules/buttons/buttons.o
                0x20000124                rightBumpCallback
 .bss.leftBumpCallback
                0x20000128        0x4 ./source/modules/buttons/buttons.o
                0x20000128                leftBumpCallback
 .bss.upBumpCallback
                0x2000012c        0x4 ./source/modules/buttons/buttons.o
                0x2000012c                upBumpCallback
 .bss.downBumpCallback
                0x20000130        0x4 ./source/modules/buttons/buttons.o
                0x20000130                downBumpCallback
 .bss.s_Pll0_Freq
                0x20000134        0x4 ./drivers/fsl_clock.o
 .bss.s_Pll1_Freq
                0x20000138        0x4 ./drivers/fsl_clock.o
 .bss.s_I2S_Mclk_Freq
                0x2000013c        0x4 ./drivers/fsl_clock.o
 .bss.s_ctimerCallback
                0x20000140       0x14 ./drivers/fsl_ctimer.o
 .bss.ctimerCallbackType
                0x20000154        0x5 ./drivers/fsl_ctimer.o
 *fill*         0x20000159        0x3 
 .bss.s_DMAHandle
                0x2000015c       0xb8 ./drivers/fsl_dma.o
 .bss.s_flexcommIrqHandler
                0x20000214       0x24 ./drivers/fsl_flexcomm.o
 .bss.s_flexcommHandle
                0x20000238       0x24 ./drivers/fsl_flexcomm.o
 .bss.s_secpintCallback
                0x2000025c        0x8 ./drivers/fsl_pint.o
 .bss.s_pintCallback
                0x20000264       0x20 ./drivers/fsl_pint.o
 .bss.s_eventCallback
                0x20000284       0x40 ./drivers/fsl_sctimer.o
 .bss.s_currentEvent
                0x200002c4        0x4 ./drivers/fsl_sctimer.o
 .bss.s_currentState
                0x200002c8        0x4 ./drivers/fsl_sctimer.o
 .bss.s_currentMatch
                0x200002cc        0x4 ./drivers/fsl_sctimer.o
 .bss.s_currentMatchhigh
                0x200002d0        0x4 ./drivers/fsl_sctimer.o
 .bss.s_sctimerIsr
                0x200002d4        0x4 ./drivers/fsl_sctimer.o
 .bss.s_UsbCdcHead
                0x200002d8        0x4 ./component/serial_manager/fsl_component_serial_port_usb.o
 .bss.__Ciob    0x200002dc       0xb4 c:/nxp/mcuxpressoide_11.4.1_6260/ide/plugins/com.nxp.mcuxpresso.tools.win32_11.4.0.202103011116/tools/bin/../lib/gcc/arm-none-eabi/10.2.1/../../../../arm-none-eabi/lib/thumb/v8-m.main+fp/hard\libcr_semihost_nf.a(__ciob.o)
                0x200002dc                __Ciob
 .bss.errno     0x20000390        0x4 c:/nxp/mcuxpressoide_11.4.1_6260/ide/plugins/com.nxp.mcuxpresso.tools.win32_11.4.0.202103011116/tools/bin/../lib/gcc/arm-none-eabi/10.2.1/../../../../arm-none-eabi/lib/thumb/v8-m.main+fp/hard\libcr_c.a(errno.o)
                0x20000390                errno
 .bss.__end_of_heap
                0x20000394        0x4 c:/nxp/mcuxpressoide_11.4.1_6260/ide/plugins/com.nxp.mcuxpresso.tools.win32_11.4.0.202103011116/tools/bin/../lib/gcc/arm-none-eabi/10.2.1/../../../../arm-none-eabi/lib/thumb/v8-m.main+fp/hard\libcr_c.a(__init_alloc.o)
                0x20000394                __end_of_heap
 .bss.__heaps   0x20000398        0x4 c:/nxp/mcuxpressoide_11.4.1_6260/ide/plugins/com.nxp.mcuxpresso.tools.win32_11.4.0.202103011116/tools/bin/../lib/gcc/arm-none-eabi/10.2.1/../../../../arm-none-eabi/lib/thumb/v8-m.main+fp/hard\libcr_c.a(__init_alloc.o)
                0x20000398                __heaps
 *(SORT_BY_ALIGNMENT(COMMON))
                0x2000039c                . = ALIGN (0x4)
                0x2000039c                _ebss = .
                [!provide]                PROVIDE (__end_bss_RAM = .)
                [!provide]                PROVIDE (__end_bss_SRAM = .)
                [!provide]                PROVIDE (end = .)

.noinit_RAM2    0x20010000        0x0
                [!provide]                PROVIDE (__start_noinit_RAM2 = .)
                [!provide]                PROVIDE (__start_noinit_USB_RAM = .)
 *(SORT_BY_ALIGNMENT(.noinit.$RAM2))
 *(SORT_BY_ALIGNMENT(.noinit.$USB_RAM))
 *(SORT_BY_ALIGNMENT(.noinit.$RAM2.*))
 *(SORT_BY_ALIGNMENT(.noinit.$USB_RAM.*))
                0x20010000                . = ALIGN (0x4)
                [!provide]                PROVIDE (__end_noinit_RAM2 = .)
                [!provide]                PROVIDE (__end_noinit_USB_RAM = .)

.noinit_RAM3    0x04000000        0x0
                [!provide]                PROVIDE (__start_noinit_RAM3 = .)
                [!provide]                PROVIDE (__start_noinit_SRAMX = .)
 *(SORT_BY_ALIGNMENT(.noinit.$RAM3))
 *(SORT_BY_ALIGNMENT(.noinit.$SRAMX))
 *(SORT_BY_ALIGNMENT(.noinit.$RAM3.*))
 *(SORT_BY_ALIGNMENT(.noinit.$SRAMX.*))
                0x04000000                . = ALIGN (0x4)
                [!provide]                PROVIDE (__end_noinit_RAM3 = .)
                [!provide]                PROVIDE (__end_noinit_SRAMX = .)

.noinit         0x2000039c        0x0
                0x2000039c                _noinit = .
                [!provide]                PROVIDE (__start_noinit_RAM = .)
                [!provide]                PROVIDE (__start_noinit_SRAM = .)
 *(SORT_BY_ALIGNMENT(.noinit*))
                0x2000039c                . = ALIGN (0x4)
                0x2000039c                _end_noinit = .
                [!provide]                PROVIDE (__end_noinit_RAM = .)
                [!provide]                PROVIDE (__end_noinit_SRAM = .)
                0x00001000                _HeapSize = 0x1000

.heap           0x2000039c     0x1000
                0x2000039c                _pvHeapStart = .
                0x2000139c                . = (. + _HeapSize)
 *fill*         0x2000039c     0x1000 
                0x2000139c                . = ALIGN (0x4)
                0x2000139c                _pvHeapLimit = .
                0x00001000                _StackSize = 0x1000

.heap2stackfill
                0x2000139c     0x1000
                0x2000239c                . = (. + _StackSize)
 *fill*         0x2000139c     0x1000 

.stack          0x2000f000        0x0
                0x2000f000                _vStackBase = .
                0x2000f000                . = ALIGN (0x4)
                0x20010000                _vStackTop = (. + _StackSize)
                [!provide]                PROVIDE (__valid_user_code_checksum = (0x0 - ((((((_vStackTop + (ResetISR + 0x1)) + (NMI_Handler + 0x1)) + (HardFault_Handler + 0x1)) + (DEFINED (MemManage_Handler)?MemManage_Handler:0x0 + 0x1)) + (DEFINED (BusFault_Handler)?BusFault_Handler:0x0 + 0x1)) + (DEFINED (UsageFault_Handler)?UsageFault_Handler:0x0 + 0x1))))
                0x00000000                _image_start = LOADADDR (.text)
                0x000080a0                _image_end = (LOADADDR (.data) + SIZEOF (.data))
                0x000080a0                _image_size = (_image_end - _image_start)
OUTPUT(LPC55S16_Project_main_dev.axf elf32-littlearm)
LOAD linker stubs

.debug_info     0x00000000    0x2960e
 .debug_info    0x00000000     0x1900 ./usb/device/source/lpcip3511/usb_device_lpcip3511.o
 .debug_info    0x00001900     0x12b3 ./usb/device/source/usb_device_dci.o
 .debug_info    0x00002bb3      0x71a ./startup/startup_lpc55s16.o
 .debug_info    0x000032cd     0x183c ./source/modules/steppers/steppers.o
 .debug_info    0x00004b09      0x7b9 ./source/modules/sevenSegmentLED/sevenSegmentLED.o
 .debug_info    0x000052c2      0x7d8 ./source/modules/servo/servo.o
 .debug_info    0x00005a9a      0x7de ./source/modules/mainInclude/mainInclude.o
 .debug_info    0x00006278      0xbd1 ./source/modules/irSensor/irSensor.o
 .debug_info    0x00006e49     0x1547 ./source/modules/buttons/buttons.o
 .debug_info    0x00008390       0xea ./source/LPC55S16_Project_main_dev.o
 .debug_info    0x0000847a       0x3c ./source/semihost_hardfault.o
 .debug_info    0x000084b6     0x3418 ./drivers/fsl_clock.o
 .debug_info    0x0000b8ce       0xf5 ./drivers/fsl_common_arm.o
 .debug_info    0x0000b9c3     0x22c2 ./drivers/fsl_ctimer.o
 .debug_info    0x0000dc85     0x2ad6 ./drivers/fsl_dma.o
 .debug_info    0x0001075b     0x1b51 ./drivers/fsl_flexcomm.o
 .debug_info    0x000122ac     0x17de ./drivers/fsl_gpio.o
 .debug_info    0x00013a8a     0x1ebf ./drivers/fsl_inputmux.o
 .debug_info    0x00015949     0x1e16 ./drivers/fsl_lpadc.o
 .debug_info    0x0001775f     0x22fd ./drivers/fsl_pint.o
 .debug_info    0x00019a5c      0xf81 ./drivers/fsl_reset.o
 .debug_info    0x0001a9dd     0x2679 ./drivers/fsl_sctimer.o
 .debug_info    0x0001d056     0x153d ./device/system_LPC55S16.o
 .debug_info    0x0001e593     0x1d75 ./component/serial_manager/fsl_component_serial_port_usb.o
 .debug_info    0x00020308      0xff9 ./component/osa/fsl_os_abstraction_bm.o
 .debug_info    0x00021301      0x873 ./board/board.o
 .debug_info    0x00021b74     0x1681 ./board/clock_config.o
 .debug_info    0x000231f5       0x9b ./board/peripherals.o
 .debug_info    0x00023290     0x2363 ./board/pin_mux.o
 .debug_info    0x000255f3     0x401b C:\Users\awiss\Documents\MCUXpressoIDE_11.4.1_6260\workspace\OvalMate\LPC55S16_Project_main_dev\LPC55S16\mcuxpresso\libpower_hardabi.a(fsl_power_lib.o)

.debug_abbrev   0x00000000     0x4155
 .debug_abbrev  0x00000000      0x316 ./usb/device/source/lpcip3511/usb_device_lpcip3511.o
 .debug_abbrev  0x00000316      0x1dc ./usb/device/source/usb_device_dci.o
 .debug_abbrev  0x000004f2      0x165 ./startup/startup_lpc55s16.o
 .debug_abbrev  0x00000657      0x344 ./source/modules/steppers/steppers.o
 .debug_abbrev  0x0000099b      0x1c3 ./source/modules/sevenSegmentLED/sevenSegmentLED.o
 .debug_abbrev  0x00000b5e      0x1d7 ./source/modules/servo/servo.o
 .debug_abbrev  0x00000d35      0x149 ./source/modules/mainInclude/mainInclude.o
 .debug_abbrev  0x00000e7e      0x18c ./source/modules/irSensor/irSensor.o
 .debug_abbrev  0x0000100a      0x17c ./source/modules/buttons/buttons.o
 .debug_abbrev  0x00001186       0xa8 ./source/LPC55S16_Project_main_dev.o
 .debug_abbrev  0x0000122e       0x31 ./source/semihost_hardfault.o
 .debug_abbrev  0x0000125f      0x35a ./drivers/fsl_clock.o
 .debug_abbrev  0x000015b9       0x92 ./drivers/fsl_common_arm.o
 .debug_abbrev  0x0000164b      0x382 ./drivers/fsl_ctimer.o
 .debug_abbrev  0x000019cd      0x368 ./drivers/fsl_dma.o
 .debug_abbrev  0x00001d35      0x2c0 ./drivers/fsl_flexcomm.o
 .debug_abbrev  0x00001ff5      0x210 ./drivers/fsl_gpio.o
 .debug_abbrev  0x00002205      0x1d7 ./drivers/fsl_inputmux.o
 .debug_abbrev  0x000023dc      0x257 ./drivers/fsl_lpadc.o
 .debug_abbrev  0x00002633      0x2da ./drivers/fsl_pint.o
 .debug_abbrev  0x0000290d      0x15a ./drivers/fsl_reset.o
 .debug_abbrev  0x00002a67      0x36e ./drivers/fsl_sctimer.o
 .debug_abbrev  0x00002dd5      0x20b ./device/system_LPC55S16.o
 .debug_abbrev  0x00002fe0      0x3c9 ./component/serial_manager/fsl_component_serial_port_usb.o
 .debug_abbrev  0x000033a9      0x368 ./component/osa/fsl_os_abstraction_bm.o
 .debug_abbrev  0x00003711      0x104 ./board/board.o
 .debug_abbrev  0x00003815      0x1ea ./board/clock_config.o
 .debug_abbrev  0x000039ff       0x61 ./board/peripherals.o
 .debug_abbrev  0x00003a60      0x257 ./board/pin_mux.o
 .debug_abbrev  0x00003cb7      0x49e C:\Users\awiss\Documents\MCUXpressoIDE_11.4.1_6260\workspace\OvalMate\LPC55S16_Project_main_dev\LPC55S16\mcuxpresso\libpower_hardabi.a(fsl_power_lib.o)

.debug_aranges  0x00000000     0x1308
 .debug_aranges
                0x00000000       0xd8 ./usb/device/source/lpcip3511/usb_device_lpcip3511.o
 .debug_aranges
                0x000000d8       0xc8 ./usb/device/source/usb_device_dci.o
 .debug_aranges
                0x000001a0      0x270 ./startup/startup_lpc55s16.o
 .debug_aranges
                0x00000410       0xd8 ./source/modules/steppers/steppers.o
 .debug_aranges
                0x000004e8       0x30 ./source/modules/sevenSegmentLED/sevenSegmentLED.o
 .debug_aranges
                0x00000518       0x68 ./source/modules/servo/servo.o
 .debug_aranges
                0x00000580       0x48 ./source/modules/mainInclude/mainInclude.o
 .debug_aranges
                0x000005c8       0x30 ./source/modules/irSensor/irSensor.o
 .debug_aranges
                0x000005f8       0x48 ./source/modules/buttons/buttons.o
 .debug_aranges
                0x00000640       0x28 ./source/LPC55S16_Project_main_dev.o
 .debug_aranges
                0x00000668       0x20 ./source/semihost_hardfault.o
 .debug_aranges
                0x00000688      0x248 ./drivers/fsl_clock.o
 .debug_aranges
                0x000008d0       0x28 ./drivers/fsl_common_arm.o
 .debug_aranges
                0x000008f8       0xe0 ./drivers/fsl_ctimer.o
 .debug_aranges
                0x000009d8      0x138 ./drivers/fsl_dma.o
 .debug_aranges
                0x00000b10       0x90 ./drivers/fsl_flexcomm.o
 .debug_aranges
                0x00000ba0       0x38 ./drivers/fsl_gpio.o
 .debug_aranges
                0x00000bd8       0x40 ./drivers/fsl_inputmux.o
 .debug_aranges
                0x00000c18       0xb0 ./drivers/fsl_lpadc.o
 .debug_aranges
                0x00000cc8      0x118 ./drivers/fsl_pint.o
 .debug_aranges
                0x00000de0       0x30 ./drivers/fsl_reset.o
 .debug_aranges
                0x00000e10       0xc8 ./drivers/fsl_sctimer.o
 .debug_aranges
                0x00000ed8       0x88 ./device/system_LPC55S16.o
 .debug_aranges
                0x00000f60       0xc0 ./component/serial_manager/fsl_component_serial_port_usb.o
 .debug_aranges
                0x00001020      0x130 ./component/osa/fsl_os_abstraction_bm.o
 .debug_aranges
                0x00001150       0x28 ./board/board.o
 .debug_aranges
                0x00001178       0x50 ./board/clock_config.o
 .debug_aranges
                0x000011c8       0x28 ./board/peripherals.o
 .debug_aranges
                0x000011f0       0x70 ./board/pin_mux.o
 .debug_aranges
                0x00001260       0xa8 C:\Users\awiss\Documents\MCUXpressoIDE_11.4.1_6260\workspace\OvalMate\LPC55S16_Project_main_dev\LPC55S16\mcuxpresso\libpower_hardabi.a(fsl_power_lib.o)

.debug_ranges   0x00000000     0x1298
 .debug_ranges  0x00000000       0xc8 ./usb/device/source/lpcip3511/usb_device_lpcip3511.o
 .debug_ranges  0x000000c8       0xb8 ./usb/device/source/usb_device_dci.o
 .debug_ranges  0x00000180      0x260 ./startup/startup_lpc55s16.o
 .debug_ranges  0x000003e0       0xf8 ./source/modules/steppers/steppers.o
 .debug_ranges  0x000004d8       0x20 ./source/modules/sevenSegmentLED/sevenSegmentLED.o
 .debug_ranges  0x000004f8       0x58 ./source/modules/servo/servo.o
 .debug_ranges  0x00000550       0x38 ./source/modules/mainInclude/mainInclude.o
 .debug_ranges  0x00000588       0x20 ./source/modules/irSensor/irSensor.o
 .debug_ranges  0x000005a8       0x38 ./source/modules/buttons/buttons.o
 .debug_ranges  0x000005e0       0x18 ./source/LPC55S16_Project_main_dev.o
 .debug_ranges  0x000005f8       0x10 ./source/semihost_hardfault.o
 .debug_ranges  0x00000608      0x238 ./drivers/fsl_clock.o
 .debug_ranges  0x00000840       0x18 ./drivers/fsl_common_arm.o
 .debug_ranges  0x00000858       0xd0 ./drivers/fsl_ctimer.o
 .debug_ranges  0x00000928      0x128 ./drivers/fsl_dma.o
 .debug_ranges  0x00000a50       0x80 ./drivers/fsl_flexcomm.o
 .debug_ranges  0x00000ad0       0x28 ./drivers/fsl_gpio.o
 .debug_ranges  0x00000af8       0x30 ./drivers/fsl_inputmux.o
 .debug_ranges  0x00000b28       0xa0 ./drivers/fsl_lpadc.o
 .debug_ranges  0x00000bc8      0x108 ./drivers/fsl_pint.o
 .debug_ranges  0x00000cd0       0x20 ./drivers/fsl_reset.o
 .debug_ranges  0x00000cf0       0xb8 ./drivers/fsl_sctimer.o
 .debug_ranges  0x00000da8       0x78 ./device/system_LPC55S16.o
 .debug_ranges  0x00000e20       0xb0 ./component/serial_manager/fsl_component_serial_port_usb.o
 .debug_ranges  0x00000ed0      0x120 ./component/osa/fsl_os_abstraction_bm.o
 .debug_ranges  0x00000ff0       0x18 ./board/board.o
 .debug_ranges  0x00001008       0x40 ./board/clock_config.o
 .debug_ranges  0x00001048       0x18 ./board/peripherals.o
 .debug_ranges  0x00001060       0x60 ./board/pin_mux.o
 .debug_ranges  0x000010c0      0x1d8 C:\Users\awiss\Documents\MCUXpressoIDE_11.4.1_6260\workspace\OvalMate\LPC55S16_Project_main_dev\LPC55S16\mcuxpresso\libpower_hardabi.a(fsl_power_lib.o)

.debug_macro    0x00000000     0x3a51
 .debug_macro   0x00000000      0x30f ./usb/device/source/lpcip3511/usb_device_lpcip3511.o
 .debug_macro   0x0000030f       0xb2 ./usb/device/source/lpcip3511/usb_device_lpcip3511.o
 .debug_macro   0x000003c1       0x34 ./usb/device/source/lpcip3511/usb_device_lpcip3511.o
 .debug_macro   0x000003f5       0x16 ./usb/device/source/lpcip3511/usb_device_lpcip3511.o
 .debug_macro   0x0000040b       0x4c ./usb/device/source/lpcip3511/usb_device_lpcip3511.o
 .debug_macro   0x00000457      0x1c4 ./usb/device/source/usb_device_dci.o
 .debug_macro   0x0000061b       0x29 ./startup/startup_lpc55s16.o
 .debug_macro   0x00000644      0x1a6 ./source/modules/steppers/steppers.o
 .debug_macro   0x000007ea       0x1c ./source/modules/steppers/steppers.o
 .debug_macro   0x00000806       0x16 ./source/modules/steppers/steppers.o
 .debug_macro   0x0000081c       0x2e ./source/modules/steppers/steppers.o
 .debug_macro   0x0000084a      0x14a ./source/modules/sevenSegmentLED/sevenSegmentLED.o
 .debug_macro   0x00000994      0x14f ./source/modules/servo/servo.o
 .debug_macro   0x00000ae3       0x2e ./source/modules/servo/servo.o
 .debug_macro   0x00000b11      0x238 ./source/modules/mainInclude/mainInclude.o
 .debug_macro   0x00000d49       0x35 ./source/modules/mainInclude/mainInclude.o
 .debug_macro   0x00000d7e       0x10 ./source/modules/mainInclude/mainInclude.o
 .debug_macro   0x00000d8e       0xfe ./source/modules/mainInclude/mainInclude.o
 .debug_macro   0x00000e8c      0x1f2 ./source/modules/mainInclude/mainInclude.o
 .debug_macro   0x0000107e      0x58c ./source/modules/mainInclude/mainInclude.o
 .debug_macro   0x0000160a       0x1c ./source/modules/mainInclude/mainInclude.o
 .debug_macro   0x00001626       0x28 ./source/modules/mainInclude/mainInclude.o
 .debug_macro   0x0000164e       0x10 ./source/modules/mainInclude/mainInclude.o
 .debug_macro   0x0000165e       0x76 ./source/modules/mainInclude/mainInclude.o
 .debug_macro   0x000016d4       0x88 ./source/modules/mainInclude/mainInclude.o
 .debug_macro   0x0000175c       0x22 ./source/modules/mainInclude/mainInclude.o
 .debug_macro   0x0000177e       0x10 ./source/modules/mainInclude/mainInclude.o
 .debug_macro   0x0000178e       0x10 ./source/modules/mainInclude/mainInclude.o
 .debug_macro   0x0000179e      0x14e ./source/modules/irSensor/irSensor.o
 .debug_macro   0x000018ec       0x16 ./source/modules/irSensor/irSensor.o
 .debug_macro   0x00001902      0x167 ./source/modules/buttons/buttons.o
 .debug_macro   0x00001a69       0x70 ./source/modules/buttons/buttons.o