Archive member included to satisfy reference by file (symbol)

c:/nxp/mcuxpressoide_11.5.0_7232/ide/plugins/com.nxp.mcuxpresso.tools.win32_11.5.0.202107051138/tools/bin/../lib/gcc/arm-none-eabi/10.3.1/../../../../arm-none-eabi/lib/thumb/v8-m.main+fp/hard\libcr_semihost_nf.a(_cr__main.o)
                              ./startup/startup_lpc55s16.o (__main)
c:/nxp/mcuxpressoide_11.5.0_7232/ide/plugins/com.nxp.mcuxpresso.tools.win32_11.5.0.202107051138/tools/bin/../lib/gcc/arm-none-eabi/10.3.1/../../../../arm-none-eabi/lib/thumb/v8-m.main+fp/hard\libcr_semihost_nf.a(_cr_assert.o)
                              ./drivers/fsl_common_arm.o (__assertion_failed)
c:/nxp/mcuxpressoide_11.5.0_7232/ide/plugins/com.nxp.mcuxpresso.tools.win32_11.5.0.202107051138/tools/bin/../lib/gcc/arm-none-eabi/10.3.1/../../../../arm-none-eabi/lib/thumb/v8-m.main+fp/hard\libcr_semihost_nf.a(__ciob.o)
                              c:/nxp/mcuxpressoide_11.5.0_7232/ide/plugins/com.nxp.mcuxpresso.tools.win32_11.5.0.202107051138/tools/bin/../lib/gcc/arm-none-eabi/10.3.1/../../../../arm-none-eabi/lib/thumb/v8-m.main+fp/hard\libcr_semihost_nf.a(_cr_assert.o) (__Ciob)
c:/nxp/mcuxpressoide_11.5.0_7232/ide/plugins/com.nxp.mcuxpresso.tools.win32_11.5.0.202107051138/tools/bin/../lib/gcc/arm-none-eabi/10.3.1/../../../../arm-none-eabi/lib/thumb/v8-m.main+fp/hard\libcr_semihost_nf.a(__sys_appexit.o)
                              c:/nxp/mcuxpressoide_11.5.0_7232/ide/plugins/com.nxp.mcuxpresso.tools.win32_11.5.0.202107051138/tools/bin/../lib/gcc/arm-none-eabi/10.3.1/../../../../arm-none-eabi/lib/thumb/v8-m.main+fp/hard\libcr_semihost_nf.a(_cr_assert.o) (__sys_appexit)
c:/nxp/mcuxpressoide_11.5.0_7232/ide/plugins/com.nxp.mcuxpresso.tools.win32_11.5.0.202107051138/tools/bin/../lib/gcc/arm-none-eabi/10.3.1/../../../../arm-none-eabi/lib/thumb/v8-m.main+fp/hard\libcr_c.a(memcpy.o)
                              ./utilities/fsl_str.o (memcpy)
c:/nxp/mcuxpressoide_11.5.0_7232/ide/plugins/com.nxp.mcuxpresso.tools.win32_11.5.0.202107051138/tools/bin/../lib/gcc/arm-none-eabi/10.3.1/../../../../arm-none-eabi/lib/thumb/v8-m.main+fp/hard\libcr_c.a(memset.o)
                              ./drivers/fsl_clock.o (memset)
c:/nxp/mcuxpressoide_11.5.0_7232/ide/plugins/com.nxp.mcuxpresso.tools.win32_11.5.0.202107051138/tools/bin/../lib/gcc/arm-none-eabi/10.3.1/../../../../arm-none-eabi/lib/thumb/v8-m.main+fp/hard\libcr_c.a(_deferredlazyseek.o)
                              c:/nxp/mcuxpressoide_11.5.0_7232/ide/plugins/com.nxp.mcuxpresso.tools.win32_11.5.0.202107051138/tools/bin/../lib/gcc/arm-none-eabi/10.3.1/../../../../arm-none-eabi/lib/thumb/v8-m.main+fp/hard\libcr_semihost_nf.a(_cr_assert.o) (__flsbuf)
c:/nxp/mcuxpressoide_11.5.0_7232/ide/plugins/com.nxp.mcuxpresso.tools.win32_11.5.0.202107051138/tools/bin/../lib/gcc/arm-none-eabi/10.3.1/../../../../arm-none-eabi/lib/thumb/v8-m.main+fp/hard\libcr_c.a(_fflush.o)
                              c:/nxp/mcuxpressoide_11.5.0_7232/ide/plugins/com.nxp.mcuxpresso.tools.win32_11.5.0.202107051138/tools/bin/../lib/gcc/arm-none-eabi/10.3.1/../../../../arm-none-eabi/lib/thumb/v8-m.main+fp/hard\libcr_c.a(_deferredlazyseek.o) (_fflush)
c:/nxp/mcuxpressoide_11.5.0_7232/ide/plugins/com.nxp.mcuxpresso.tools.win32_11.5.0.202107051138/tools/bin/../lib/gcc/arm-none-eabi/10.3.1/../../../../arm-none-eabi/lib/thumb/v8-m.main+fp/hard\libcr_c.a(_writebuf.o)
                              c:/nxp/mcuxpressoide_11.5.0_7232/ide/plugins/com.nxp.mcuxpresso.tools.win32_11.5.0.202107051138/tools/bin/../lib/gcc/arm-none-eabi/10.3.1/../../../../arm-none-eabi/lib/thumb/v8-m.main+fp/hard\libcr_c.a(_deferredlazyseek.o) (_Cwritebuf)
c:/nxp/mcuxpressoide_11.5.0_7232/ide/plugins/com.nxp.mcuxpresso.tools.win32_11.5.0.202107051138/tools/bin/../lib/gcc/arm-none-eabi/10.3.1/../../../../arm-none-eabi/lib/thumb/v8-m.main+fp/hard\libcr_c.a(alloc.o)
                              ./drivers/fsl_common.o (malloc)
c:/nxp/mcuxpressoide_11.5.0_7232/ide/plugins/com.nxp.mcuxpresso.tools.win32_11.5.0.202107051138/tools/bin/../lib/gcc/arm-none-eabi/10.3.1/../../../../arm-none-eabi/lib/thumb/v8-m.main+fp/hard\libcr_c.a(errno.o)
                              ./utilities/fsl_str.o (errno)
c:/nxp/mcuxpressoide_11.5.0_7232/ide/plugins/com.nxp.mcuxpresso.tools.win32_11.5.0.202107051138/tools/bin/../lib/gcc/arm-none-eabi/10.3.1/../../../../arm-none-eabi/lib/thumb/v8-m.main+fp/hard\libcr_c.a(fputs.o)
                              c:/nxp/mcuxpressoide_11.5.0_7232/ide/plugins/com.nxp.mcuxpresso.tools.win32_11.5.0.202107051138/tools/bin/../lib/gcc/arm-none-eabi/10.3.1/../../../../arm-none-eabi/lib/thumb/v8-m.main+fp/hard\libcr_semihost_nf.a(_cr_assert.o) (fputs)
c:/nxp/mcuxpressoide_11.5.0_7232/ide/plugins/com.nxp.mcuxpresso.tools.win32_11.5.0.202107051138/tools/bin/../lib/gcc/arm-none-eabi/10.3.1/../../../../arm-none-eabi/lib/thumb/v8-m.main+fp/hard\libcr_c.a(fseek.o)
[...]
Memory Configuration

Name             Origin             Length             Attributes
PROGRAM_FLASH    0x00000000         0x0003d800         xr
SRAM             0x20000000         0x00010000         xrw
USB_RAM          0x20010000         0x00004000         xrw
SRAMX            0x04000000         0x00004000         xrw
*default*        0x00000000         0xffffffff

Linker script and memory map

LOAD ./utilities/fsl_debug_console.o
LOAD ./utilities/fsl_str.o
LOAD ./usb/device/source/lpcip3511/usb_device_lpcip3511.o
LOAD ./usb/device/source/usb_device_ch9.o
LOAD ./usb/device/source/usb_device_dci.o
LOAD ./usb/device/class/cdc/usb_device_cdc_acm.o
LOAD ./usb/device/class/usb_device_class.o
LOAD ./startup/startup_lpc55s16.o
LOAD ./source/modules/utils/utils.o
LOAD ./source/modules/steppers/ctimerSteppers.o
LOAD ./source/modules/steppers/sctimerSteppers.o
LOAD ./source/modules/steppers/stepperInclude.o
LOAD ./source/modules/sevenSegmentLED/sevenSegmentLED.o
LOAD ./source/modules/servo/servo.o
LOAD ./source/modules/mainInclude/mainInclude.o
LOAD ./source/modules/irSensor/irSensor.o
LOAD ./source/modules/buttons/buttons.o
LOAD ./source/Ovalmate_dev.o
LOAD ./source/semihost_hardfault.o
LOAD ./drivers/fsl_clock.o
LOAD ./drivers/fsl_common.o
LOAD ./drivers/fsl_common_arm.o
LOAD ./drivers/fsl_ctimer.o
LOAD ./drivers/fsl_flexcomm.o
LOAD ./drivers/fsl_gpio.o
LOAD ./drivers/fsl_i2c.o
LOAD ./drivers/fsl_inputmux.o
LOAD ./drivers/fsl_lpadc.o
LOAD ./drivers/fsl_pint.o
LOAD ./drivers/fsl_power.o
LOAD ./drivers/fsl_reset.o
LOAD ./drivers/fsl_sctimer.o
LOAD ./drivers/fsl_usart.o
LOAD ./device/system_LPC55S16.o
LOAD ./component/uart/fsl_adapter_usart.o
LOAD ./component/timer/fsl_adapter_ctimer.o
LOAD ./component/serial_manager/usb_cdc_adapter/usb_device_descriptor.o
LOAD ./component/serial_manager/fsl_component_serial_manager.o
LOAD ./component/serial_manager/fsl_component_serial_port_uart.o
LOAD ./component/serial_manager/fsl_component_serial_port_usb.o
LOAD ./component/pwm/fsl_adapter_pwm_ctimer.o
LOAD ./component/osa/fsl_os_abstraction_bm.o
LOAD ./component/lists/fsl_component_generic_list.o
LOAD ./board/board.o
LOAD ./board/clock_config.o
LOAD ./board/peripherals.o
LOAD ./board/pin_mux.o
START GROUP
LOAD c:/nxp/mcuxpressoide_11.5.0_7232/ide/plugins/com.nxp.mcuxpresso.tools.win32_11.5.0.202107051138/tools/bin/../lib/gcc/arm-none-eabi/10.3.1/../../../../arm-none-eabi/lib/thumb/v8-m.main+fp/hard\libcr_semihost_nf.a
LOAD c:/nxp/mcuxpressoide_11.5.0_7232/ide/plugins/com.nxp.mcuxpresso.tools.win32_11.5.0.202107051138/tools/bin/../lib/gcc/arm-none-eabi/10.3.1/../../../../arm-none-eabi/lib/thumb/v8-m.main+fp/hard\libcr_c.a
LOAD c:/nxp/mcuxpressoide_11.5.0_7232/ide/plugins/com.nxp.mcuxpresso.tools.win32_11.5.0.202107051138/tools/bin/../lib/gcc/arm-none-eabi/10.3.1/thumb/v8-m.main+fp/hard\libcr_eabihelpers.a
LOAD c:/nxp/mcuxpressoide_11.5.0_7232/ide/plugins/com.nxp.mcuxpresso.tools.win32_11.5.0.202107051138/tools/bin/../lib/gcc/arm-none-eabi/10.3.1/thumb/v8-m.main+fp/hard\libgcc.a
END GROUP
                0x00000000                __base_PROGRAM_FLASH = 0x0
                0x00000000                __base_Flash = 0x0
                0x0003d800                __top_PROGRAM_FLASH = 0x3d800
                0x0003d800                __top_Flash = 0x3d800
                0x20000000                __base_SRAM = 0x20000000
                0x20000000                __base_RAM = 0x20000000
                0x20010000                __top_SRAM = 0x20010000
                0x20010000                __top_RAM = 0x20010000
                0x20010000                __base_USB_RAM = 0x20010000
                0x20010000                __base_RAM2 = 0x20010000
                0x20014000                __top_USB_RAM = 0x20014000
                0x20014000                __top_RAM2 = 0x20014000
                0x04000000                __base_SRAMX = 0x4000000
                0x04000000                __base_RAM3 = 0x4000000
                0x04004000                __top_SRAMX = 0x4004000
                0x04004000                __top_RAM3 = 0x4004000

.text           0x00000000     0x664c
 FILL mask 0xff
                0x00000000                __vectors_start__ = ABSOLUTE (.)
 *(SORT_BY_ALIGNMENT(.isr_vector))
 .isr_vector    0x00000000      0x134 ./startup/startup_lpc55s16.o
                0x00000000                g_pfnVectors
                0x00000000                __Vectors
                0x00000134                . = ALIGN (0x4)
                0x00000134                __section_table_start = .
                0x00000134                __data_section_table = .
                0x00000134        0x4 LONG 0x664c LOADADDR (.data)
                0x00000138        0x4 LONG 0x20000000 ADDR (.data)
                0x0000013c        0x4 LONG 0xb4 SIZEOF (.data)
                0x00000140        0x4 LONG 0x664c LOADADDR (.data_RAM2)
                0x00000144        0x4 LONG 0x20010000 ADDR (.data_RAM2)
                0x00000148        0x4 LONG 0x0 SIZEOF (.data_RAM2)
                0x0000014c        0x4 LONG 0x664c LOADADDR (.data_RAM3)
                0x00000150        0x4 LONG 0x4000000 ADDR (.data_RAM3)
                0x00000154        0x4 LONG 0x0 SIZEOF (.data_RAM3)
                0x00000158                __data_section_table_end = .
                0x00000158                __bss_section_table = .
                0x00000158        0x4 LONG 0x200000b4 ADDR (.bss)
                0x0000015c        0x4 LONG 0x1f0 SIZEOF (.bss)
                0x00000160        0x4 LONG 0x20010000 ADDR (.bss_RAM2)
                0x00000164        0x4 LONG 0x0 SIZEOF (.bss_RAM2)
                0x00000168        0x4 LONG 0x4000000 ADDR (.bss_RAM3)
                0x0000016c        0x4 LONG 0x0 SIZEOF (.bss_RAM3)
                0x00000170                __bss_section_table_end = .
                0x00000170                __section_table_end = .
 *(SORT_BY_ALIGNMENT(.after_vectors*))
 .after_vectors.reset
                0x00000170       0x68 ./startup/startup_lpc55s16.o
                0x00000170                ResetISR
 .after_vectors.init_data
                0x000001d8       0x1e ./startup/startup_lpc55s16.o
                0x000001d8                data_init
 .after_vectors.init_bss
                0x000001f6       0x12 ./startup/startup_lpc55s16.o
                0x000001f6                bss_init
 .after_vectors
                0x00000208       0x16 ./startup/startup_lpc55s16.o
                0x00000208                NMI_Handler
                0x0000020c                MemManage_Handler
                0x0000020e                BusFault_Handler
                0x00000210                UsageFault_Handler
                0x00000212                SecureFault_Handler
                0x00000214                SVC_Handler
                0x00000216                DebugMon_Handler
                0x00000218                PendSV_Handler
                0x0000021a                SysTick_Handler
                0x0000021c                Reserved56_DriverIRQHandler
                0x0000021c                Reserved73_DriverIRQHandler
                0x0000021c                CAN0_IRQ0_DriverIRQHandler
                0x0000021c                IntDefaultHandler
                0x0000021c                USB0_DriverIRQHandler
                0x0000021c                CASER_DriverIRQHandler
                0x0000021c                MRT0_DriverIRQHandler
                0x0000021c                UTICK0_DriverIRQHandler
                0x0000021c                Reserved41_DriverIRQHandler
                0x0000021c                Reserved47_DriverIRQHandler
                0x0000021c                GINT1_DriverIRQHandler
                0x0000021c                SEC_VIO_DriverIRQHandler
                0x0000021c                HASHCRYPT_DriverIRQHandler
                0x0000021c                CAN0_IRQ1_DriverIRQHandler
                0x0000021c                USB0_NEEDCLK_DriverIRQHandler
                0x0000021c                Reserved42_DriverIRQHandler
                0x0000021c                Reserved61_DriverIRQHandler
                0x0000021c                PUF_DriverIRQHandler
                0x0000021c                RTC_DriverIRQHandler
                0x0000021c                DMA0_DriverIRQHandler
                0x0000021c                CDOG_DriverIRQHandler
                0x0000021c                Reserved39_DriverIRQHandler
                0x0000021c                USB1_DriverIRQHandler
                0x0000021c                DMA1_DriverIRQHandler
                0x0000021c                ADC0_DriverIRQHandler
                0x0000021c                USB1_NEEDCLK_DriverIRQHandler
                0x0000021c                GINT0_DriverIRQHandler
                0x0000021c                USB1_PHY_DriverIRQHandler
                0x0000021c                ACMP_DriverIRQHandler
                0x0000021c                Reserved58_DriverIRQHandler
                0x0000021c                Reserved57_DriverIRQHandler
                0x0000021c                Reserved55_DriverIRQHandler
                0x0000021c                Reserved46_DriverIRQHandler
                0x0000021c                WDT_BOD_DriverIRQHandler
                0x0000021c                PLU_DriverIRQHandler
                0x0000021c                OS_EVENT_DriverIRQHandler
                0x0000021c                SEC_HYPERVISOR_CALL_DriverIRQHandler
 *(SORT_BY_ALIGNMENT(.text*))
 *fill*         0x0000021e        0x2 ff
 .text.initializeStepperPWM
                0x00000220       0x9c ./source/modules/steppers/ctimerSteppers.o
                0x00000220                initializeStepperPWM
 .text.CTIMER_setPWMPeriodValue
                0x000002bc       0x4c ./source/modules/steppers/ctimerSteppers.o
                0x000002bc                CTIMER_setPWMPeriodValue
 .text.ctimerGeneralCallback
                0x00000308       0x54 ./source/modules/steppers/ctimerSteppers.o
                0x00000308                ctimerGeneralCallback
 .text.blockUntilMotorJobComplete
                0x0000035c       0x64 ./source/modules/steppers/ctimerSteppers.o
                0x0000035c                blockUntilMotorJobComplete
 .text.getMotor
                0x000003c0       0x30 ./source/modules/steppers/ctimerSteppers.o
                0x000003c0                getMotor
 .text.set7Seg  0x000003f0       0xd4 ./source/modules/sevenSegmentLED/sevenSegmentLED.o
                0x000003f0                set7Seg
 .text.initialize7SegLegs
                0x000004c4       0xb8 ./source/modules/sevenSegmentLED/sevenSegmentLED.o
                0x000004c4                initialize7SegLegs
 .text.initializeServoPWM
                0x0000057c       0x44 ./source/modules/servo/servo.o
                0x0000057c                initializeServoPWM
 .text.setupServoPWM
                0x000005c0       0x44 ./source/modules/servo/servo.o
                0x000005c0                setupServoPWM
 .text.updateServoPWMDutyCycle
                0x00000604       0x30 ./source/modules/servo/servo.o
                0x00000604                updateServoPWMDutyCycle
 .text.startServoPWM
                0x00000634       0x14 ./source/modules/servo/servo.o
                0x00000634                startServoPWM
 .text.CTIMER_getPWMPeriodValue
                0x00000648       0x54 ./source/modules/servo/servo.o
                0x00000648                CTIMER_getPWMPeriodValue
 .text.CTIMER_updatePWMPulsePeriodValue
                0x0000069c       0x40 ./source/modules/servo/servo.o
                0x0000069c                CTIMER_updatePWMPulsePeriodValue
 .text.configure
                0x000006dc       0x48 ./source/modules/mainInclude/mainInclude.o
                0x000006dc                configure
 .text.buttonCallback_stopMotors
                0x00000724       0x40 ./source/modules/mainInclude/mainInclude.o
                0x00000724                buttonCallback_stopMotors
 .text.driveStepperPWM
                0x00000764       0x8c ./source/modules/mainInclude/mainInclude.o
                0x00000764                driveStepperPWM
 .text.getADCValue
                0x000007f0       0x3c ./source/modules/irSensor/irSensor.o
                0x000007f0                getADCValue
 .text.initializeADC
                0x0000082c       0x78 ./source/modules/irSensor/irSensor.o
                0x0000082c                initializeADC
 .text.assignPinsToInterrupts
                0x000008a4       0xf0 ./source/modules/buttons/buttons.o
                0x000008a4                assignPinsToInterrupts
 .text.buttonEmergencyCallback
                0x00000994       0x2c ./source/modules/buttons/buttons.o
                0x00000994                buttonEmergencyCallback
 .text.bumpRightCallback
                0x000009c0       0x2c ./source/modules/buttons/buttons.o
                0x000009c0                bumpRightCallback
 .text.bumpLeftCallback
                0x000009ec       0x2c ./source/modules/buttons/buttons.o
                0x000009ec                bumpLeftCallback
 .text.bumpUpCallback
                0x00000a18       0x2c ./source/modules/buttons/buttons.o
                0x00000a18                bumpUpCallback
 .text.bumpDownCallback
                0x00000a44       0x2c ./source/modules/buttons/buttons.o
                0x00000a44                bumpDownCallback
 .text.delay    0x00000a70       0x34 ./source/Ovalmate_dev.o
                0x00000a70                delay
 .text.main     0x00000aa4       0xd0 ./source/Ovalmate_dev.o
                0x00000aa4                main
 .text.POWER_EnablePD
                0x00000b74       0x20 ./drivers/fsl_clock.o
 .text.POWER_DisablePD
                0x00000b94       0x20 ./drivers/fsl_clock.o
 .text.CLOCK_AttachClk
                0x00000bb4       0xc0 ./drivers/fsl_clock.o
                0x00000bb4                CLOCK_AttachClk
 .text.CLOCK_SetClkDiv
                0x00000c74       0x80 ./drivers/fsl_clock.o
                0x00000c74                CLOCK_SetClkDiv
 .text.CLOCK_SetupFROClocking
                0x00000cf4       0x74 ./drivers/fsl_clock.o
                0x00000cf4                CLOCK_SetupFROClocking
 .text.CLOCK_SetFLASHAccessCyclesForFreq
                0x00000d68       0xa0 ./drivers/fsl_clock.o
                0x00000d68                CLOCK_SetFLASHAccessCyclesForFreq
 .text.CLOCK_GetFro12MFreq
                0x00000e08       0x28 ./drivers/fsl_clock.o
                0x00000e08                CLOCK_GetFro12MFreq
 .text.CLOCK_GetFro1MFreq
                0x00000e30       0x28 ./drivers/fsl_clock.o
                0x00000e30                CLOCK_GetFro1MFreq
 .text.CLOCK_GetExtClkFreq
                0x00000e58       0x2c ./drivers/fsl_clock.o
                0x00000e58                CLOCK_GetExtClkFreq
 .text.CLOCK_GetFroHfFreq
                0x00000e84       0x28 ./drivers/fsl_clock.o
                0x00000e84                CLOCK_GetFroHfFreq
 .text.CLOCK_GetPll0OutFreq
                0x00000eac       0x18 ./drivers/fsl_clock.o
                0x00000eac                CLOCK_GetPll0OutFreq
 .text.CLOCK_GetPll1OutFreq
                0x00000ec4       0x18 ./drivers/fsl_clock.o
                0x00000ec4                CLOCK_GetPll1OutFreq
 .text.CLOCK_GetOsc32KFreq
                0x00000edc       0x58 ./drivers/fsl_clock.o
                0x00000edc                CLOCK_GetOsc32KFreq
 .text.CLOCK_GetCoreSysClkFreq
                0x00000f34       0xa8 ./drivers/fsl_clock.o
                0x00000f34                CLOCK_GetCoreSysClkFreq
 .text.CLOCK_GetI2SMClkFreq
                0x00000fdc       0x18 ./drivers/fsl_clock.o
                0x00000fdc                CLOCK_GetI2SMClkFreq
 .text.CLOCK_GetCTimerClkFreq
                0x00000ff4       0x8c ./drivers/fsl_clock.o
                0x00000ff4                CLOCK_GetCTimerClkFreq
 .text.CLOCK_GetPLL0InClockRate
                0x00001080       0x64 ./drivers/fsl_clock.o
                0x00001080                CLOCK_GetPLL0InClockRate
 .text.CLOCK_SetPLL0Freq
                0x000010e4      0x12c ./drivers/fsl_clock.o
                0x000010e4                CLOCK_SetPLL0Freq
 .text.SDK_DelayAtLeastUs
                0x00001210       0x8c ./drivers/fsl_common_arm.o
                0x00001210                SDK_DelayAtLeastUs
 .text.__NVIC_EnableIRQ
                0x0000129c       0x3c ./drivers/fsl_ctimer.o
 .text.CTIMER_GetInstance
                0x000012d8       0x54 ./drivers/fsl_ctimer.o
 .text.CTIMER_Init
                0x0000132c       0x74 ./drivers/fsl_ctimer.o
                0x0000132c                CTIMER_Init
 .text.CTIMER_GetDefaultConfig
                0x000013a0       0x3c ./drivers/fsl_ctimer.o
                0x000013a0                CTIMER_GetDefaultConfig
 .text.CTIMER_SetupPwmPeriod
                0x000013dc       0xd8 ./drivers/fsl_ctimer.o
                0x000013dc                CTIMER_SetupPwmPeriod
 .text.CTIMER_RegisterCallBack
                0x000014b4       0x3c ./drivers/fsl_ctimer.o
                0x000014b4                CTIMER_RegisterCallBack
 .text.CTIMER_GenericIRQHandler
                0x000014f0       0xb4 ./drivers/fsl_ctimer.o
 .text.FLEXCOMM_GetInstance
                0x000015a4       0x50 ./drivers/fsl_flexcomm.o
                0x000015a4                FLEXCOMM_GetInstance
 .text.FLEXCOMM0_DriverIRQHandler
                0x000015f4       0x5c ./drivers/fsl_flexcomm.o
                0x000015f4                FLEXCOMM0_DriverIRQHandler
 .text.FLEXCOMM1_DriverIRQHandler
                0x00001650       0x5c ./drivers/fsl_flexcomm.o
                0x00001650                FLEXCOMM1_DriverIRQHandler
 .text.FLEXCOMM2_DriverIRQHandler
                0x000016ac       0x5c ./drivers/fsl_flexcomm.o
                0x000016ac                FLEXCOMM2_DriverIRQHandler
 .text.FLEXCOMM3_DriverIRQHandler
                0x00001708       0x5c ./drivers/fsl_flexcomm.o
                0x00001708                FLEXCOMM3_DriverIRQHandler
 .text.FLEXCOMM4_DriverIRQHandler
                0x00001764       0x5c ./drivers/fsl_flexcomm.o
                0x00001764                FLEXCOMM4_DriverIRQHandler
 .text.FLEXCOMM5_DriverIRQHandler
                0x000017c0       0x5c ./drivers/fsl_flexcomm.o
                0x000017c0                FLEXCOMM5_DriverIRQHandler
 .text.FLEXCOMM6_DriverIRQHandler
                0x0000181c       0x5c ./drivers/fsl_flexcomm.o
                0x0000181c                FLEXCOMM6_DriverIRQHandler
 .text.FLEXCOMM7_DriverIRQHandler
                0x00001878       0x5c ./drivers/fsl_flexcomm.o
                0x00001878                FLEXCOMM7_DriverIRQHandler
 .text.FLEXCOMM8_DriverIRQHandler
                0x000018d4       0x5c ./drivers/fsl_flexcomm.o
                0x000018d4                FLEXCOMM8_DriverIRQHandler
 .text.GPIO_EnablePortClock
                0x00001930       0x34 ./drivers/fsl_gpio.o
 .text.LPADC_GetInstance
                0x00001964       0x44 ./drivers/fsl_lpadc.o
 .text.LPADC_Init
                0x000019a8      0x114 ./drivers/fsl_lpadc.o
                0x000019a8                LPADC_Init
 .text.LPADC_GetConvResult
                0x00001abc       0x6c ./drivers/fsl_lpadc.o
                0x00001abc                LPADC_GetConvResult
 .text.LPADC_SetConvTriggerConfig
                0x00001b28       0x8c ./drivers/fsl_lpadc.o
                0x00001b28                LPADC_SetConvTriggerConfig
 .text.LPADC_GetDefaultConvTriggerConfig
                0x00001bb4       0x50 ./drivers/fsl_lpadc.o
                0x00001bb4                LPADC_GetDefaultConvTriggerConfig
 .text.LPADC_SetConvCommandConfig
                0x00001c04      0x110 ./drivers/fsl_lpadc.o
                0x00001c04                LPADC_SetConvCommandConfig
 .text.LPADC_GetDefaultConvCommandConfig
                0x00001d14       0x78 ./drivers/fsl_lpadc.o
                0x00001d14                LPADC_GetDefaultConvCommandConfig
 .text.LPADC_DoAutoCalibration
                0x00001d8c       0xec ./drivers/fsl_lpadc.o
                0x00001d8c                LPADC_DoAutoCalibration
 .text.__NVIC_EnableIRQ
                0x00001e78       0x3c ./drivers/fsl_pint.o
 .text.__NVIC_ClearPendingIRQ
                0x00001eb4       0x3c ./drivers/fsl_pint.o
 .text.PINT_Init
                0x00001ef0       0xd4 ./drivers/fsl_pint.o
                0x00001ef0                PINT_Init
 .text.PINT_PinInterruptConfig
                0x00001fc4       0xd0 ./drivers/fsl_pint.o
                0x00001fc4                PINT_PinInterruptConfig
 .text.PINT_EnableCallbackByIndex
                0x00002094       0x5c ./drivers/fsl_pint.o
                0x00002094                PINT_EnableCallbackByIndex
 .text.SEC_GPIO_INT0_IRQ0_DriverIRQHandler
                0x000020f0       0x48 ./drivers/fsl_pint.o
                0x000020f0                SEC_GPIO_INT0_IRQ0_DriverIRQHandler
 .text.SEC_GPIO_INT0_IRQ1_DriverIRQHandler
                0x00002138       0x44 ./drivers/fsl_pint.o
                0x00002138                SEC_GPIO_INT0_IRQ1_DriverIRQHandler
 .text.PIN_INT0_DriverIRQHandler
                0x0000217c       0x48 ./drivers/fsl_pint.o
                0x0000217c                PIN_INT0_DriverIRQHandler
 .text.PIN_INT1_DriverIRQHandler
                0x000021c4       0x48 ./drivers/fsl_pint.o
                0x000021c4                PIN_INT1_DriverIRQHandler
 .text.PIN_INT2_DriverIRQHandler
                0x0000220c       0x48 ./drivers/fsl_pint.o
                0x0000220c                PIN_INT2_DriverIRQHandler
 .text.PIN_INT3_DriverIRQHandler
                0x00002254       0x48 ./drivers/fsl_pint.o
                0x00002254                PIN_INT3_DriverIRQHandler
 .text.PIN_INT4_DriverIRQHandler
                0x0000229c       0x48 ./drivers/fsl_pint.o
                0x0000229c                PIN_INT4_DriverIRQHandler
 .text.PIN_INT5_DriverIRQHandler
                0x000022e4       0x48 ./drivers/fsl_pint.o
                0x000022e4                PIN_INT5_DriverIRQHandler
 .text.PIN_INT6_DriverIRQHandler
                0x0000232c       0x48 ./drivers/fsl_pint.o
                0x0000232c                PIN_INT6_DriverIRQHandler
 .text.PIN_INT7_DriverIRQHandler
                0x00002374       0x48 ./drivers/fsl_pint.o
                0x00002374                PIN_INT7_DriverIRQHandler
 .text.lowpower_set_system_voltage
                0x000023bc      0x154 ./drivers/fsl_power.o
 .text.lowpower_set_dcdc_power_profile
                0x00002510       0xec ./drivers/fsl_power.o
 .text.lowpower_get_part_process_corner
                0x000025fc       0x94 ./drivers/fsl_power.o
 .text.POWER_SetVoltageForFreq
                0x00002690       0x50 ./drivers/fsl_power.o
                0x00002690                POWER_SetVoltageForFreq
 .text.RESET_SetPeripheralReset
                0x000026e0       0x5c ./drivers/fsl_reset.o
                0x000026e0                RESET_SetPeripheralReset
 .text.RESET_ClearPeripheralReset
                0x0000273c       0x60 ./drivers/fsl_reset.o
                0x0000273c                RESET_ClearPeripheralReset
 .text.SCT0_DriverIRQHandler
                0x0000279c       0x18 ./drivers/fsl_sctimer.o
                0x0000279c                SCT0_DriverIRQHandler
 .text.SystemInit
                0x000027b4       0xac ./device/system_LPC55S16.o
                0x000027b4                SystemInit
 .text.USB0_IRQHandler
                0x00002860       0x3c ./component/serial_manager/fsl_component_serial_port_usb.o
                0x00002860                USB0_IRQHandler
 .text.BOARD_InitDebugConsole
                0x0000289c       0x38 ./board/board.o
                0x0000289c                BOARD_InitDebugConsole
 .text.POWER_DisablePD
                0x000028d4       0x20 ./board/clock_config.o
 .text.BOARD_BootClockPLL150M
                0x000028f4      0x148 ./board/clock_config.o
                0x000028f4                BOARD_BootClockPLL150M
 .text.BOARD_InitDEBUG_UARTPins
                0x00002a3c      0x3b4 ./board/pin_mux.o
                0x00002a3c                BOARD_InitDEBUG_UARTPins
 .text.__assertion_failed
                0x00002df0       0x4c c:/nxp/mcuxpressoide_11.5.0_7232/ide/plugins/com.nxp.mcuxpresso.tools.win32_11.5.0.202107051138/tools/bin/../lib/gcc/arm-none-eabi/10.3.1/../../../../arm-none-eabi/lib/thumb/v8-m.main+fp/hard\libcr_semihost_nf.a(_cr_assert.o)
                0x00002df0                __assertion_failed
 .text.__sys_appexit
                0x00002e3c        0xc c:/nxp/mcuxpressoide_11.5.0_7232/ide/plugins/com.nxp.mcuxpresso.tools.win32_11.5.0.202107051138/tools/bin/../lib/gcc/arm-none-eabi/10.3.1/../../../../arm-none-eabi/lib/thumb/v8-m.main+fp/hard\libcr_semihost_nf.a(__sys_appexit.o)
                0x00002e3c                __sys_appexit
                0x00002e3c                __exit
 .text._Cwritebuf
                0x00002e48       0x6c c:/nxp/mcuxpressoide_11.5.0_7232/ide/plugins/com.nxp.mcuxpresso.tools.win32_11.5.0.202107051138/tools/bin/../lib/gcc/arm-none-eabi/10.3.1/../../../../arm-none-eabi/lib/thumb/v8-m.main+fp/hard\libcr_c.a(_writebuf.o)
                0x00002e48                _Cwritebuf
 .text.malloc   0x00002eb4       0xc8 c:/nxp/mcuxpressoide_11.5.0_7232/ide/plugins/com.nxp.mcuxpresso.tools.win32_11.5.0.202107051138/tools/bin/../lib/gcc/arm-none-eabi/10.3.1/../../../../arm-none-eabi/lib/thumb/v8-m.main+fp/hard\libcr_c.a(alloc.o)
                0x00002eb4                malloc
 .text._Csys_alloc
                0x00002f7c       0x20 c:/nxp/mcuxpressoide_11.5.0_7232/ide/plugins/com.nxp.mcuxpresso.tools.win32_11.5.0.202107051138/tools/bin/../lib/gcc/arm-none-eabi/10.3.1/../../../../arm-none-eabi/lib/thumb/v8-m.main+fp/hard\libcr_c.a(alloc.o)
                0x00002f7c                _Csys_alloc
 .text.fseek    0x00002f9c       0xfc c:/nxp/mcuxpressoide_11.5.0_7232/ide/plugins/com.nxp.mcuxpresso.tools.win32_11.5.0.202107051138/tools/bin/../lib/gcc/arm-none-eabi/10.3.1/../../../../arm-none-eabi/lib/thumb/v8-m.main+fp/hard\libcr_c.a(fseek.o)
                0x00002f9c                fseek
 .text.ftell    0x00003098       0x44 c:/nxp/mcuxpressoide_11.5.0_7232/ide/plugins/com.nxp.mcuxpresso.tools.win32_11.5.0.202107051138/tools/bin/../lib/gcc/arm-none-eabi/10.3.1/../../../../arm-none-eabi/lib/thumb/v8-m.main+fp/hard\libcr_c.a(ftell.o)
                0x00003098                ftell
 .text._initio  0x000030dc       0x78 c:/nxp/mcuxpressoide_11.5.0_7232/ide/plugins/com.nxp.mcuxpresso.tools.win32_11.5.0.202107051138/tools/bin/../lib/gcc/arm-none-eabi/10.3.1/../../../../arm-none-eabi/lib/thumb/v8-m.main+fp/hard\libcr_c.a(initio.o)
                0x000030dc                _initio
 .text.__vfprintf
                0x00003154      0xbf4 c:/nxp/mcuxpressoide_11.5.0_7232/ide/plugins/com.nxp.mcuxpresso.tools.win32_11.5.0.202107051138/tools/bin/../lib/gcc/arm-none-eabi/10.3.1/../../../../arm-none-eabi/lib/thumb/v8-m.main+fp/hard\libcr_c.a(printf.o)
                0x00003154                __vfprintf
 .text._vsnprintf
                0x00003d48       0x68 c:/nxp/mcuxpressoide_11.5.0_7232/ide/plugins/com.nxp.mcuxpresso.tools.win32_11.5.0.202107051138/tools/bin/../lib/gcc/arm-none-eabi/10.3.1/../../../../arm-none-eabi/lib/thumb/v8-m.main+fp/hard\libcr_c.a(printf.o)
                0x00003d48                _vsnprintf
 .text._printf  0x00003db0       0x54 c:/nxp/mcuxpressoide_11.5.0_7232/ide/plugins/com.nxp.mcuxpresso.tools.win32_11.5.0.202107051138/tools/bin/../lib/gcc/arm-none-eabi/10.3.1/../../../../arm-none-eabi/lib/thumb/v8-m.main+fp/hard\libcr_c.a(printf.o)
                0x00003db0                _printf
 .text._sbrk    0x00003e04       0x3c c:/nxp/mcuxpressoide_11.5.0_7232/ide/plugins/com.nxp.mcuxpresso.tools.win32_11.5.0.202107051138/tools/bin/../lib/gcc/arm-none-eabi/10.3.1/../../../../arm-none-eabi/lib/thumb/v8-m.main+fp/hard\libcr_c.a(_cr_sbrk.o)
                0x00003e04                _sbrk
 .text.fflush   0x00003e40       0x3c c:/nxp/mcuxpressoide_11.5.0_7232/ide/plugins/com.nxp.mcuxpresso.tools.win32_11.5.0.202107051138/tools/bin/../lib/gcc/arm-none-eabi/10.3.1/../../../../arm-none-eabi/lib/thumb/v8-m.main+fp/hard\libcr_c.a(fflush.o)
                0x00003e40                fflush
 .text.__check_heap_overflow
                0x00003e7c       0x18 c:/nxp/mcuxpressoide_11.5.0_7232/ide/plugins/com.nxp.mcuxpresso.tools.win32_11.5.0.202107051138/tools/bin/../lib/gcc/arm-none-eabi/10.3.1/../../../../arm-none-eabi/lib/thumb/v8-m.main+fp/hard\libcr_c.a(_cr_check_heap.o)
                0x00003e7c                __check_heap_overflow
 .text.USB_DeviceLpc3511IpGetEndpointStateStruct
                0x00003e94       0x34 ./usb/device/source/lpcip3511/usb_device_lpcip3511.o
 .text.USB_DeviceLpc3511IpEndpointPrime
                0x00003ec8      0x126 ./usb/device/source/lpcip3511/usb_device_lpcip3511.o
 .text.USB_DeviceLpc3511IpDoPreviousTransactionMemcpy
                0x00003fee       0x84 ./usb/device/source/lpcip3511/usb_device_lpcip3511.o
 .text.USB_DeviceLpc3511IpTokenUpdate
                0x00004072       0xb6 ./usb/device/source/lpcip3511/usb_device_lpcip3511.o
 .text.USB_DeviceLpc3511IpInterruptToken
                0x00004128      0x32c ./usb/device/source/lpcip3511/usb_device_lpcip3511.o
 .text.USB_DeviceLpc3511IpInterruptReset
                0x00004454       0x42 ./usb/device/source/lpcip3511/usb_device_lpcip3511.o
 .text.USB_DeviceLpc3511IpGetActualBufferAndPrime
                0x00004496      0x10e ./usb/device/source/lpcip3511/usb_device_lpcip3511.o
 .text.USB_DeviceLpc3511IpTransaction
                0x000045a4       0xfe ./usb/device/source/lpcip3511/usb_device_lpcip3511.o
 .text.USB_DeviceLpc3511IpCancel
                0x000046a2      0x316 ./usb/device/source/lpcip3511/usb_device_lpcip3511.o
                0x000046a2                USB_DeviceLpc3511IpCancel
 .text.USB_DeviceLpcIp3511IsrFunction
                0x000049b8      0x158 ./usb/device/source/lpcip3511/usb_device_lpcip3511.o
                0x000049b8                USB_DeviceLpcIp3511IsrFunction
 .text.USB_DeviceControl
                0x00004b10       0x48 ./usb/device/source/usb_device_dci.o
 .text.USB_DeviceResetNotification
                0x00004b58       0x98 ./usb/device/source/usb_device_dci.o
 .text.USB_DeviceNotification
                0x00004bf0      0x102 ./usb/device/source/usb_device_dci.o
 .text.USB_DeviceNotificationTrigger
                0x00004cf2       0x40 ./usb/device/source/usb_device_dci.o
                0x00004cf2                USB_DeviceNotificationTrigger
 .text.WDT_BOD_IRQHandler
                0x00004d32        0x8 ./startup/startup_lpc55s16.o
                0x00004d32                WDT_BOD_IRQHandler
 .text.DMA0_IRQHandler
                0x00004d3a        0x8 ./startup/startup_lpc55s16.o
                0x00004d3a                DMA0_IRQHandler
 .text.GINT0_IRQHandler
                0x00004d42        0x8 ./startup/startup_lpc55s16.o
                0x00004d42                GINT0_IRQHandler
 .text.GINT1_IRQHandler
                0x00004d4a        0x8 ./startup/startup_lpc55s16.o
                0x00004d4a                GINT1_IRQHandler
 .text.PIN_INT0_IRQHandler
                0x00004d52        0x8 ./startup/startup_lpc55s16.o
                0x00004d52                PIN_INT0_IRQHandler
 .text.PIN_INT1_IRQHandler
                0x00004d5a        0x8 ./startup/startup_lpc55s16.o
                0x00004d5a                PIN_INT1_IRQHandler
 .text.PIN_INT2_IRQHandler
                0x00004d62        0x8 ./startup/startup_lpc55s16.o
                0x00004d62                PIN_INT2_IRQHandler
 .text.PIN_INT3_IRQHandler
                0x00004d6a        0x8 ./startup/startup_lpc55s16.o
                0x00004d6a                PIN_INT3_IRQHandler
 .text.UTICK0_IRQHandler
                0x00004d72        0x8 ./startup/startup_lpc55s16.o
                0x00004d72                UTICK0_IRQHandler
 .text.MRT0_IRQHandler
                0x00004d7a        0x8 ./startup/startup_lpc55s16.o
                0x00004d7a                MRT0_IRQHandler
 .text.CTIMER0_IRQHandler
                0x00004d82        0x8 ./startup/startup_lpc55s16.o
                0x00004d82                CTIMER0_IRQHandler
 .text.CTIMER1_IRQHandler
                0x00004d8a        0x8 ./startup/startup_lpc55s16.o
                0x00004d8a                CTIMER1_IRQHandler
 .text.SCT0_IRQHandler
                0x00004d92        0x8 ./startup/startup_lpc55s16.o
                0x00004d92                SCT0_IRQHandler
 .text.CTIMER3_IRQHandler
                0x00004d9a        0x8 ./startup/startup_lpc55s16.o
                0x00004d9a                CTIMER3_IRQHandler
 .text.FLEXCOMM0_IRQHandler
                0x00004da2        0x8 ./startup/startup_lpc55s16.o
                0x00004da2                FLEXCOMM0_IRQHandler
 .text.FLEXCOMM1_IRQHandler
                0x00004daa        0x8 ./startup/startup_lpc55s16.o
                0x00004daa                FLEXCOMM1_IRQHandler
 .text.FLEXCOMM2_IRQHandler
                0x00004db2        0x8 ./startup/startup_lpc55s16.o
                0x00004db2                FLEXCOMM2_IRQHandler
 .text.FLEXCOMM3_IRQHandler
                0x00004dba        0x8 ./startup/startup_lpc55s16.o
                0x00004dba                FLEXCOMM3_IRQHandler
 .text.FLEXCOMM4_IRQHandler
                0x00004dc2        0x8 ./startup/startup_lpc55s16.o
                0x00004dc2                FLEXCOMM4_IRQHandler
 .text.FLEXCOMM5_IRQHandler
                0x00004dca        0x8 ./startup/startup_lpc55s16.o
                0x00004dca                FLEXCOMM5_IRQHandler
 .text.FLEXCOMM6_IRQHandler
                0x00004dd2        0x8 ./startup/startup_lpc55s16.o
                0x00004dd2                FLEXCOMM6_IRQHandler
 .text.FLEXCOMM7_IRQHandler
                0x00004dda        0x8 ./startup/startup_lpc55s16.o
                0x00004dda                FLEXCOMM7_IRQHandler
 .text.ADC0_IRQHandler
                0x00004de2        0x8 ./startup/startup_lpc55s16.o
                0x00004de2                ADC0_IRQHandler
 .text.Reserved39_IRQHandler
                0x00004dea        0x8 ./startup/startup_lpc55s16.o
                0x00004dea                Reserved39_IRQHandler
 .text.ACMP_IRQHandler
                0x00004df2        0x8 ./startup/startup_lpc55s16.o
                0x00004df2                ACMP_IRQHandler
 .text.Reserved41_IRQHandler
                0x00004dfa        0x8 ./startup/startup_lpc55s16.o
                0x00004dfa                Reserved41_IRQHandler
 .text.Reserved42_IRQHandler
                0x00004e02        0x8 ./startup/startup_lpc55s16.o
                0x00004e02                Reserved42_IRQHandler
 .text.USB0_NEEDCLK_IRQHandler
                0x00004e0a        0x8 ./startup/startup_lpc55s16.o
                0x00004e0a                USB0_NEEDCLK_IRQHandler
 .text.RTC_IRQHandler
                0x00004e12        0x8 ./startup/startup_lpc55s16.o
                0x00004e12                RTC_IRQHandler
 .text.Reserved46_IRQHandler
                0x00004e1a        0x8 ./startup/startup_lpc55s16.o
                0x00004e1a                Reserved46_IRQHandler
 .text.Reserved47_IRQHandler
                0x00004e22        0x8 ./startup/startup_lpc55s16.o
                0x00004e22                Reserved47_IRQHandler
 .text.PIN_INT4_IRQHandler
                0x00004e2a        0x8 ./startup/startup_lpc55s16.o
                0x00004e2a                PIN_INT4_IRQHandler
 .text.PIN_INT5_IRQHandler
                0x00004e32        0x8 ./startup/startup_lpc55s16.o
                0x00004e32                PIN_INT5_IRQHandler
 .text.PIN_INT6_IRQHandler
                0x00004e3a        0x8 ./startup/startup_lpc55s16.o
                0x00004e3a                PIN_INT6_IRQHandler
 .text.PIN_INT7_IRQHandler
                0x00004e42        0x8 ./startup/startup_lpc55s16.o
                0x00004e42                PIN_INT7_IRQHandler
 .text.CTIMER2_IRQHandler
                0x00004e4a        0x8 ./startup/startup_lpc55s16.o
                0x00004e4a                CTIMER2_IRQHandler
 .text.CTIMER4_IRQHandler
                0x00004e52        0x8 ./startup/startup_lpc55s16.o
                0x00004e52                CTIMER4_IRQHandler
 .text.OS_EVENT_IRQHandler
                0x00004e5a        0x8 ./startup/startup_lpc55s16.o
                0x00004e5a                OS_EVENT_IRQHandler
 .text.Reserved55_IRQHandler
                0x00004e62        0x8 ./startup/startup_lpc55s16.o
                0x00004e62                Reserved55_IRQHandler
 .text.Reserved56_IRQHandler
                0x00004e6a        0x8 ./startup/startup_lpc55s16.o
                0x00004e6a                Reserved56_IRQHandler
 .text.Reserved57_IRQHandler
                0x00004e72        0x8 ./startup/startup_lpc55s16.o
                0x00004e72                Reserved57_IRQHandler
 .text.Reserved58_IRQHandler
                0x00004e7a        0x8 ./startup/startup_lpc55s16.o
                0x00004e7a                Reserved58_IRQHandler
 .text.CAN0_IRQ0_IRQHandler
                0x00004e82        0x8 ./startup/startup_lpc55s16.o
                0x00004e82                CAN0_IRQ0_IRQHandler
 .text.CAN0_IRQ1_IRQHandler
                0x00004e8a        0x8 ./startup/startup_lpc55s16.o
                0x00004e8a                CAN0_IRQ1_IRQHandler
 .text.Reserved61_IRQHandler
                0x00004e92        0x8 ./startup/startup_lpc55s16.o
                0x00004e92                Reserved61_IRQHandler
 .text.USB1_PHY_IRQHandler
                0x00004e9a        0x8 ./startup/startup_lpc55s16.o
                0x00004e9a                USB1_PHY_IRQHandler
 .text.USB1_IRQHandler
                0x00004ea2        0x8 ./startup/startup_lpc55s16.o
                0x00004ea2                USB1_IRQHandler
 .text.USB1_NEEDCLK_IRQHandler
                0x00004eaa        0x8 ./startup/startup_lpc55s16.o
                0x00004eaa                USB1_NEEDCLK_IRQHandler
 .text.SEC_HYPERVISOR_CALL_IRQHandler
                0x00004eb2        0x8 ./startup/startup_lpc55s16.o
                0x00004eb2                SEC_HYPERVISOR_CALL_IRQHandler
 .text.SEC_GPIO_INT0_IRQ0_IRQHandler
                0x00004eba        0x8 ./startup/startup_lpc55s16.o
                0x00004eba                SEC_GPIO_INT0_IRQ0_IRQHandler
 .text.SEC_GPIO_INT0_IRQ1_IRQHandler
                0x00004ec2        0x8 ./startup/startup_lpc55s16.o
                0x00004ec2                SEC_GPIO_INT0_IRQ1_IRQHandler
 .text.PLU_IRQHandler
                0x00004eca        0x8 ./startup/startup_lpc55s16.o
                0x00004eca                PLU_IRQHandler
 .text.SEC_VIO_IRQHandler
                0x00004ed2        0x8 ./startup/startup_lpc55s16.o
                0x00004ed2                SEC_VIO_IRQHandler
 .text.HASHCRYPT_IRQHandler
                0x00004eda        0x8 ./startup/startup_lpc55s16.o
                0x00004eda                HASHCRYPT_IRQHandler
 .text.CASER_IRQHandler
                0x00004ee2        0x8 ./startup/startup_lpc55s16.o
                0x00004ee2                CASER_IRQHandler
 .text.PUF_IRQHandler
                0x00004eea        0x8 ./startup/startup_lpc55s16.o
                0x00004eea                PUF_IRQHandler
 .text.Reserved73_IRQHandler
                0x00004ef2        0x8 ./startup/startup_lpc55s16.o
                0x00004ef2                Reserved73_IRQHandler
 .text.DMA1_IRQHandler
                0x00004efa        0x8 ./startup/startup_lpc55s16.o
                0x00004efa                DMA1_IRQHandler
 .text.FLEXCOMM8_IRQHandler
                0x00004f02        0x8 ./startup/startup_lpc55s16.o
                0x00004f02                FLEXCOMM8_IRQHandler
 .text.CDOG_IRQHandler
                0x00004f0a        0x8 ./startup/startup_lpc55s16.o
                0x00004f0a                CDOG_IRQHandler
 .text.CTIMER_StartTimer
                0x00004f12       0x20 ./source/modules/steppers/ctimerSteppers.o
 .text.CTIMER_StopTimer
                0x00004f32       0x20 ./source/modules/steppers/ctimerSteppers.o
 .text.setupStepperPWM
                0x00004f52       0x86 ./source/modules/steppers/ctimerSteppers.o
                0x00004f52                setupStepperPWM
 .text.startStepperPWM
                0x00004fd8       0x20 ./source/modules/steppers/ctimerSteppers.o
                0x00004fd8                startStepperPWM
 .text.stopStepperPWM
                0x00004ff8       0x20 ./source/modules/steppers/ctimerSteppers.o
                0x00004ff8                stopStepperPWM
 .text.ctimerXCallback
                0x00005018       0x18 ./source/modules/steppers/ctimerSteppers.o
                0x00005018                ctimerXCallback
 .text.ctimerYCallback
                0x00005030       0x18 ./source/modules/steppers/ctimerSteppers.o
                0x00005030                ctimerYCallback
 .text.GPIO_PinWrite
                0x00005048       0x2a ./source/modules/sevenSegmentLED/sevenSegmentLED.o
 .text.CTIMER_UpdatePwmPulsePeriod
                0x00005072       0x26 ./source/modules/servo/servo.o
 .text.CTIMER_StartTimer
                0x00005098       0x20 ./source/modules/servo/servo.o
 .text.LPADC_DoSoftwareTrigger
                0x000050b8       0x1c ./source/modules/irSensor/irSensor.o
 .text.HardFault_Handler
                0x000050d4       0x2c ./source/semihost_hardfault.o
                0x000050d4                HardFault_Handler
 .text.CLOCK_IsPLL0Locked
                0x00005100       0x24 ./drivers/fsl_clock.o
 .text.findPll0PreDiv
                0x00005124       0x3e ./drivers/fsl_clock.o
 .text.DelayLoop
                0x00005162       0x20 ./drivers/fsl_common_arm.o
 .text.CLOCK_EnableClock
                0x00005182       0x30 ./drivers/fsl_ctimer.o
 .text.EnableIRQ
                0x000051b2       0x32 ./drivers/fsl_ctimer.o
 .text.CTIMER_GetStatusFlags
                0x000051e4       0x18 ./drivers/fsl_ctimer.o
 .text.CTIMER_ClearStatusFlags
                0x000051fc       0x1c ./drivers/fsl_ctimer.o
 .text.CTIMER0_DriverIRQHandler
                0x00005218        0xe ./drivers/fsl_ctimer.o
                0x00005218                CTIMER0_DriverIRQHandler
 .text.CTIMER1_DriverIRQHandler
                0x00005226        0xe ./drivers/fsl_ctimer.o
                0x00005226                CTIMER1_DriverIRQHandler
 .text.CTIMER2_DriverIRQHandler
                0x00005234        0xe ./drivers/fsl_ctimer.o
                0x00005234                CTIMER2_DriverIRQHandler
 .text.CTIMER3_DriverIRQHandler
                0x00005242        0xe ./drivers/fsl_ctimer.o
                0x00005242                CTIMER3_DriverIRQHandler
 .text.CTIMER4_DriverIRQHandler
                0x00005250        0xe ./drivers/fsl_ctimer.o
                0x00005250                CTIMER4_DriverIRQHandler
 .text.CLOCK_EnableClock
                0x0000525e       0x30 ./drivers/fsl_gpio.o
 .text.GPIO_PinInit
                0x0000528e       0xa4 ./drivers/fsl_gpio.o
                0x0000528e                GPIO_PinInit
 .text.CLOCK_EnableClock
                0x00005332       0x30 ./drivers/fsl_inputmux.o
 .text.CLOCK_DisableClock
                0x00005362       0x30 ./drivers/fsl_inputmux.o
 .text.INPUTMUX_Init
                0x00005392       0x16 ./drivers/fsl_inputmux.o
                0x00005392                INPUTMUX_Init
 .text.INPUTMUX_AttachSignal
                0x000053a8       0x38 ./drivers/fsl_inputmux.o
                0x000053a8                INPUTMUX_AttachSignal
 .text.INPUTMUX_Deinit
                0x000053e0       0x16 ./drivers/fsl_inputmux.o
                0x000053e0                INPUTMUX_Deinit
 .text.CLOCK_EnableClock
                0x000053f6       0x30 ./drivers/fsl_lpadc.o
 .text.LPADC_Enable
                0x00005426       0x38 ./drivers/fsl_lpadc.o
 .text.LPADC_DoResetFIFO0
                0x0000545e       0x20 ./drivers/fsl_lpadc.o
 .text.LPADC_DoResetFIFO1
                0x0000547e       0x20 ./drivers/fsl_lpadc.o
 .text.LPADC_DoResetConfig
                0x0000549e       0x2c ./drivers/fsl_lpadc.o
 .text.LPADC_GetConvResultCount
                0x000054ca       0x26 ./drivers/fsl_lpadc.o
 .text.LPADC_EnableOffsetCalibration
                0x000054f0       0x38 ./drivers/fsl_lpadc.o
 .text.LPADC_GetDefaultConfig
                0x00005528       0x5c ./drivers/fsl_lpadc.o
                0x00005528                LPADC_GetDefaultConfig
 .text.LPADC_DoOffsetCalibration
                0x00005584       0x2a ./drivers/fsl_lpadc.o
                0x00005584                LPADC_DoOffsetCalibration
 .text.CLOCK_EnableClock
                0x000055ae       0x30 ./drivers/fsl_pint.o
 .text.EnableIRQ
                0x000055de       0x32 ./drivers/fsl_pint.o
 .text.PINT_PinInterruptClrFallFlag
                0x00005610       0x22 ./drivers/fsl_pint.o
 .text.PINT_PinInterruptClrRiseFlag
                0x00005632       0x22 ./drivers/fsl_pint.o
 .text.PINT_PatternMatchResetDetectLogic
                0x00005654       0x34 ./drivers/fsl_pint.o
                0x00005654                PINT_PatternMatchResetDetectLogic
 .text.PINT_PinInterruptClrStatus
                0x00005688       0x4e ./drivers/fsl_pint.o
                0x00005688                PINT_PinInterruptClrStatus
 .text.lowpower_set_voltage_for_process
                0x000056d6       0xaa ./drivers/fsl_power.o
 .text.RESET_PeripheralReset
                0x00005780       0x1c ./drivers/fsl_reset.o
                0x00005780                RESET_PeripheralReset
 .text.SystemInitHook
                0x0000579c        0xe ./device/system_LPC55S16.o
                0x0000579c                SystemInitHook
 .text.DisableGlobalIRQ
                0x000057aa       0x22 ./component/osa/fsl_os_abstraction_bm.o
 .text.EnableGlobalIRQ
                0x000057cc       0x20 ./component/osa/fsl_os_abstraction_bm.o
 .text.OSA_EnterCritical
                0x000057ec       0x1a ./component/osa/fsl_os_abstraction_bm.o
                0x000057ec                OSA_EnterCritical
 .text.OSA_ExitCritical
                0x00005806       0x16 ./component/osa/fsl_os_abstraction_bm.o
                0x00005806                OSA_ExitCritical
 .text.DbgConsole_Init
                0x0000581c       0x20 ./board/board.o
 .text.BOARD_InitBootClocks
                0x0000583c        0xc ./board/clock_config.o
                0x0000583c                BOARD_InitBootClocks
 .text.BOARD_InitPeripherals
                0x00005848        0xe ./board/peripherals.o
                0x00005848                BOARD_InitPeripherals
 .text.BOARD_InitBootPeripherals
                0x00005856        0xc ./board/peripherals.o
                0x00005856                BOARD_InitBootPeripherals
 .text.CLOCK_EnableClock
                0x00005862       0x30 ./board/pin_mux.o
 .text.BOARD_InitBootPins
                0x00005892        0xc ./board/pin_mux.o
                0x00005892                BOARD_InitBootPins
 .text.__main   0x0000589e        0xe c:/nxp/mcuxpressoide_11.5.0_7232/ide/plugins/com.nxp.mcuxpresso.tools.win32_11.5.0.202107051138/tools/bin/../lib/gcc/arm-none-eabi/10.3.1/../../../../arm-none-eabi/lib/thumb/v8-m.main+fp/hard\libcr_semihost_nf.a(_cr__main.o)
                0x0000589e                __CR_SEMIHOST
                0x0000589e                __main
 .text.memcpy   0x000058ac        0x4 c:/nxp/mcuxpressoide_11.5.0_7232/ide/plugins/com.nxp.mcuxpresso.tools.win32_11.5.0.202107051138/tools/bin/../lib/gcc/arm-none-eabi/10.3.1/../../../../arm-none-eabi/lib/thumb/v8-m.main+fp/hard\libcr_c.a(memcpy.o)
                0x000058ac                memcpy
 .text.memset   0x000058b0        0x4 c:/nxp/mcuxpressoide_11.5.0_7232/ide/plugins/com.nxp.mcuxpresso.tools.win32_11.5.0.202107051138/tools/bin/../lib/gcc/arm-none-eabi/10.3.1/../../../../arm-none-eabi/lib/thumb/v8-m.main+fp/hard\libcr_c.a(memset.o)
                0x000058b0                memset
 .text._deferredlazyseek
                0x000058b4       0x40 c:/nxp/mcuxpressoide_11.5.0_7232/ide/plugins/com.nxp.mcuxpresso.tools.win32_11.5.0.202107051138/tools/bin/../lib/gcc/arm-none-eabi/10.3.1/../../../../arm-none-eabi/lib/thumb/v8-m.main+fp/hard\libcr_c.a(_deferredlazyseek.o)
                0x000058b4                _deferredlazyseek
 .text.__flsbuf
                0x000058f4      0x140 c:/nxp/mcuxpressoide_11.5.0_7232/ide/plugins/com.nxp.mcuxpresso.tools.win32_11.5.0.202107051138/tools/bin/../lib/gcc/arm-none-eabi/10.3.1/../../../../arm-none-eabi/lib/thumb/v8-m.main+fp/hard\libcr_c.a(_deferredlazyseek.o)
                0x000058f4                __flsbuf
 .text._fflush  0x00005a34       0x52 c:/nxp/mcuxpressoide_11.5.0_7232/ide/plugins/com.nxp.mcuxpresso.tools.win32_11.5.0.202107051138/tools/bin/../lib/gcc/arm-none-eabi/10.3.1/../../../../arm-none-eabi/lib/thumb/v8-m.main+fp/hard\libcr_c.a(_fflush.o)
                0x00005a34                _fflush
 .text.free     0x00005a86       0x30 c:/nxp/mcuxpressoide_11.5.0_7232/ide/plugins/com.nxp.mcuxpresso.tools.win32_11.5.0.202107051138/tools/bin/../lib/gcc/arm-none-eabi/10.3.1/../../../../arm-none-eabi/lib/thumb/v8-m.main+fp/hard\libcr_c.a(alloc.o)
                0x00005a86                free
 .text.fputs    0x00005ab6       0x2c c:/nxp/mcuxpressoide_11.5.0_7232/ide/plugins/com.nxp.mcuxpresso.tools.win32_11.5.0.202107051138/tools/bin/../lib/gcc/arm-none-eabi/10.3.1/../../../../arm-none-eabi/lib/thumb/v8-m.main+fp/hard\libcr_c.a(fputs.o)
                0x00005ab6                fputs
 .text.no_fp_display
                0x00005ae2        0x4 c:/nxp/mcuxpressoide_11.5.0_7232/ide/plugins/com.nxp.mcuxpresso.tools.win32_11.5.0.202107051138/tools/bin/../lib/gcc/arm-none-eabi/10.3.1/../../../../arm-none-eabi/lib/thumb/v8-m.main+fp/hard\libcr_c.a(printf.o)
 .text.setvbuf  0x00005ae6       0x3e c:/nxp/mcuxpressoide_11.5.0_7232/ide/plugins/com.nxp.mcuxpresso.tools.win32_11.5.0.202107051138/tools/bin/../lib/gcc/arm-none-eabi/10.3.1/../../../../arm-none-eabi/lib/thumb/v8-m.main+fp/hard\libcr_c.a(setvbuf.o)
                0x00005ae6                setvbuf
 .text.strlen   0x00005b24       0x48 c:/nxp/mcuxpressoide_11.5.0_7232/ide/plugins/com.nxp.mcuxpresso.tools.win32_11.5.0.202107051138/tools/bin/../lib/gcc/arm-none-eabi/10.3.1/../../../../arm-none-eabi/lib/thumb/v8-m.main+fp/hard\libcr_c.a(strlen.o)
                0x00005b24                strlen
 .text._fdopen  0x00005b6c       0x68 c:/nxp/mcuxpressoide_11.5.0_7232/ide/plugins/com.nxp.mcuxpresso.tools.win32_11.5.0.202107051138/tools/bin/../lib/gcc/arm-none-eabi/10.3.1/../../../../arm-none-eabi/lib/thumb/v8-m.main+fp/hard\libcr_c.a(_fdopen.o)
                0x00005b6c                _fdopen
 .text.fclose   0x00005bd4       0x58 c:/nxp/mcuxpressoide_11.5.0_7232/ide/plugins/com.nxp.mcuxpresso.tools.win32_11.5.0.202107051138/tools/bin/../lib/gcc/arm-none-eabi/10.3.1/../../../../arm-none-eabi/lib/thumb/v8-m.main+fp/hard\libcr_c.a(fclose.o)
                0x00005bd4                fclose
 .text.remove   0x00005c2c       0x14 c:/nxp/mcuxpressoide_11.5.0_7232/ide/plugins/com.nxp.mcuxpresso.tools.win32_11.5.0.202107051138/tools/bin/../lib/gcc/arm-none-eabi/10.3.1/../../../../arm-none-eabi/lib/thumb/v8-m.main+fp/hard\libcr_c.a(remove.o)
                0x00005c2c                remove
 .text._do_fflush
                0x00005c40       0x40 c:/nxp/mcuxpressoide_11.5.0_7232/ide/plugins/com.nxp.mcuxpresso.tools.win32_11.5.0.202107051138/tools/bin/../lib/gcc/arm-none-eabi/10.3.1/../../../../arm-none-eabi/lib/thumb/v8-m.main+fp/hard\libcr_c.a(_do_fflush.o)
                0x00005c40                _do_fflush
 .text.__aeabi_division_uldivmod
                0x00005c80      0x174 c:/nxp/mcuxpressoide_11.5.0_7232/ide/plugins/com.nxp.mcuxpresso.tools.win32_11.5.0.202107051138/tools/bin/../lib/gcc/arm-none-eabi/10.3.1/thumb/v8-m.main+fp/hard\libcr_eabihelpers.a(division_64.o)
                0x00005c80                __aeabi_uldivmod
                0x00005c84                __bhs_ldivmod1
 .text.__aeabi_division_idiv0
                0x00005df4        0x2 c:/nxp/mcuxpressoide_11.5.0_7232/ide/plugins/com.nxp.mcuxpresso.tools.win32_11.5.0.202107051138/tools/bin/../lib/gcc/arm-none-eabi/10.3.1/thumb/v8-m.main+fp/hard\libcr_eabihelpers.a(division_idiv0.o)
                0x00005df4                __aeabi_idiv0
 .text.__aeabi_memcpy
                0x00005df6       0x34 c:/nxp/mcuxpressoide_11.5.0_7232/ide/plugins/com.nxp.mcuxpresso.tools.win32_11.5.0.202107051138/tools/bin/../lib/gcc/arm-none-eabi/10.3.1/thumb/v8-m.main+fp/hard\libcr_eabihelpers.a(memcpy.o)
                0x00005df6                __aeabi_memcpy
                0x00005e00                __aeabi_memcpy8
                0x00005e00                __aeabi_memcpy4
 .text.__aeabi_memset_lowlevel
                0x00005e2a       0x32 c:/nxp/mcuxpressoide_11.5.0_7232/ide/plugins/com.nxp.mcuxpresso.tools.win32_11.5.0.202107051138/tools/bin/../lib/gcc/arm-none-eabi/10.3.1/thumb/v8-m.main+fp/hard\libcr_eabihelpers.a(memcpy.o)
                0x00005e2a                __aeabi_lowlevel_memset
 .text.__sys_close
                0x00005e5c        0xc c:/nxp/mcuxpressoide_11.5.0_7232/ide/plugins/com.nxp.mcuxpresso.tools.win32_11.5.0.202107051138/tools/bin/../lib/gcc/arm-none-eabi/10.3.1/../../../../arm-none-eabi/lib/thumb/v8-m.main+fp/hard\libcr_semihost_nf.a(__sys_close.o)
                0x00005e5c                __sys_close
 .text.__sys_flen
                0x00005e68        0xc c:/nxp/mcuxpressoide_11.5.0_7232/ide/plugins/com.nxp.mcuxpresso.tools.win32_11.5.0.202107051138/tools/bin/../lib/gcc/arm-none-eabi/10.3.1/../../../../arm-none-eabi/lib/thumb/v8-m.main+fp/hard\libcr_semihost_nf.a(__sys_flen.o)
                0x00005e68                __sys_flen
 .text.__sys_istty
                0x00005e74        0xc c:/nxp/mcuxpressoide_11.5.0_7232/ide/plugins/com.nxp.mcuxpresso.tools.win32_11.5.0.202107051138/tools/bin/../lib/gcc/arm-none-eabi/10.3.1/../../../../arm-none-eabi/lib/thumb/v8-m.main+fp/hard\libcr_semihost_nf.a(__sys_istty.o)
                0x00005e74                __sys_istty
 .text.__sys_remove
                0x00005e80        0xc c:/nxp/mcuxpressoide_11.5.0_7232/ide/plugins/com.nxp.mcuxpresso.tools.win32_11.5.0.202107051138/tools/bin/../lib/gcc/arm-none-eabi/10.3.1/../../../../arm-none-eabi/lib/thumb/v8-m.main+fp/hard\libcr_semihost_nf.a(__sys_remove.o)
                0x00005e80                __sys_remove
 .text.__sys_seek
                0x00005e8c        0xc c:/nxp/mcuxpressoide_11.5.0_7232/ide/plugins/com.nxp.mcuxpresso.tools.win32_11.5.0.202107051138/tools/bin/../lib/gcc/arm-none-eabi/10.3.1/../../../../arm-none-eabi/lib/thumb/v8-m.main+fp/hard\libcr_semihost_nf.a(__sys_seek.o)
                0x00005e8c                __sys_seek
 .text.__sys_tmpnam
                0x00005e98        0xc c:/nxp/mcuxpressoide_11.5.0_7232/ide/plugins/com.nxp.mcuxpresso.tools.win32_11.5.0.202107051138/tools/bin/../lib/gcc/arm-none-eabi/10.3.1/../../../../arm-none-eabi/lib/thumb/v8-m.main+fp/hard\libcr_semihost_nf.a(__sys_tmpnam.o)
                0x00005e98                __sys_tmpnam
 .text.__sys_write
                0x00005ea4        0xc c:/nxp/mcuxpressoide_11.5.0_7232/ide/plugins/com.nxp.mcuxpresso.tools.win32_11.5.0.202107051138/tools/bin/../lib/gcc/arm-none-eabi/10.3.1/../../../../arm-none-eabi/lib/thumb/v8-m.main+fp/hard\libcr_semihost_nf.a(__sys_write.o)
                0x00005ea4                __sys_write
 *(SORT_BY_ALIGNMENT(.rodata) SORT_BY_ALIGNMENT(.rodata.*) SORT_BY_ALIGNMENT(.constdata) SORT_BY_ALIGNMENT(.constdata.*))
 .rodata.ctimerGeneralCallback.str1.4
                0x00005eb0        0xf ./source/modules/steppers/ctimerSteppers.o
 *fill*         0x00005ebf        0x1 ff
 .rodata.buttonCallback_stopMotors.str1.4
                0x00005ec0       0x51 ./source/modules/mainInclude/mainInclude.o
 *fill*         0x00005f11        0x3 ff
 .rodata.main.str1.4
                0x00005f14       0x1c ./source/Ovalmate_dev.o
 .rodata.IntervalList
                0x00005f30       0x60 ./drivers/fsl_clock.o
 .rodata.SDK_DelayAtLeastUs.str1.4
                0x00005f90       0x2b ./drivers/fsl_common_arm.o
 *fill*         0x00005fbb        0x1 ff
 .rodata.s_ctimerBases
                0x00005fbc       0x14 ./drivers/fsl_ctimer.o
 .rodata.s_ctimerClocks
                0x00005fd0        0xa ./drivers/fsl_ctimer.o
 *fill*         0x00005fda        0x2 ff
 .rodata.s_ctimerResets
                0x00005fdc       0x14 ./drivers/fsl_ctimer.o
 .rodata.s_ctimerIRQ
                0x00005ff0        0x5 ./drivers/fsl_ctimer.o
 *fill*         0x00005ff5        0x3 ff
 .rodata.CTIMER_GetInstance.str1.4
                0x00005ff8       0x2e ./drivers/fsl_ctimer.o
 *fill*         0x00006026        0x2 ff
 .rodata.CTIMER_Init.str1.4
                0x00006028       0x22 ./drivers/fsl_ctimer.o
 *fill*         0x0000604a        0x2 ff
 .rodata.CTIMER_GetDefaultConfig.str1.4
                0x0000604c       0x22 ./drivers/fsl_ctimer.o
 *fill*         0x0000606e        0x2 ff
 .rodata.s_flexcommBaseAddrs
                0x00006070       0x24 ./drivers/fsl_flexcomm.o
 .rodata.FLEXCOMM_GetInstance.str1.4
                0x00006094       0x42 ./drivers/fsl_flexcomm.o
 *fill*         0x000060d6        0x2 ff
 .rodata.FLEXCOMM0_DriverIRQHandler.str1.4
                0x000060d8       0x3c ./drivers/fsl_flexcomm.o
 .rodata.FLEXCOMM1_DriverIRQHandler.str1.4
                0x00006114       0x3c ./drivers/fsl_flexcomm.o
 .rodata.FLEXCOMM2_DriverIRQHandler.str1.4
                0x00006150       0x3c ./drivers/fsl_flexcomm.o
 .rodata.FLEXCOMM3_DriverIRQHandler.str1.4
                0x0000618c       0x3c ./drivers/fsl_flexcomm.o
 .rodata.FLEXCOMM4_DriverIRQHandler.str1.4
                0x000061c8       0x3c ./drivers/fsl_flexcomm.o
 .rodata.FLEXCOMM5_DriverIRQHandler.str1.4
                0x00006204       0x3c ./drivers/fsl_flexcomm.o
 .rodata.FLEXCOMM6_DriverIRQHandler.str1.4
                0x00006240       0x3c ./drivers/fsl_flexcomm.o
 .rodata.FLEXCOMM7_DriverIRQHandler.str1.4
                0x0000627c       0x3c ./drivers/fsl_flexcomm.o
 .rodata.FLEXCOMM8_DriverIRQHandler.str1.4
                0x000062b8       0x3c ./drivers/fsl_flexcomm.o
 .rodata.s_gpioClockName
                0x000062f4        0x4 ./drivers/fsl_gpio.o
 .rodata.GPIO_EnablePortClock.str1.4
                0x000062f8       0x33 ./drivers/fsl_gpio.o
 *fill*         0x0000632b        0x1 ff
 .rodata.LPADC_GetInstance.str1.4
                0x0000632c       0x35 ./drivers/fsl_lpadc.o
 *fill*         0x00006361        0x3 ff
 .rodata.LPADC_Init.str1.4
                0x00006364       0x20 ./drivers/fsl_lpadc.o
 .rodata.LPADC_GetConvResult.str1.4
                0x00006384       0x21 ./drivers/fsl_lpadc.o
 *fill*         0x000063a5        0x3 ff
 .rodata.LPADC_SetConvTriggerConfig.str1.4
                0x000063a8       0x51 ./drivers/fsl_lpadc.o
 *fill*         0x000063f9        0x3 ff
 .rodata.LPADC_GetDefaultConvTriggerConfig.str1.4
                0x000063fc       0x21 ./drivers/fsl_lpadc.o
 *fill*         0x0000641d        0x3 ff
 .rodata.LPADC_SetConvCommandConfig.str1.4
                0x00006420       0x83 ./drivers/fsl_lpadc.o
 *fill*         0x000064a3        0x1 ff
 .rodata.LPADC_GetDefaultConvCommandConfig.str1.4
                0x000064a4       0x21 ./drivers/fsl_lpadc.o
 *fill*         0x000064c5        0x3 ff
 .rodata.LPADC_DoAutoCalibration.str1.4
                0x000064c8       0x69 ./drivers/fsl_lpadc.o
 *fill*         0x00006531        0x3 ff
 .rodata.s_pintIRQ
                0x00006534        0xa ./drivers/fsl_pint.o
 *fill*         0x0000653e        0x2 ff
 .rodata.PINT_Init.str1.4
                0x00006540       0x1d ./drivers/fsl_pint.o
 *fill*         0x0000655d        0x3 ff
 .rodata.PINT_PinInterruptConfig.str1.4
                0x00006560       0x1e ./drivers/fsl_pint.o
 *fill*         0x0000657e        0x2 ff
 .rodata.PINT_EnableCallbackByIndex.str1.4
                0x00006580       0x1e ./drivers/fsl_pint.o
 *fill*         0x0000659e        0x2 ff
 .rodata.RESET_SetPeripheralReset.str1.4
                0x000065a0       0x1e ./drivers/fsl_reset.o
 *fill*         0x000065be        0x2 ff
 .rodata.RESET_ClearPeripheralReset.str1.4
                0x000065c0       0x1e ./drivers/fsl_reset.o
 *fill*         0x000065de        0x2 ff
 .rodata.__num_Ciob_streams
                0x000065e0        0x4 c:/nxp/mcuxpressoide_11.5.0_7232/ide/plugins/com.nxp.mcuxpresso.tools.win32_11.5.0.202107051138/tools/bin/../lib/gcc/arm-none-eabi/10.3.1/../../../../arm-none-eabi/lib/thumb/v8-m.main+fp/hard\libcr_semihost_nf.a(__ciob.o)
                0x000065e0                __num_Ciob_streams
 .rodata.__assertion_failed.str1.1
                0x000065e4       0x15 c:/nxp/mcuxpressoide_11.5.0_7232/ide/plugins/com.nxp.mcuxpresso.tools.win32_11.5.0.202107051138/tools/bin/../lib/gcc/arm-none-eabi/10.3.1/../../../../arm-none-eabi/lib/thumb/v8-m.main+fp/hard\libcr_semihost_nf.a(_cr_assert.o)
 .rodata._Csys_alloc.str1.1
                0x000065f9       0x18 c:/nxp/mcuxpressoide_11.5.0_7232/ide/plugins/com.nxp.mcuxpresso.tools.win32_11.5.0.202107051138/tools/bin/../lib/gcc/arm-none-eabi/10.3.1/../../../../arm-none-eabi/lib/thumb/v8-m.main+fp/hard\libcr_c.a(alloc.o)
 .rodata._initio.str1.1
                0x00006611        0x4 c:/nxp/mcuxpressoide_11.5.0_7232/ide/plugins/com.nxp.mcuxpresso.tools.win32_11.5.0.202107051138/tools/bin/../lib/gcc/arm-none-eabi/10.3.1/../../../../arm-none-eabi/lib/thumb/v8-m.main+fp/hard\libcr_c.a(initio.o)
 .rodata.__vfprintf.str1.1
                0x00006615       0x35 c:/nxp/mcuxpressoide_11.5.0_7232/ide/plugins/com.nxp.mcuxpresso.tools.win32_11.5.0.202107051138/tools/bin/../lib/gcc/arm-none-eabi/10.3.1/../../../../arm-none-eabi/lib/thumb/v8-m.main+fp/hard\libcr_c.a(printf.o)
                                 0x38 (size before relaxing)
                0x0000664c                . = ALIGN (0x4)
 *fill*         0x0000664a        0x2 ff

.glue_7         0x0000664c        0x0
 .glue_7        0x0000664c        0x0 linker stubs

.glue_7t        0x0000664c        0x0
 .glue_7t       0x0000664c        0x0 linker stubs

.vfp11_veneer   0x0000664c        0x0
 .vfp11_veneer  0x0000664c        0x0 linker stubs

.v4_bx          0x0000664c        0x0
 .v4_bx         0x0000664c        0x0 linker stubs

.iplt           0x0000664c        0x0
 .iplt          0x0000664c        0x0 ./usb/device/source/lpcip3511/usb_device_lpcip3511.o

.rel.dyn        0x0000664c        0x0
 .rel.iplt      0x0000664c        0x0 ./usb/device/source/lpcip3511/usb_device_lpcip3511.o

.ARM.extab
 *(SORT_BY_ALIGNMENT(.ARM.extab*) SORT_BY_ALIGNMENT(.gnu.linkonce.armextab.*))

.ARM.exidx      0x0000664c        0x0
                0x0000664c                __exidx_start = .
 *(SORT_BY_ALIGNMENT(.ARM.exidx*) SORT_BY_ALIGNMENT(.gnu.linkonce.armexidx.*))
                0x0000664c                __exidx_end = .
                0x0000664c                _etext = .

.m_usb_data
 *(SORT_BY_ALIGNMENT(m_usb_global))

.data_RAM2      0x20010000        0x0 load address 0x0000664c
 FILL mask 0xff
                [!provide]                PROVIDE (__start_data_RAM2 = .)
                [!provide]                PROVIDE (__start_data_USB_RAM = .)
 *(SORT_BY_ALIGNMENT(.ramfunc.$RAM2))
 *(SORT_BY_ALIGNMENT(.ramfunc.$USB_RAM))
 *(SORT_BY_ALIGNMENT(.data.$RAM2))
 *(SORT_BY_ALIGNMENT(.data.$USB_RAM))
 *(SORT_BY_ALIGNMENT(.data.$RAM2.*))
 *(SORT_BY_ALIGNMENT(.data.$USB_RAM.*))
                0x20010000                . = ALIGN (0x4)
                [!provide]                PROVIDE (__end_data_RAM2 = .)
                [!provide]                PROVIDE (__end_data_USB_RAM = .)

.data_RAM3      0x04000000        0x0 load address 0x0000664c
 FILL mask 0xff
                [!provide]                PROVIDE (__start_data_RAM3 = .)
                [!provide]                PROVIDE (__start_data_SRAMX = .)
 *(SORT_BY_ALIGNMENT(.ramfunc.$RAM3))
 *(SORT_BY_ALIGNMENT(.ramfunc.$SRAMX))
 *(SORT_BY_ALIGNMENT(.data.$RAM3))
 *(SORT_BY_ALIGNMENT(.data.$SRAMX))
 *(SORT_BY_ALIGNMENT(.data.$RAM3.*))
 *(SORT_BY_ALIGNMENT(.data.$SRAMX.*))
                0x04000000                . = ALIGN (0x4)
                [!provide]                PROVIDE (__end_data_RAM3 = .)
                [!provide]                PROVIDE (__end_data_SRAMX = .)

.uninit_RESERVED
                0x20000000        0x0
                0x20000000                _start_uninit_RESERVED = .
 *(SORT_BY_ALIGNMENT(.bss.$RESERVED*))
                0x20000000                . = ALIGN (0x4)
                0x20000000                _end_uninit_RESERVED = .

.data           0x20000000       0xb4 load address 0x0000664c
 FILL mask 0xff
                0x20000000                _data = .
                [!provide]                PROVIDE (__start_data_RAM = .)
                [!provide]                PROVIDE (__start_data_SRAM = .)
 *(SORT_BY_ALIGNMENT(vtable))
 *(SORT_BY_ALIGNMENT(.ramfunc*))
 *(SORT_BY_ALIGNMENT(CodeQuickAccess))
 *(SORT_BY_ALIGNMENT(DataQuickAccess))
 *(SORT_BY_ALIGNMENT(RamFunction))
 *(SORT_BY_ALIGNMENT(.data*))
 .data.motorX   0x20000000       0x34 ./source/modules/steppers/ctimerSteppers.o
                0x20000000                motorX
 .data.motorX_p
                0x20000034        0x4 ./source/modules/steppers/ctimerSteppers.o
                0x20000034                motorX_p
 .data.motorY   0x20000038       0x34 ./source/modules/steppers/ctimerSteppers.o
                0x20000038                motorY
 .data.motorY_p
                0x2000006c        0x4 ./source/modules/steppers/ctimerSteppers.o
                0x2000006c                motorY_p
 .data.legA     0x20000070        0x8 ./source/modules/sevenSegmentLED/sevenSegmentLED.o
                0x20000070                legA
 .data.legB     0x20000078        0x8 ./source/modules/sevenSegmentLED/sevenSegmentLED.o
                0x20000078                legB
 .data.legC     0x20000080        0x8 ./source/modules/sevenSegmentLED/sevenSegmentLED.o
                0x20000080                legC
 .data.legD     0x20000088        0x8 ./source/modules/sevenSegmentLED/sevenSegmentLED.o
                0x20000088                legD
 .data.legE     0x20000090        0x8 ./source/modules/sevenSegmentLED/sevenSegmentLED.o
                0x20000090                legE
 .data.legF     0x20000098        0x8 ./source/modules/sevenSegmentLED/sevenSegmentLED.o
                0x20000098                legF
 .data.legG     0x200000a0        0x8 ./source/modules/sevenSegmentLED/sevenSegmentLED.o
                0x200000a0                legG
 .data.sevenSegConfig
                0x200000a8        0x2 ./source/modules/sevenSegmentLED/sevenSegmentLED.o
                0x200000a8                sevenSegConfig
 *fill*         0x200000aa        0x2 ff
 .data.s_Ext_Clk_Freq
                0x200000ac        0x4 ./drivers/fsl_clock.o
 .data.SystemCoreClock
                0x200000b0        0x4 ./device/system_LPC55S16.o
                0x200000b0                SystemCoreClock
                0x200000b4                . = ALIGN (0x4)
                0x200000b4                _edata = .
                [!provide]                PROVIDE (__end_data_RAM = .)
                [!provide]                PROVIDE (__end_data_SRAM = .)

.igot.plt       0x200000b4        0x0 load address 0x00006700
 .igot.plt      0x200000b4        0x0 ./usb/device/source/lpcip3511/usb_device_lpcip3511.o

.bss_RAM2       0x20010000        0x0
                [!provide]                PROVIDE (__start_bss_RAM2 = .)
                [!provide]                PROVIDE (__start_bss_USB_RAM = .)
 *(SORT_BY_ALIGNMENT(.bss.$RAM2))
 *(SORT_BY_ALIGNMENT(.bss.$USB_RAM))
 *(SORT_BY_ALIGNMENT(.bss.$RAM2.*))
 *(SORT_BY_ALIGNMENT(.bss.$USB_RAM.*))
                0x20010000                . = ALIGN ((. != 0x0)?0x4:0x1)
                [!provide]                PROVIDE (__end_bss_RAM2 = .)
                [!provide]                PROVIDE (__end_bss_USB_RAM = .)

.bss_RAM3       0x04000000        0x0
                [!provide]                PROVIDE (__start_bss_RAM3 = .)
                [!provide]                PROVIDE (__start_bss_SRAMX = .)
 *(SORT_BY_ALIGNMENT(.bss.$RAM3))
 *(SORT_BY_ALIGNMENT(.bss.$SRAMX))
 *(SORT_BY_ALIGNMENT(.bss.$RAM3.*))
 *(SORT_BY_ALIGNMENT(.bss.$SRAMX.*))
                0x04000000                . = ALIGN ((. != 0x0)?0x4:0x1)
                [!provide]                PROVIDE (__end_bss_RAM3 = .)
                [!provide]                PROVIDE (__end_bss_SRAMX = .)

.bss            0x200000b4      0x1f0
                0x200000b4                _bss = .
                [!provide]                PROVIDE (__start_bss_RAM = .)
                [!provide]                PROVIDE (__start_bss_SRAM = .)
 *(SORT_BY_ALIGNMENT(.bss*))
 .bss.ctimer_srcClock_Hz_X
                0x200000b4        0x4 ./source/modules/steppers/ctimerSteppers.o
                0x200000b4                ctimer_srcClock_Hz_X
 .bss.ctimer_srcClock_Hz_Y
                0x200000b8        0x4 ./source/modules/steppers/ctimerSteppers.o
                0x200000b8                ctimer_srcClock_Hz_Y
 .bss.g_pwmPeriod
                0x200000bc        0x4 ./source/modules/servo/servo.o
                0x200000bc                g_pwmPeriod
 .bss.g_pulsePeriod
                0x200000c0        0x4 ./source/modules/servo/servo.o
                0x200000c0                g_pulsePeriod
 .bss.ctimer_config
                0x200000c4        0x8 ./source/modules/servo/servo.o
                0x200000c4                ctimer_config
 .bss.ctimer_srcClock_Hz
                0x200000cc        0x4 ./source/modules/servo/servo.o
                0x200000cc                ctimer_srcClock_Hz
 .bss.ctimer_timerClock
                0x200000d0        0x4 ./source/modules/servo/servo.o
                0x200000d0                ctimer_timerClock
 .bss.mLpadcConfigStruct
                0x200000d4       0x18 ./source/modules/irSensor/irSensor.o
                0x200000d4                mLpadcConfigStruct
 .bss.mLpadcTriggerConfigStruct
                0x200000ec       0x10 ./source/modules/irSensor/irSensor.o
                0x200000ec                mLpadcTriggerConfigStruct
 .bss.mLpadcCommandConfigStruct
                0x200000fc       0x24 ./source/modules/irSensor/irSensor.o
                0x200000fc                mLpadcCommandConfigStruct
 .bss.mLpadcResultConfigStruct
                0x20000120       0x10 ./source/modules/irSensor/irSensor.o
                0x20000120                mLpadcResultConfigStruct
 .bss.emergencyBumpCallback
                0x20000130        0x4 ./source/modules/buttons/buttons.o
                0x20000130                emergencyBumpCallback
 .bss.rightBumpCallback
                0x20000134        0x4 ./source/modules/buttons/buttons.o
                0x20000134                rightBumpCallback
 .bss.leftBumpCallback
                0x20000138        0x4 ./source/modules/buttons/buttons.o
                0x20000138                leftBumpCallback
 .bss.upBumpCallback
                0x2000013c        0x4 ./source/modules/buttons/buttons.o
                0x2000013c                upBumpCallback
 .bss.downBumpCallback
                0x20000140        0x4 ./source/modules/buttons/buttons.o
                0x20000140                downBumpCallback
 .bss.s_Pll0_Freq
                0x20000144        0x4 ./drivers/fsl_clock.o
 .bss.s_Pll1_Freq
                0x20000148        0x4 ./drivers/fsl_clock.o
 .bss.s_I2S_Mclk_Freq
                0x2000014c        0x4 ./drivers/fsl_clock.o
 .bss.s_ctimerCallback
                0x20000150       0x14 ./drivers/fsl_ctimer.o
 .bss.ctimerCallbackType
                0x20000164        0x5 ./drivers/fsl_ctimer.o
 *fill*         0x20000169        0x3 
 .bss.s_flexcommIrqHandler
                0x2000016c       0x24 ./drivers/fsl_flexcomm.o
 .bss.s_flexcommHandle
                0x20000190       0x24 ./drivers/fsl_flexcomm.o
 .bss.s_secpintCallback
                0x200001b4        0x8 ./drivers/fsl_pint.o
 .bss.s_pintCallback
                0x200001bc       0x20 ./drivers/fsl_pint.o
 .bss.s_sctimerIsr
                0x200001dc        0x4 ./drivers/fsl_sctimer.o
 .bss.s_UsbCdcHead
                0x200001e0        0x4 ./component/serial_manager/fsl_component_serial_port_usb.o
 .bss.__Ciob    0x200001e4       0xb4 c:/nxp/mcuxpressoide_11.5.0_7232/ide/plugins/com.nxp.mcuxpresso.tools.win32_11.5.0.202107051138/tools/bin/../lib/gcc/arm-none-eabi/10.3.1/../../../../arm-none-eabi/lib/thumb/v8-m.main+fp/hard\libcr_semihost_nf.a(__ciob.o)
                0x200001e4                __Ciob
 .bss.errno     0x20000298        0x4 c:/nxp/mcuxpressoide_11.5.0_7232/ide/plugins/com.nxp.mcuxpresso.tools.win32_11.5.0.202107051138/tools/bin/../lib/gcc/arm-none-eabi/10.3.1/../../../../arm-none-eabi/lib/thumb/v8-m.main+fp/hard\libcr_c.a(errno.o)
                0x20000298                errno
 .bss.__end_of_heap
                0x2000029c        0x4 c:/nxp/mcuxpressoide_11.5.0_7232/ide/plugins/com.nxp.mcuxpresso.tools.win32_11.5.0.202107051138/tools/bin/../lib/gcc/arm-none-eabi/10.3.1/../../../../arm-none-eabi/lib/thumb/v8-m.main+fp/hard\libcr_c.a(__init_alloc.o)
                0x2000029c                __end_of_heap
 .bss.__heaps   0x200002a0        0x4 c:/nxp/mcuxpressoide_11.5.0_7232/ide/plugins/com.nxp.mcuxpresso.tools.win32_11.5.0.202107051138/tools/bin/../lib/gcc/arm-none-eabi/10.3.1/../../../../arm-none-eabi/lib/thumb/v8-m.main+fp/hard\libcr_c.a(__init_alloc.o)
                0x200002a0                __heaps
 *(SORT_BY_ALIGNMENT(COMMON))
                0x200002a4                . = ALIGN (0x4)
                0x200002a4                _ebss = .
                [!provide]                PROVIDE (__end_bss_RAM = .)
                [!provide]                PROVIDE (__end_bss_SRAM = .)
                [!provide]                PROVIDE (end = .)

.noinit_RAM2    0x20010000        0x0
                [!provide]                PROVIDE (__start_noinit_RAM2 = .)
                [!provide]                PROVIDE (__start_noinit_USB_RAM = .)
 *(SORT_BY_ALIGNMENT(.noinit.$RAM2))
 *(SORT_BY_ALIGNMENT(.noinit.$USB_RAM))
 *(SORT_BY_ALIGNMENT(.noinit.$RAM2.*))
 *(SORT_BY_ALIGNMENT(.noinit.$USB_RAM.*))
                0x20010000                . = ALIGN (0x4)
                [!provide]                PROVIDE (__end_noinit_RAM2 = .)
                [!provide]                PROVIDE (__end_noinit_USB_RAM = .)

.noinit_RAM3    0x04000000        0x0
                [!provide]                PROVIDE (__start_noinit_RAM3 = .)
                [!provide]                PROVIDE (__start_noinit_SRAMX = .)
 *(SORT_BY_ALIGNMENT(.noinit.$RAM3))
 *(SORT_BY_ALIGNMENT(.noinit.$SRAMX))
 *(SORT_BY_ALIGNMENT(.noinit.$RAM3.*))
 *(SORT_BY_ALIGNMENT(.noinit.$SRAMX.*))
                0x04000000                . = ALIGN (0x4)
                [!provide]                PROVIDE (__end_noinit_RAM3 = .)
                [!provide]                PROVIDE (__end_noinit_SRAMX = .)

.noinit         0x200002a4        0x0
                0x200002a4                _noinit = .
                [!provide]                PROVIDE (__start_noinit_RAM = .)
                [!provide]                PROVIDE (__start_noinit_SRAM = .)
 *(SORT_BY_ALIGNMENT(.noinit*))
                0x200002a4                . = ALIGN (0x4)
                0x200002a4                _end_noinit = .
                [!provide]                PROVIDE (__end_noinit_RAM = .)
                [!provide]                PROVIDE (__end_noinit_SRAM = .)
                0x00001000                _HeapSize = 0x1000

.heap           0x200002a4     0x1000
                0x200002a4                _pvHeapStart = .
                0x200012a4                . = (. + _HeapSize)
 *fill*         0x200002a4     0x1000 
                0x200012a4                . = ALIGN (0x4)
                0x200012a4                _pvHeapLimit = .
                0x00001000                _StackSize = 0x1000

.heap2stackfill
                0x200012a4     0x1000
                0x200022a4                . = (. + _StackSize)
 *fill*         0x200012a4     0x1000 

.stack          0x2000f000        0x0
                0x2000f000                _vStackBase = .
                0x2000f000                . = ALIGN (0x4)
                0x20010000                _vStackTop = (. + _StackSize)
                [!provide]                PROVIDE (__valid_user_code_checksum = (0x0 - ((((((_vStackTop + (ResetISR + 0x1)) + (NMI_Handler + 0x1)) + (HardFault_Handler + 0x1)) + (DEFINED (MemManage_Handler)?MemManage_Handler:0x0 + 0x1)) + (DEFINED (BusFault_Handler)?BusFault_Handler:0x0 + 0x1)) + (DEFINED (UsageFault_Handler)?UsageFault_Handler:0x0 + 0x1))))
                0x00000000                _image_start = LOADADDR (.text)
                0x00006700                _image_end = (LOADADDR (.data) + SIZEOF (.data))
                0x00006700                _image_size = (_image_end - _image_start)
OUTPUT(Ovalmate_dev.axf elf32-littlearm)
LOAD linker stubs

.debug_info     0x00000000    0x2592f
 .debug_info    0x00000000     0x1912 ./usb/device/source/lpcip3511/usb_device_lpcip3511.o
 .debug_info    0x00001912     0x12c5 ./usb/device/source/usb_device_dci.o
 .debug_info    0x00002bd7      0x71a ./startup/startup_lpc55s16.o
 .debug_info    0x000032f1      0xa0c ./source/modules/steppers/ctimerSteppers.o
 .debug_info    0x00003cfd      0x7c5 ./source/modules/sevenSegmentLED/sevenSegmentLED.o
 .debug_info    0x000044c2      0x7ea ./source/modules/servo/servo.o
 .debug_info    0x00004cac      0x932 ./source/modules/mainInclude/mainInclude.o
 .debug_info    0x000055de      0xbe2 ./source/modules/irSensor/irSensor.o
 .debug_info    0x000061c0     0x1553 ./source/modules/buttons/buttons.o
 .debug_info    0x00007713      0x113 ./source/Ovalmate_dev.o
 .debug_info    0x00007826       0x3c ./source/semihost_hardfault.o
 .debug_info    0x00007862     0x35eb ./drivers/fsl_clock.o
 .debug_info    0x0000ae4d       0xf5 ./drivers/fsl_common_arm.o
 .debug_info    0x0000af42     0x2303 ./drivers/fsl_ctimer.o
 .debug_info    0x0000d245     0x1b92 ./drivers/fsl_flexcomm.o
 .debug_info    0x0000edd7     0x1819 ./drivers/fsl_gpio.o
 .debug_info    0x000105f0     0x1eee ./drivers/fsl_inputmux.o
 .debug_info    0x000124de     0x1e56 ./drivers/fsl_lpadc.o
 .debug_info    0x00014334     0x233e ./drivers/fsl_pint.o
 .debug_info    0x00016672     0x336f ./drivers/fsl_power.o
 .debug_info    0x000199e1      0xfb0 ./drivers/fsl_reset.o
 .debug_info    0x0001a991     0x26ba ./drivers/fsl_sctimer.o
 .debug_info    0x0001d04b     0x16bd ./device/system_LPC55S16.o
 .debug_info    0x0001e708     0x1d87 ./component/serial_manager/fsl_component_serial_port_usb.o
 .debug_info    0x0002048f      0xfe5 ./component/osa/fsl_os_abstraction_bm.o
 .debug_info    0x00021474      0x87f ./board/board.o
 .debug_info    0x00021cf3     0x182f ./board/clock_config.o
 .debug_info    0x00023522       0x9b ./board/peripherals.o
 .debug_info    0x000235bd     0x2372 ./board/pin_mux.o

.debug_abbrev   0x00000000     0x3c45
 .debug_abbrev  0x00000000      0x316 ./usb/device/source/lpcip3511/usb_device_lpcip3511.o
 .debug_abbrev  0x00000316      0x1dc ./usb/device/source/usb_device_dci.o
 .debug_abbrev  0x000004f2      0x165 ./startup/startup_lpc55s16.o
 .debug_abbrev  0x00000657      0x23f ./source/modules/steppers/ctimerSteppers.o
 .debug_abbrev  0x00000896      0x1c3 ./source/modules/sevenSegmentLED/sevenSegmentLED.o
 .debug_abbrev  0x00000a59      0x1d7 ./source/modules/servo/servo.o
 .debug_abbrev  0x00000c30      0x1a2 ./source/modules/mainInclude/mainInclude.o
 .debug_abbrev  0x00000dd2      0x18c ./source/modules/irSensor/irSensor.o
 .debug_abbrev  0x00000f5e      0x17c ./source/modules/buttons/buttons.o
 .debug_abbrev  0x000010da       0xb3 ./source/Ovalmate_dev.o
 .debug_abbrev  0x0000118d       0x31 ./source/semihost_hardfault.o
 .debug_abbrev  0x000011be      0x374 ./drivers/fsl_clock.o
 .debug_abbrev  0x00001532       0x92 ./drivers/fsl_common_arm.o
 .debug_abbrev  0x000015c4      0x382 ./drivers/fsl_ctimer.o
 .debug_abbrev  0x00001946      0x2c0 ./drivers/fsl_flexcomm.o
 .debug_abbrev  0x00001c06      0x210 ./drivers/fsl_gpio.o
 .debug_abbrev  0x00001e16      0x1d7 ./drivers/fsl_inputmux.o
 .debug_abbrev  0x00001fed      0x257 ./drivers/fsl_lpadc.o
 .debug_abbrev  0x00002244      0x2da ./drivers/fsl_pint.o
 .debug_abbrev  0x0000251e      0x374 ./drivers/fsl_power.o
 .debug_abbrev  0x00002892      0x15a ./drivers/fsl_reset.o
 .debug_abbrev  0x000029ec      0x36e ./drivers/fsl_sctimer.o
 .debug_abbrev  0x00002d5a      0x20b ./device/system_LPC55S16.o
 .debug_abbrev  0x00002f65      0x3c9 ./component/serial_manager/fsl_component_serial_port_usb.o
 .debug_abbrev  0x0000332e      0x371 ./component/osa/fsl_os_abstraction_bm.o
 .debug_abbrev  0x0000369f      0x104 ./board/board.o
 .debug_abbrev  0x000037a3      0x1ea ./board/clock_config.o
 .debug_abbrev  0x0000398d       0x61 ./board/peripherals.o
 .debug_abbrev  0x000039ee      0x257 ./board/pin_mux.o

.debug_aranges  0x00000000     0x11a0
 .debug_aranges
                0x00000000       0xd8 ./usb/device/source/lpcip3511/usb_device_lpcip3511.o
 .debug_aranges
                0x000000d8       0xc8 ./usb/device/source/usb_device_dci.o
 .debug_aranges
                0x000001a0      0x270 ./startup/startup_lpc55s16.o
 .debug_aranges
                0x00000410       0x80 ./source/modules/steppers/ctimerSteppers.o
 .debug_aranges
                0x00000490       0x30 ./source/modules/sevenSegmentLED/sevenSegmentLED.o
 .debug_aranges
                0x000004c0       0x68 ./source/modules/servo/servo.o
 .debug_aranges
                0x00000528       0x48 ./source/modules/mainInclude/mainInclude.o
 .debug_aranges
                0x00000570       0x30 ./source/modules/irSensor/irSensor.o
 .debug_aranges
                0x000005a0       0x48 ./source/modules/buttons/buttons.o
 .debug_aranges
                0x000005e8       0x28 ./source/Ovalmate_dev.o
 .debug_aranges
                0x00000610       0x20 ./source/semihost_hardfault.o
 .debug_aranges
                0x00000630      0x250 ./drivers/fsl_clock.o
 .debug_aranges
                0x00000880       0x28 ./drivers/fsl_common_arm.o
 .debug_aranges
                0x000008a8       0xe0 ./drivers/fsl_ctimer.o
 .debug_aranges
                0x00000988       0x90 ./drivers/fsl_flexcomm.o
 .debug_aranges
                0x00000a18       0x38 ./drivers/fsl_gpio.o
 .debug_aranges
                0x00000a50       0x40 ./drivers/fsl_inputmux.o
 .debug_aranges
                0x00000a90       0xb0 ./drivers/fsl_lpadc.o
 .debug_aranges
                0x00000b40      0x118 ./drivers/fsl_pint.o
 .debug_aranges
                0x00000c58       0xc8 ./drivers/fsl_power.o
 .debug_aranges
                0x00000d20       0x30 ./drivers/fsl_reset.o
 .debug_aranges
                0x00000d50       0xc8 ./drivers/fsl_sctimer.o
 .debug_aranges
                0x00000e18       0x88 ./device/system_LPC55S16.o
 .debug_aranges
                0x00000ea0       0xc0 ./component/serial_manager/fsl_component_serial_port_usb.o
 .debug_aranges
                0x00000f60      0x130 ./component/osa/fsl_os_abstraction_bm.o
 .debug_aranges
                0x00001090       0x28 ./board/board.o
 .debug_aranges
                0x000010b8       0x50 ./board/clock_config.o
 .debug_aranges
                0x00001108       0x28 ./board/peripherals.o
 .debug_aranges
                0x00001130       0x70 ./board/pin_mux.o

.debug_ranges   0x00000000      0xfd0
 .debug_ranges  0x00000000       0xc8 ./usb/device/source/lpcip3511/usb_device_lpcip3511.o
 .debug_ranges  0x000000c8       0xb8 ./usb/device/source/usb_device_dci.o
 .debug_ranges  0x00000180      0x260 ./startup/startup_lpc55s16.o
 .debug_ranges  0x000003e0       0x70 ./source/modules/steppers/ctimerSteppers.o
 .debug_ranges  0x00000450       0x20 ./source/modules/sevenSegmentLED/sevenSegmentLED.o
 .debug_ranges  0x00000470       0x58 ./source/modules/servo/servo.o
 .debug_ranges  0x000004c8       0x38 ./source/modules/mainInclude/mainInclude.o
 .debug_ranges  0x00000500       0x20 ./source/modules/irSensor/irSensor.o
 .debug_ranges  0x00000520       0x38 ./source/modules/buttons/buttons.o
 .debug_ranges  0x00000558       0x18 ./source/Ovalmate_dev.o
 .debug_ranges  0x00000570       0x10 ./source/semihost_hardfault.o
 .debug_ranges  0x00000580      0x240 ./drivers/fsl_clock.o
 .debug_ranges  0x000007c0       0x18 ./drivers/fsl_common_arm.o
 .debug_ranges  0x000007d8       0xd0 ./drivers/fsl_ctimer.o
 .debug_ranges  0x000008a8       0x80 ./drivers/fsl_flexcomm.o
 .debug_ranges  0x00000928       0x28 ./drivers/fsl_gpio.o
 .debug_ranges  0x00000950       0x30 ./drivers/fsl_inputmux.o
 .debug_ranges  0x00000980       0xa0 ./drivers/fsl_lpadc.o
 .debug_ranges  0x00000a20      0x108 ./drivers/fsl_pint.o
 .debug_ranges  0x00000b28       0xb8 ./drivers/fsl_power.o
 .debug_ranges  0x00000be0       0x20 ./drivers/fsl_reset.o
 .debug_ranges  0x00000c00       0xb8 ./drivers/fsl_sctimer.o
 .debug_ranges  0x00000cb8       0x78 ./device/system_LPC55S16.o
 .debug_ranges  0x00000d30       0xb0 ./component/serial_manager/fsl_component_serial_port_usb.o
 .debug_ranges  0x00000de0      0x120 ./component/osa/fsl_os_abstraction_bm.o
 .debug_ranges  0x00000f00       0x18 ./board/board.o
 .debug_ranges  0x00000f18       0x40 ./board/clock_config.o
 .debug_ranges  0x00000f58       0x18 ./board/peripherals.o
 .debug_ranges  0x00000f70       0x60 ./board/pin_mux.o

.debug_macro    0x00000000     0x4753
 .debug_macro   0x00000000      0x30f ./usb/device/source/lpcip3511/usb_device_lpcip3511.o
 .debug_macro   0x0000030f       0xb2 ./usb/device/source/lpcip3511/usb_device_lpcip3511.o
 .debug_macro   0x000003c1       0xd8 ./usb/device/source/lpcip3511/usb_device_lpcip3511.o
 .debug_macro   0x00000499       0x22 ./usb/device/source/lpcip3511/usb_device_lpcip3511.o
 .debug_macro   0x000004bb       0x2e ./usb/device/source/lpcip3511/usb_device_lpcip3511.o
 .debug_macro   0x000004e9       0x16 ./usb/device/source/lpcip3511/usb_device_lpcip3511.o
 .debug_macro   0x000004ff       0xe2 ./usb/device/source/lpcip3511/usb_device_lpcip3511.o
 .debug_macro   0x000005e1       0x40 ./usb/device/source/lpcip3511/usb_device_lpcip3511.o
 .debug_macro   0x00000621       0x19 ./usb/device/source/lpcip3511/usb_device_lpcip3511.o
 .debug_macro   0x0000063a      0x1c9 ./usb/device/source/lpcip3511/usb_device_lpcip3511.o
 .debug_macro   0x00000803      0x2c7 ./usb/device/source/lpcip3511/usb_device_lpcip3511.o
 .debug_macro   0x00000aca       0x22 ./usb/device/source/lpcip3511/usb_device_lpcip3511.o
 .debug_macro   0x00000aec       0x34 ./usb/device/source/lpcip3511/usb_device_lpcip3511.o
 .debug_macro   0x00000b20       0x16 ./usb/device/source/lpcip3511/usb_device_lpcip3511.o
 .debug_macro   0x00000b36       0x4c ./usb/device/source/lpcip3511/usb_device_lpcip3511.o
 .debug_macro   0x00000b82      0x1c4 ./usb/device/source/usb_device_dci.o
 .debug_macro   0x00000d46       0x29 ./startup/startup_lpc55s16.o
 .debug_macro   0x00000d6f      0x1b0 ./source/modules/steppers/ctimerSteppers.o
 .debug_macro   0x00000f1f       0x1c ./source/modules/steppers/ctimerSteppers.o
 .debug_macro   0x00000f3b       0x46 ./source/modules/steppers/ctimerSteppers.o
 .debug_macro   0x00000f81       0x2e ./source/modules/steppers/ctimerSteppers.o
 .debug_macro   0x00000faf      0x14a ./source/modules/sevenSegmentLED/sevenSegmentLED.o
 .debug_macro   0x000010f9      0x14f ./source/modules/servo/servo.o
 .debug_macro   0x00001248       0x2e ./source/modules/servo/servo.o
 .debug_macro   0x00001276      0x239 ./source/modules/mainInclude/mainInclude.o
 .debug_macro   0x000014af       0x35 ./source/modules/mainInclude/mainInclude.o
 .debug_macro   0x000014e4       0x10 ./source/modules/mainInclude/mainInclude.o
 .debug_macro   0x000014f4       0xfe ./source/modules/mainInclude/mainInclude.o
 .debug_macro   0x000015f2      0x206 ./source/modules/mainInclude/mainInclude.o
 .debug_macro   0x000017f8      0x570 ./source/modules/mainInclude/mainInclude.o
 .debug_macro   0x00001d68       0x1c ./source/modules/mainInclude/mainInclude.o
 .debug_macro   0x00001d84       0x28 ./source/modules/mainInclude/mainInclude.o
 .debug_macro   0x00001dac       0x10 ./source/modules/mainInclude/mainInclude.o
 .debug_macro   0x00001dbc       0x76 ./source/modules/mainInclude/mainInclude.o
 .debug_macro   0x00001e32       0x88 ./source/modules/mainInclude/mainInclude.o
 .debug_macro   0x00001eba       0x22 ./source/modules/mainInclude/mainInclude.o
 .debug_macro   0x00001edc       0x40 ./source/modules/mainInclude/mainInclude.o
 .debug_macro   0x00001f1c       0x10 ./source/modules/mainInclude/mainInclude.o
 .debug_macro   0x00001f2c      0x14e ./source/modules/irSensor/irSensor.o
 .debug_macro   0x0000207a       0x16 ./source/modules/irSensor/irSensor.o
 .debug_macro   0x00002090      0x167 ./source/modules/buttons/buttons.o
 .debug_macro   0x000021f7       0x70 ./source/modules/buttons/buttons.o
 .debug_macro   0x00002267       0x8e ./source/modules/buttons/buttons.o
 .debug_macro   0x000022f5      0x239 ./source/Ovalmate_dev.o
 .debug_macro   0x0000252e       0x11 ./source/semihost_hardfault.o
 .debug_macro   0x0000253f      0x1db ./drivers/fsl_clock.o
 .debug_macro   0x0000271a      0x2f6 ./drivers/fsl_clock.o
 .debug_macro   0x00002a10      0x13c ./drivers/fsl_common_arm.o
 .debug_macro   0x00002b4c      0x14c ./drivers/fsl_ctimer.o
 .debug_macro   0x00002c98      0x145 ./drivers/fsl_flexcomm.o
 .debug_macro   0x00002ddd       0x10 ./drivers/fsl_flexcomm.o
 .debug_macro   0x00002ded      0x14c ./drivers/fsl_gpio.o
 .debug_macro   0x00002f39      0x14f ./drivers/fsl_inputmux.o
 .debug_macro   0x00003088      0x14b ./drivers/fsl_lpadc.o
 .debug_macro   0x000031d3      0x14b ./drivers/fsl_pint.o
 .debug_macro   0x0000331e      0x3fb ./drivers/fsl_power.o
 .debug_macro   0x00003719      0x13c ./drivers/fsl_reset.o
 .debug_macro   0x00003855      0x14c ./drivers/fsl_sctimer.o
 .debug_macro   0x000039a1       0xc1 ./device/system_LPC55S16.o
 .debug_macro   0x00003a62      0x260 ./component/serial_manager/fsl_component_serial_port_usb.o
 .debug_macro   0x00003cc2      0x184 ./component/osa/fsl_os_abstraction_bm.o
 .debug_macro   0x00003e46       0x10 ./component/osa/fsl_os_abstraction_bm.o
 .debug_macro   0x00003e56      0x1c2 ./board/board.o
 .debug_macro   0x00004018       0x16 ./board/board.o
 .debug_macro   0x0000402e      0x15c ./board/clock_config.o
 .debug_macro   0x0000418a      0x2f0 ./board/clock_config.o
 .debug_macro   0x0000447a       0x2f ./board/clock_config.o
 .debug_macro   0x000044a9      0x140 ./board/peripherals.o
 .debug_macro   0x000045e9      0x16a ./board/pin_mux.o

.debug_line     0x00000000     0xfa9e
 .debug_line    0x00000000     0x146a ./usb/device/source/lpcip3511/usb_device_lpcip3511.o
 .debug_line    0x0000146a      0xd8e ./usb/device/source/usb_device_dci.o
 .debug_line    0x000021f8      0x6be ./startup/startup_lpc55s16.o
 .debug_line    0x000028b6      0x898 ./source/modules/steppers/ctimerSteppers.o
 .debug_line    0x0000314e      0x4d4 ./source/modules/sevenSegmentLED/sevenSegmentLED.o
 .debug_line    0x00003622      0x509 ./source/modules/servo/servo.o
 .debug_line    0x00003b2b      0xa48 ./source/modules/mainInclude/mainInclude.o
 .debug_line    0x00004573      0x45d ./source/modules/irSensor/irSensor.o
 .debug_line    0x000049d0      0x4be ./source/modules/buttons/buttons.o
 .debug_line    0x00004e8e      0x9d4 ./source/Ovalmate_dev.o
 .debug_line    0x00005862       0x59 ./source/semihost_hardfault.o
 .debug_line    0x000058bb     0x18c9 ./drivers/fsl_clock.o
 .debug_line    0x00007184      0x39a ./drivers/fsl_common_arm.o
 .debug_line    0x0000751e      0x903 ./drivers/fsl_ctimer.o
 .debug_line    0x00007e21      0x63c ./drivers/fsl_flexcomm.o
 .debug_line    0x0000845d      0x406 ./drivers/fsl_gpio.o
 .debug_line    0x00008863      0x42b ./drivers/fsl_inputmux.o
 .debug_line    0x00008c8e      0x7d6 ./drivers/fsl_lpadc.o
 .debug_line    0x00009464      0xc7c ./drivers/fsl_pint.o
 .debug_line    0x0000a0e0      0xf29 ./drivers/fsl_power.o
 .debug_line    0x0000b009      0x3f3 ./drivers/fsl_reset.o
 .debug_line    0x0000b3fc      0xb15 ./drivers/fsl_sctimer.o
 .debug_line    0x0000bf11      0x694 ./device/system_LPC55S16.o
 .debug_line    0x0000c5a5     0x10d3 ./component/serial_manager/fsl_component_serial_port_usb.o
 .debug_line    0x0000d678      0xb78 ./component/osa/fsl_os_abstraction_bm.o
 .debug_line    0x0000e1f0      0x5ec ./board/board.o
 .debug_line    0x0000e7dc      0x4fa ./board/clock_config.o
 .debug_line    0x0000ecd6      0x3e4 ./board/peripherals.o
 .debug_line    0x0000f0ba      0x9e4 ./board/pin_mux.o

.debug_str      0x00000000    0xdbb93
 .debug_str     0x00000000    0xc5cea ./usb/device/source/lpcip3511/usb_device_lpcip3511.o
                              0xc5ded (size before relaxing)
 .debug_str     0x000c5cea      0x7d9 ./usb/device/source/usb_device_dci.o
                              0xc4e88 (size before relaxing)
 .debug_str     0x000c64c3      0x6a9 ./startup/startup_lpc55s16.o
                               0x3537 (size before relaxing)
 .debug_str     0x000c6b6c     0x109e ./source/modules/steppers/ctimerSteppers.o
                              0xc0fe8 (size before relaxing)
 .debug_str     0x000c7c0a      0x219 ./source/modules/sevenSegmentLED/sevenSegmentLED.o
                              0xbfd5a (size before relaxing)
 .debug_str     0x000c7e23      0x1e0 ./source/modules/servo/servo.o
                              0xc0000 (size before relaxing)
 .debug_str     0x000c8003     0x3733 ./source/modules/mainInclude/mainInclude.o
                              0xc4644 (size before relaxing)
 .debug_str     0x000cb736      0xaba ./source/modules/irSensor/irSensor.o
                              0xc0843 (size before relaxing)
 .debug_str     0x000cc1f0     0x2df5 ./source/modules/buttons/buttons.o
                              0xc3164 (size before relaxing)
 .debug_str     0x000cefe5       0x24 ./source/Ovalmate_dev.o
                              0xc3768 (size before relaxing)
 .debug_str     0x000cf009       0x1f ./source/semihost_hardfault.o
                               0x2e65 (size before relaxing)
 .debug_str     0x000cf028     0x4330 ./drivers/fsl_clock.o
                              0xc40ce (size before relaxing)
 .debug_str     0x000d3358       0x82 ./drivers/fsl_common_arm.o
                              0xbf22a (size before relaxing)
 .debug_str     0x000d33da      0xdde ./drivers/fsl_ctimer.o
                              0xc1afe (size before relaxing)