Archive member included to satisfy reference by file (symbol)

c:/nxp/mcuxpressoide_11.5.0_7232/ide/plugins/com.nxp.mcuxpresso.tools.win32_11.5.0.202107051138/tools/bin/../lib/gcc/arm-none-eabi/10.3.1/../../../../arm-none-eabi/lib/thumb/v8-m.main+fp/hard\libcr_semihost_nf.a(_cr__main.o)
                              ./startup/startup_lpc55s16.o (__main)
c:/nxp/mcuxpressoide_11.5.0_7232/ide/plugins/com.nxp.mcuxpresso.tools.win32_11.5.0.202107051138/tools/bin/../lib/gcc/arm-none-eabi/10.3.1/../../../../arm-none-eabi/lib/thumb/v8-m.main+fp/hard\libcr_semihost_nf.a(_cr_assert.o)
                              ./drivers/fsl_anactrl.o (__assertion_failed)
c:/nxp/mcuxpressoide_11.5.0_7232/ide/plugins/com.nxp.mcuxpresso.tools.win32_11.5.0.202107051138/tools/bin/../lib/gcc/arm-none-eabi/10.3.1/../../../../arm-none-eabi/lib/thumb/v8-m.main+fp/hard\libcr_semihost_nf.a(__ciob.o)
                              c:/nxp/mcuxpressoide_11.5.0_7232/ide/plugins/com.nxp.mcuxpresso.tools.win32_11.5.0.202107051138/tools/bin/../lib/gcc/arm-none-eabi/10.3.1/../../../../arm-none-eabi/lib/thumb/v8-m.main+fp/hard\libcr_semihost_nf.a(_cr_assert.o) (__Ciob)
c:/nxp/mcuxpressoide_11.5.0_7232/ide/plugins/com.nxp.mcuxpresso.tools.win32_11.5.0.202107051138/tools/bin/../lib/gcc/arm-none-eabi/10.3.1/../../../../arm-none-eabi/lib/thumb/v8-m.main+fp/hard\libcr_semihost_nf.a(__sys_appexit.o)
                              c:/nxp/mcuxpressoide_11.5.0_7232/ide/plugins/com.nxp.mcuxpresso.tools.win32_11.5.0.202107051138/tools/bin/../lib/gcc/arm-none-eabi/10.3.1/../../../../arm-none-eabi/lib/thumb/v8-m.main+fp/hard\libcr_semihost_nf.a(_cr_assert.o) (__sys_appexit)
c:/nxp/mcuxpressoide_11.5.0_7232/ide/plugins/com.nxp.mcuxpresso.tools.win32_11.5.0.202107051138/tools/bin/../lib/gcc/arm-none-eabi/10.3.1/../../../../arm-none-eabi/lib/thumb/v8-m.main+fp/hard\libcr_c.a(memcpy.o)
                              ./utilities/fsl_str.o (memcpy)
c:/nxp/mcuxpressoide_11.5.0_7232/ide/plugins/com.nxp.mcuxpresso.tools.win32_11.5.0.202107051138/tools/bin/../lib/gcc/arm-none-eabi/10.3.1/../../../../arm-none-eabi/lib/thumb/v8-m.main+fp/hard\libcr_c.a(memset.o)
                              ./drivers/fsl_anactrl.o (memset)
c:/nxp/mcuxpressoide_11.5.0_7232/ide/plugins/com.nxp.mcuxpresso.tools.win32_11.5.0.202107051138/tools/bin/../lib/gcc/arm-none-eabi/10.3.1/../../../../arm-none-eabi/lib/thumb/v8-m.main+fp/hard\libcr_c.a(_deferredlazyseek.o)
                              c:/nxp/mcuxpressoide_11.5.0_7232/ide/plugins/com.nxp.mcuxpresso.tools.win32_11.5.0.202107051138/tools/bin/../lib/gcc/arm-none-eabi/10.3.1/../../../../arm-none-eabi/lib/thumb/v8-m.main+fp/hard\libcr_semihost_nf.a(_cr_assert.o) (__flsbuf)
c:/nxp/mcuxpressoide_11.5.0_7232/ide/plugins/com.nxp.mcuxpresso.tools.win32_11.5.0.202107051138/tools/bin/../lib/gcc/arm-none-eabi/10.3.1/../../../../arm-none-eabi/lib/thumb/v8-m.main+fp/hard\libcr_c.a(_fflush.o)
                              c:/nxp/mcuxpressoide_11.5.0_7232/ide/plugins/com.nxp.mcuxpresso.tools.win32_11.5.0.202107051138/tools/bin/../lib/gcc/arm-none-eabi/10.3.1/../../../../arm-none-eabi/lib/thumb/v8-m.main+fp/hard\libcr_c.a(_deferredlazyseek.o) (_fflush)
c:/nxp/mcuxpressoide_11.5.0_7232/ide/plugins/com.nxp.mcuxpresso.tools.win32_11.5.0.202107051138/tools/bin/../lib/gcc/arm-none-eabi/10.3.1/../../../../arm-none-eabi/lib/thumb/v8-m.main+fp/hard\libcr_c.a(_writebuf.o)
                              c:/nxp/mcuxpressoide_11.5.0_7232/ide/plugins/com.nxp.mcuxpresso.tools.win32_11.5.0.202107051138/tools/bin/../lib/gcc/arm-none-eabi/10.3.1/../../../../arm-none-eabi/lib/thumb/v8-m.main+fp/hard\libcr_c.a(_deferredlazyseek.o) (_Cwritebuf)
c:/nxp/mcuxpressoide_11.5.0_7232/ide/plugins/com.nxp.mcuxpresso.tools.win32_11.5.0.202107051138/tools/bin/../lib/gcc/arm-none-eabi/10.3.1/../../../../arm-none-eabi/lib/thumb/v8-m.main+fp/hard\libcr_c.a(alloc.o)
                              ./drivers/fsl_common.o (malloc)
c:/nxp/mcuxpressoide_11.5.0_7232/ide/plugins/com.nxp.mcuxpresso.tools.win32_11.5.0.202107051138/tools/bin/../lib/gcc/arm-none-eabi/10.3.1/../../../../arm-none-eabi/lib/thumb/v8-m.main+fp/hard\libcr_c.a(errno.o)
                              ./utilities/fsl_str.o (errno)
c:/nxp/mcuxpressoide_11.5.0_7232/ide/plugins/com.nxp.mcuxpresso.tools.win32_11.5.0.202107051138/tools/bin/../lib/gcc/arm-none-eabi/10.3.1/../../../../arm-none-eabi/lib/thumb/v8-m.main+fp/hard\libcr_c.a(fpprintf.o)
                              ./source/modules/steppers/steppers.o (printf)
c:/nxp/mcuxpressoide_11.5.0_7232/ide/plugins/com.nxp.mcuxpresso.tools.win32_11.5.0.202107051138/tools/bin/../lib/gcc/arm-none-eabi/10.3.1/../../../../arm-none-eabi/lib/thumb/v8-m.main+fp/hard\libcr_c.a(fputs.o)
                              c:/nxp/mcuxpressoide_11.5.0_7232/ide/plugins/com.nxp.mcuxpresso.tools.win32_11.5.0.202107051138/tools/bin/../lib/gcc/arm-none-eabi/10.3.1/../../../../arm-none-eabi/lib/thumb/v8-m.main+fp/hard\libcr_semihost_nf.a(_cr_assert.o) (fputs)
[...]
Memory Configuration

Name             Origin             Length             Attributes
PROGRAM_FLASH    0x00000000         0x0003d800         xr
SRAM             0x20000000         0x00010000         xrw
USB_RAM          0x20010000         0x00004000         xrw
SRAMX            0x04000000         0x00004000         xrw
*default*        0x00000000         0xffffffff

Linker script and memory map

LOAD ./utilities/fsl_debug_console.o
LOAD ./utilities/fsl_str.o
LOAD ./startup/startup_lpc55s16.o
LOAD ./source/modules/utils/utils.o
LOAD ./source/modules/steppers/steppers.o
LOAD ./source/modules/sevenSegmentLED/sevenSegmentLED.o
LOAD ./source/modules/servo/servo.o
LOAD ./source/modules/mainInclude/advancedSteppers.o
LOAD ./source/modules/mainInclude/localization.o
LOAD ./source/modules/mainInclude/mainInclude.o
LOAD ./source/modules/irSensor/irSensor.o
LOAD ./source/modules/buttons/buttons.o
LOAD ./source/modules/blackDots/blackDots.o
LOAD ./source/Ovalmate_dev_noUSB.o
LOAD ./source/semihost_hardfault.o
LOAD ./drivers/fsl_anactrl.o
LOAD ./drivers/fsl_clock.o
LOAD ./drivers/fsl_common.o
LOAD ./drivers/fsl_common_arm.o
LOAD ./drivers/fsl_ctimer.o
LOAD ./drivers/fsl_flexcomm.o
LOAD ./drivers/fsl_gpio.o
LOAD ./drivers/fsl_i2c.o
LOAD ./drivers/fsl_inputmux.o
LOAD ./drivers/fsl_lpadc.o
LOAD ./drivers/fsl_pint.o
LOAD ./drivers/fsl_power.o
LOAD ./drivers/fsl_reset.o
LOAD ./drivers/fsl_usart.o
LOAD ./device/system_LPC55S16.o
LOAD ./component/uart/fsl_adapter_usart.o
LOAD ./component/timer/fsl_adapter_ctimer.o
LOAD ./component/serial_manager/fsl_component_serial_manager.o
LOAD ./component/serial_manager/fsl_component_serial_port_uart.o
LOAD ./component/pwm/fsl_adapter_pwm_ctimer.o
LOAD ./component/lists/fsl_component_generic_list.o
LOAD ./board/board.o
LOAD ./board/clock_config.o
LOAD ./board/peripherals.o
LOAD ./board/pin_mux.o
START GROUP
LOAD c:/nxp/mcuxpressoide_11.5.0_7232/ide/plugins/com.nxp.mcuxpresso.tools.win32_11.5.0.202107051138/tools/bin/../lib/gcc/arm-none-eabi/10.3.1/../../../../arm-none-eabi/lib/thumb/v8-m.main+fp/hard\libcr_semihost_nf.a
LOAD c:/nxp/mcuxpressoide_11.5.0_7232/ide/plugins/com.nxp.mcuxpresso.tools.win32_11.5.0.202107051138/tools/bin/../lib/gcc/arm-none-eabi/10.3.1/../../../../arm-none-eabi/lib/thumb/v8-m.main+fp/hard\libcr_c.a
LOAD c:/nxp/mcuxpressoide_11.5.0_7232/ide/plugins/com.nxp.mcuxpresso.tools.win32_11.5.0.202107051138/tools/bin/../lib/gcc/arm-none-eabi/10.3.1/thumb/v8-m.main+fp/hard\libcr_eabihelpers.a
LOAD c:/nxp/mcuxpressoide_11.5.0_7232/ide/plugins/com.nxp.mcuxpresso.tools.win32_11.5.0.202107051138/tools/bin/../lib/gcc/arm-none-eabi/10.3.1/thumb/v8-m.main+fp/hard\libgcc.a
END GROUP
                0x00000000                __base_PROGRAM_FLASH = 0x0
                0x00000000                __base_Flash = 0x0
                0x0003d800                __top_PROGRAM_FLASH = 0x3d800
                0x0003d800                __top_Flash = 0x3d800
                0x20000000                __base_SRAM = 0x20000000
                0x20000000                __base_RAM = 0x20000000
                0x20010000                __top_SRAM = 0x20010000
                0x20010000                __top_RAM = 0x20010000
                0x20010000                __base_USB_RAM = 0x20010000
                0x20010000                __base_RAM2 = 0x20010000
                0x20014000                __top_USB_RAM = 0x20014000
                0x20014000                __top_RAM2 = 0x20014000
                0x04000000                __base_SRAMX = 0x4000000
                0x04000000                __base_RAM3 = 0x4000000
                0x04004000                __top_SRAMX = 0x4004000
                0x04004000                __top_RAM3 = 0x4004000

.text           0x00000000     0x7900
 FILL mask 0xff
                0x00000000                __vectors_start__ = ABSOLUTE (.)
 *(SORT_BY_ALIGNMENT(.isr_vector))
 .isr_vector    0x00000000      0x134 ./startup/startup_lpc55s16.o
                0x00000000                g_pfnVectors
                0x00000000                __Vectors
                0x00000134                . = ALIGN (0x4)
                0x00000134                __section_table_start = .
                0x00000134                __data_section_table = .
                0x00000134        0x4 LONG 0x7900 LOADADDR (.data)
                0x00000138        0x4 LONG 0x20000000 ADDR (.data)
                0x0000013c        0x4 LONG 0xf8 SIZEOF (.data)
                0x00000140        0x4 LONG 0x7900 LOADADDR (.data_RAM2)
                0x00000144        0x4 LONG 0x20010000 ADDR (.data_RAM2)
                0x00000148        0x4 LONG 0x0 SIZEOF (.data_RAM2)
                0x0000014c        0x4 LONG 0x7900 LOADADDR (.data_RAM3)
                0x00000150        0x4 LONG 0x4000000 ADDR (.data_RAM3)
                0x00000154        0x4 LONG 0x0 SIZEOF (.data_RAM3)
                0x00000158                __data_section_table_end = .
                0x00000158                __bss_section_table = .
                0x00000158        0x4 LONG 0x200000f8 ADDR (.bss)
                0x0000015c        0x4 LONG 0x6c4 SIZEOF (.bss)
                0x00000160        0x4 LONG 0x20010000 ADDR (.bss_RAM2)
                0x00000164        0x4 LONG 0x0 SIZEOF (.bss_RAM2)
                0x00000168        0x4 LONG 0x4000000 ADDR (.bss_RAM3)
                0x0000016c        0x4 LONG 0x0 SIZEOF (.bss_RAM3)
                0x00000170                __bss_section_table_end = .
                0x00000170                __section_table_end = .
 *(SORT_BY_ALIGNMENT(.after_vectors*))
 .after_vectors.reset
                0x00000170       0x68 ./startup/startup_lpc55s16.o
                0x00000170                ResetISR
 .after_vectors.init_data
                0x000001d8       0x1e ./startup/startup_lpc55s16.o
                0x000001d8                data_init
 .after_vectors.init_bss
                0x000001f6       0x12 ./startup/startup_lpc55s16.o
                0x000001f6                bss_init
 .after_vectors
                0x00000208       0x16 ./startup/startup_lpc55s16.o
                0x00000208                NMI_Handler
                0x0000020c                MemManage_Handler
                0x0000020e                BusFault_Handler
                0x00000210                UsageFault_Handler
                0x00000212                SecureFault_Handler
                0x00000214                SVC_Handler
                0x00000216                DebugMon_Handler
                0x00000218                PendSV_Handler
                0x0000021a                SysTick_Handler
                0x0000021c                Reserved56_DriverIRQHandler
                0x0000021c                Reserved73_DriverIRQHandler
                0x0000021c                CAN0_IRQ0_DriverIRQHandler
                0x0000021c                IntDefaultHandler
                0x0000021c                USB0_DriverIRQHandler
                0x0000021c                CASER_DriverIRQHandler
                0x0000021c                MRT0_DriverIRQHandler
                0x0000021c                UTICK0_DriverIRQHandler
                0x0000021c                Reserved41_DriverIRQHandler
                0x0000021c                Reserved47_DriverIRQHandler
                0x0000021c                GINT1_DriverIRQHandler
                0x0000021c                SEC_VIO_DriverIRQHandler
                0x0000021c                HASHCRYPT_DriverIRQHandler
                0x0000021c                CAN0_IRQ1_DriverIRQHandler
                0x0000021c                USB0_NEEDCLK_DriverIRQHandler
                0x0000021c                Reserved42_DriverIRQHandler
                0x0000021c                Reserved61_DriverIRQHandler
                0x0000021c                PUF_DriverIRQHandler
                0x0000021c                RTC_DriverIRQHandler
                0x0000021c                DMA0_DriverIRQHandler
                0x0000021c                CDOG_DriverIRQHandler
                0x0000021c                Reserved39_DriverIRQHandler
                0x0000021c                USB1_DriverIRQHandler
                0x0000021c                DMA1_DriverIRQHandler
                0x0000021c                ADC0_DriverIRQHandler
                0x0000021c                USB1_NEEDCLK_DriverIRQHandler
                0x0000021c                GINT0_DriverIRQHandler
                0x0000021c                USB1_PHY_DriverIRQHandler
                0x0000021c                ACMP_DriverIRQHandler
                0x0000021c                Reserved58_DriverIRQHandler
                0x0000021c                Reserved57_DriverIRQHandler
                0x0000021c                Reserved55_DriverIRQHandler
                0x0000021c                Reserved46_DriverIRQHandler
                0x0000021c                WDT_BOD_DriverIRQHandler
                0x0000021c                SCT0_DriverIRQHandler
                0x0000021c                PLU_DriverIRQHandler
                0x0000021c                OS_EVENT_DriverIRQHandler
                0x0000021c                SEC_HYPERVISOR_CALL_DriverIRQHandler
 *(SORT_BY_ALIGNMENT(.text*))
 *fill*         0x0000021e        0x2 ff
 .text.fp_display
                0x00000220      0x964 c:/nxp/mcuxpressoide_11.5.0_7232/ide/plugins/com.nxp.mcuxpresso.tools.win32_11.5.0.202107051138/tools/bin/../lib/gcc/arm-none-eabi/10.3.1/../../../../arm-none-eabi/lib/thumb/v8-m.main+fp/hard\libcr_c.a(fpprintf.o)
 *fill*         0x00000b84        0x4 ff
 .text._frexpl  0x00000b88       0x68 c:/nxp/mcuxpressoide_11.5.0_7232/ide/plugins/com.nxp.mcuxpresso.tools.win32_11.5.0.202107051138/tools/bin/../lib/gcc/arm-none-eabi/10.3.1/../../../../arm-none-eabi/lib/thumb/v8-m.main+fp/hard\libcr_c.a(_frexpl.o)
                0x00000b88                _frexpl
 .text._ldexpl  0x00000bf0       0x5c c:/nxp/mcuxpressoide_11.5.0_7232/ide/plugins/com.nxp.mcuxpresso.tools.win32_11.5.0.202107051138/tools/bin/../lib/gcc/arm-none-eabi/10.3.1/../../../../arm-none-eabi/lib/thumb/v8-m.main+fp/hard\libcr_c.a(_ldexpl.o)
                0x00000bf0                _ldexpl
 .text.STEPPERS_initializePins
                0x00000c4c      0x1c0 ./source/modules/steppers/steppers.o
                0x00000c4c                STEPPERS_initializePins
 .text.STEPPERS_initializeMotors
                0x00000e0c       0x58 ./source/modules/steppers/steppers.o
                0x00000e0c                STEPPERS_initializeMotors
 .text.STEPPERS_setupMotor
                0x00000e64       0x94 ./source/modules/steppers/steppers.o
                0x00000e64                STEPPERS_setupMotor
 .text.STEPPERS_moveBothRelative
                0x00000ef8      0x110 ./source/modules/steppers/steppers.o
                0x00000ef8                STEPPERS_moveBothRelative
 .text.STEPPERS_moveBothTo
                0x00001008       0x4c ./source/modules/steppers/steppers.o
                0x00001008                STEPPERS_moveBothTo
 .text.STEPPERS_setMotorStepsPerPhase
                0x00001054       0xe0 ./source/modules/steppers/steppers.o
                0x00001054                STEPPERS_setMotorStepsPerPhase
 .text.STEPPERS_XTimerCallback
                0x00001134       0x5c ./source/modules/steppers/steppers.o
                0x00001134                STEPPERS_XTimerCallback
 .text.STEPPERS_YTimerCallback
                0x00001190       0x5c ./source/modules/steppers/steppers.o
                0x00001190                STEPPERS_YTimerCallback
 .text.STEPPERS_XFault
                0x000011ec       0x2c ./source/modules/steppers/steppers.o
                0x000011ec                STEPPERS_XFault
 .text.STEPPERS_YFault
                0x00001218       0x2c ./source/modules/steppers/steppers.o
                0x00001218                STEPPERS_YFault
 .text.STEPPERS_writeOutputPin
                0x00001244       0x2c ./source/modules/steppers/steppers.o
                0x00001244                STEPPERS_writeOutputPin
 .text.STEPPERS_writeDirectionPin
                0x00001270       0x58 ./source/modules/steppers/steppers.o
                0x00001270                STEPPERS_writeDirectionPin
 .text.SEVENSEG_initializeLegs
                0x000012c8       0xb8 ./source/modules/sevenSegmentLED/sevenSegmentLED.o
                0x000012c8                SEVENSEG_initializeLegs
 .text.SERVO_initializePWM
                0x00001380       0x44 ./source/modules/servo/servo.o
                0x00001380                SERVO_initializePWM
 .text.SERVO_setupPWM
                0x000013c4       0x44 ./source/modules/servo/servo.o
                0x000013c4                SERVO_setupPWM
 .text.SERVO_updatePWMDutyCycle
                0x00001408       0x30 ./source/modules/servo/servo.o
                0x00001408                SERVO_updatePWMDutyCycle
 .text.SERVO_startPWM
                0x00001438       0x14 ./source/modules/servo/servo.o
                0x00001438                SERVO_startPWM
 .text.SERVO_getPWMPeriodValue
                0x0000144c       0x54 ./source/modules/servo/servo.o
                0x0000144c                SERVO_getPWMPeriodValue
 .text.SERVO_updatePWMPulsePeriodValue
                0x000014a0       0x40 ./source/modules/servo/servo.o
                0x000014a0                SERVO_updatePWMPulsePeriodValue
 .text.delay20ms
                0x000014e0       0x34 ./source/modules/servo/servo.o
                0x000014e0                delay20ms
 .text.findRectangleCorners
                0x00001514      0x124 ./source/modules/mainInclude/localization.o
                0x00001514                findRectangleCorners
 .text.findRectangleCorner
                0x00001638      0x234 ./source/modules/mainInclude/localization.o
                0x00001638                findRectangleCorner
 .text.pollADC  0x0000186c       0x98 ./source/modules/mainInclude/localization.o
                0x0000186c                pollADC
 .text.configure
                0x00001904       0x60 ./source/modules/mainInclude/mainInclude.o
                0x00001904                configure
 .text.buttonCallback_stopRelaventMotor
                0x00001964       0x94 ./source/modules/mainInclude/mainInclude.o
                0x00001964                buttonCallback_stopRelaventMotor
 .text.POWER_DisablePD
                0x000019f8       0x20 ./source/modules/irSensor/irSensor.o
 .text.IRSENSOR_getADCValue
                0x00001a18       0x3c ./source/modules/irSensor/irSensor.o
                0x00001a18                IRSENSOR_getADCValue
 .text.IRSENSOR_initializeADC
                0x00001a54       0xa0 ./source/modules/irSensor/irSensor.o
                0x00001a54                IRSENSOR_initializeADC
 .text.BUTTONS_assignPinsToInterrupts
                0x00001af4       0xe8 ./source/modules/buttons/buttons.o
                0x00001af4                BUTTONS_assignPinsToInterrupts
 .text.BUTTONS_buttonEmergencyCallback
                0x00001bdc       0x38 ./source/modules/buttons/buttons.o
                0x00001bdc                BUTTONS_buttonEmergencyCallback
 .text.BUTTONS_bumpRightCallback
                0x00001c14       0x38 ./source/modules/buttons/buttons.o
                0x00001c14                BUTTONS_bumpRightCallback
 .text.BUTTONS_bumpLeftCallback
                0x00001c4c       0x38 ./source/modules/buttons/buttons.o
                0x00001c4c                BUTTONS_bumpLeftCallback
 .text.BUTTONS_bumpUpCallback
                0x00001c84       0x38 ./source/modules/buttons/buttons.o
                0x00001c84                BUTTONS_bumpUpCallback
 .text.BUTTONS_bumpDownCallback
                0x00001cbc       0x38 ./source/modules/buttons/buttons.o
                0x00001cbc                BUTTONS_bumpDownCallback
 .text.main     0x00001cf4       0x9c ./source/Ovalmate_dev_noUSB.o
                0x00001cf4                main
 .text.ANACTRL_GetInstance
                0x00001d90       0x44 ./drivers/fsl_anactrl.o
 .text.ANACTRL_Init
                0x00001dd4       0x30 ./drivers/fsl_anactrl.o
                0x00001dd4                ANACTRL_Init
 .text.POWER_EnablePD
                0x00001e04       0x20 ./drivers/fsl_clock.o
 .text.POWER_DisablePD
                0x00001e24       0x20 ./drivers/fsl_clock.o
 .text.CLOCK_AttachClk
                0x00001e44       0xc0 ./drivers/fsl_clock.o
                0x00001e44                CLOCK_AttachClk
 .text.CLOCK_SetClkDiv
                0x00001f04       0x80 ./drivers/fsl_clock.o
                0x00001f04                CLOCK_SetClkDiv
 .text.CLOCK_SetupFROClocking
                0x00001f84       0x74 ./drivers/fsl_clock.o
                0x00001f84                CLOCK_SetupFROClocking
 .text.CLOCK_SetFLASHAccessCyclesForFreq
                0x00001ff8       0xa0 ./drivers/fsl_clock.o
                0x00001ff8                CLOCK_SetFLASHAccessCyclesForFreq
 .text.CLOCK_GetFro12MFreq
                0x00002098       0x28 ./drivers/fsl_clock.o
                0x00002098                CLOCK_GetFro12MFreq
 .text.CLOCK_GetFro1MFreq
                0x000020c0       0x28 ./drivers/fsl_clock.o
                0x000020c0                CLOCK_GetFro1MFreq
 .text.CLOCK_GetExtClkFreq
                0x000020e8       0x2c ./drivers/fsl_clock.o
                0x000020e8                CLOCK_GetExtClkFreq
 .text.CLOCK_GetFroHfFreq
                0x00002114       0x28 ./drivers/fsl_clock.o
                0x00002114                CLOCK_GetFroHfFreq
 .text.CLOCK_GetPll0OutFreq
                0x0000213c       0x18 ./drivers/fsl_clock.o
                0x0000213c                CLOCK_GetPll0OutFreq
 .text.CLOCK_GetPll1OutFreq
                0x00002154       0x18 ./drivers/fsl_clock.o
                0x00002154                CLOCK_GetPll1OutFreq
 .text.CLOCK_GetOsc32KFreq
                0x0000216c       0x58 ./drivers/fsl_clock.o
                0x0000216c                CLOCK_GetOsc32KFreq
 .text.CLOCK_GetCoreSysClkFreq
                0x000021c4       0xa8 ./drivers/fsl_clock.o
                0x000021c4                CLOCK_GetCoreSysClkFreq
 .text.CLOCK_GetI2SMClkFreq
                0x0000226c       0x18 ./drivers/fsl_clock.o
                0x0000226c                CLOCK_GetI2SMClkFreq
 .text.CLOCK_GetCTimerClkFreq
                0x00002284       0x8c ./drivers/fsl_clock.o
                0x00002284                CLOCK_GetCTimerClkFreq
 .text.CLOCK_GetPLL1InClockRate
                0x00002310       0x64 ./drivers/fsl_clock.o
                0x00002310                CLOCK_GetPLL1InClockRate
 .text.CLOCK_SetPLL1Freq
                0x00002374       0xec ./drivers/fsl_clock.o
                0x00002374                CLOCK_SetPLL1Freq
 .text.SDK_DelayAtLeastUs
                0x00002460       0x8c ./drivers/fsl_common_arm.o
                0x00002460                SDK_DelayAtLeastUs
 .text.__NVIC_EnableIRQ
                0x000024ec       0x3c ./drivers/fsl_ctimer.o
 .text.CTIMER_GetInstance
                0x00002528       0x54 ./drivers/fsl_ctimer.o
 .text.CTIMER_Init
                0x0000257c       0x74 ./drivers/fsl_ctimer.o
                0x0000257c                CTIMER_Init
 .text.CTIMER_GetDefaultConfig
                0x000025f0       0x3c ./drivers/fsl_ctimer.o
                0x000025f0                CTIMER_GetDefaultConfig
 .text.CTIMER_SetupPwmPeriod
                0x0000262c       0xd8 ./drivers/fsl_ctimer.o
                0x0000262c                CTIMER_SetupPwmPeriod
 .text.CTIMER_SetupMatch
                0x00002704      0x11c ./drivers/fsl_ctimer.o
                0x00002704                CTIMER_SetupMatch
 .text.CTIMER_RegisterCallBack
                0x00002820       0x3c ./drivers/fsl_ctimer.o
                0x00002820                CTIMER_RegisterCallBack
 .text.CTIMER_GenericIRQHandler
                0x0000285c       0xb4 ./drivers/fsl_ctimer.o
 .text.FLEXCOMM_GetInstance
                0x00002910       0x50 ./drivers/fsl_flexcomm.o
                0x00002910                FLEXCOMM_GetInstance
 .text.FLEXCOMM0_DriverIRQHandler
                0x00002960       0x5c ./drivers/fsl_flexcomm.o
                0x00002960                FLEXCOMM0_DriverIRQHandler
 .text.FLEXCOMM1_DriverIRQHandler
                0x000029bc       0x5c ./drivers/fsl_flexcomm.o
                0x000029bc                FLEXCOMM1_DriverIRQHandler
 .text.FLEXCOMM2_DriverIRQHandler
                0x00002a18       0x5c ./drivers/fsl_flexcomm.o
                0x00002a18                FLEXCOMM2_DriverIRQHandler
 .text.FLEXCOMM3_DriverIRQHandler
                0x00002a74       0x5c ./drivers/fsl_flexcomm.o
                0x00002a74                FLEXCOMM3_DriverIRQHandler
 .text.FLEXCOMM4_DriverIRQHandler
                0x00002ad0       0x5c ./drivers/fsl_flexcomm.o
                0x00002ad0                FLEXCOMM4_DriverIRQHandler
 .text.FLEXCOMM5_DriverIRQHandler
                0x00002b2c       0x5c ./drivers/fsl_flexcomm.o
                0x00002b2c                FLEXCOMM5_DriverIRQHandler
 .text.FLEXCOMM6_DriverIRQHandler
                0x00002b88       0x5c ./drivers/fsl_flexcomm.o
                0x00002b88                FLEXCOMM6_DriverIRQHandler
 .text.FLEXCOMM7_DriverIRQHandler
                0x00002be4       0x5c ./drivers/fsl_flexcomm.o
                0x00002be4                FLEXCOMM7_DriverIRQHandler
 .text.FLEXCOMM8_DriverIRQHandler
                0x00002c40       0x5c ./drivers/fsl_flexcomm.o
                0x00002c40                FLEXCOMM8_DriverIRQHandler
 .text.GPIO_EnablePortClock
                0x00002c9c       0x34 ./drivers/fsl_gpio.o
 .text.LPADC_GetInstance
                0x00002cd0       0x44 ./drivers/fsl_lpadc.o
 .text.LPADC_Init
                0x00002d14      0x114 ./drivers/fsl_lpadc.o
                0x00002d14                LPADC_Init
 .text.LPADC_GetConvResult
                0x00002e28       0x6c ./drivers/fsl_lpadc.o
                0x00002e28                LPADC_GetConvResult
 .text.LPADC_SetConvTriggerConfig
                0x00002e94       0x8c ./drivers/fsl_lpadc.o
                0x00002e94                LPADC_SetConvTriggerConfig
 .text.LPADC_GetDefaultConvTriggerConfig
                0x00002f20       0x50 ./drivers/fsl_lpadc.o
                0x00002f20                LPADC_GetDefaultConvTriggerConfig
 .text.LPADC_SetConvCommandConfig
                0x00002f70      0x110 ./drivers/fsl_lpadc.o
                0x00002f70                LPADC_SetConvCommandConfig
 .text.LPADC_GetDefaultConvCommandConfig
                0x00003080       0x78 ./drivers/fsl_lpadc.o
                0x00003080                LPADC_GetDefaultConvCommandConfig
 .text.LPADC_DoAutoCalibration
                0x000030f8       0xec ./drivers/fsl_lpadc.o
                0x000030f8                LPADC_DoAutoCalibration
 .text.__NVIC_EnableIRQ
                0x000031e4       0x3c ./drivers/fsl_pint.o
 .text.__NVIC_ClearPendingIRQ
                0x00003220       0x3c ./drivers/fsl_pint.o
 .text.PINT_Init
                0x0000325c       0xd4 ./drivers/fsl_pint.o
                0x0000325c                PINT_Init
 .text.PINT_PinInterruptConfig
                0x00003330       0xd0 ./drivers/fsl_pint.o
                0x00003330                PINT_PinInterruptConfig
 .text.PINT_EnableCallbackByIndex
                0x00003400       0x5c ./drivers/fsl_pint.o
                0x00003400                PINT_EnableCallbackByIndex
 .text.SEC_GPIO_INT0_IRQ0_DriverIRQHandler
                0x0000345c       0x48 ./drivers/fsl_pint.o
                0x0000345c                SEC_GPIO_INT0_IRQ0_DriverIRQHandler
 .text.SEC_GPIO_INT0_IRQ1_DriverIRQHandler
                0x000034a4       0x44 ./drivers/fsl_pint.o
                0x000034a4                SEC_GPIO_INT0_IRQ1_DriverIRQHandler
 .text.PIN_INT0_DriverIRQHandler
                0x000034e8       0x48 ./drivers/fsl_pint.o
                0x000034e8                PIN_INT0_DriverIRQHandler
 .text.PIN_INT1_DriverIRQHandler
                0x00003530       0x48 ./drivers/fsl_pint.o
                0x00003530                PIN_INT1_DriverIRQHandler
 .text.PIN_INT2_DriverIRQHandler
                0x00003578       0x48 ./drivers/fsl_pint.o
                0x00003578                PIN_INT2_DriverIRQHandler
 .text.PIN_INT3_DriverIRQHandler
                0x000035c0       0x48 ./drivers/fsl_pint.o
                0x000035c0                PIN_INT3_DriverIRQHandler
 .text.PIN_INT4_DriverIRQHandler
                0x00003608       0x48 ./drivers/fsl_pint.o
                0x00003608                PIN_INT4_DriverIRQHandler
 .text.PIN_INT5_DriverIRQHandler
                0x00003650       0x48 ./drivers/fsl_pint.o
                0x00003650                PIN_INT5_DriverIRQHandler
 .text.PIN_INT6_DriverIRQHandler
                0x00003698       0x48 ./drivers/fsl_pint.o
                0x00003698                PIN_INT6_DriverIRQHandler
 .text.PIN_INT7_DriverIRQHandler
                0x000036e0       0x48 ./drivers/fsl_pint.o
                0x000036e0                PIN_INT7_DriverIRQHandler
 .text.lowpower_set_system_voltage
                0x00003728      0x154 ./drivers/fsl_power.o
 .text.lowpower_set_dcdc_power_profile
                0x0000387c       0xec ./drivers/fsl_power.o
 .text.lowpower_get_part_process_corner
                0x00003968       0x94 ./drivers/fsl_power.o
 .text.POWER_SetVoltageForFreq
                0x000039fc       0x50 ./drivers/fsl_power.o
                0x000039fc                POWER_SetVoltageForFreq
 .text.RESET_SetPeripheralReset
                0x00003a4c       0x5c ./drivers/fsl_reset.o
                0x00003a4c                RESET_SetPeripheralReset
 .text.RESET_ClearPeripheralReset
                0x00003aa8       0x60 ./drivers/fsl_reset.o
                0x00003aa8                RESET_ClearPeripheralReset
 .text.SystemInit
                0x00003b08       0xac ./device/system_LPC55S16.o
                0x00003b08                SystemInit
 .text.BOARD_InitDebugConsole
                0x00003bb4       0x38 ./board/board.o
                0x00003bb4                BOARD_InitDebugConsole
 .text.POWER_DisablePD
                0x00003bec       0x20 ./board/clock_config.o
 .text.BOARD_BootClockPLL150M
                0x00003c0c      0x144 ./board/clock_config.o
                0x00003c0c                BOARD_BootClockPLL150M
 .text.BOARD_InitDEBUG_UARTPins
                0x00003d50      0x3ac ./board/pin_mux.o
                0x00003d50                BOARD_InitDEBUG_UARTPins
 .text.__assertion_failed
                0x000040fc       0x4c c:/nxp/mcuxpressoide_11.5.0_7232/ide/plugins/com.nxp.mcuxpresso.tools.win32_11.5.0.202107051138/tools/bin/../lib/gcc/arm-none-eabi/10.3.1/../../../../arm-none-eabi/lib/thumb/v8-m.main+fp/hard\libcr_semihost_nf.a(_cr_assert.o)
                0x000040fc                __assertion_failed
 .text.__sys_appexit
                0x00004148        0xc c:/nxp/mcuxpressoide_11.5.0_7232/ide/plugins/com.nxp.mcuxpresso.tools.win32_11.5.0.202107051138/tools/bin/../lib/gcc/arm-none-eabi/10.3.1/../../../../arm-none-eabi/lib/thumb/v8-m.main+fp/hard\libcr_semihost_nf.a(__sys_appexit.o)
                0x00004148                __sys_appexit
                0x00004148                __exit
 .text._Cwritebuf
                0x00004154       0x6c c:/nxp/mcuxpressoide_11.5.0_7232/ide/plugins/com.nxp.mcuxpresso.tools.win32_11.5.0.202107051138/tools/bin/../lib/gcc/arm-none-eabi/10.3.1/../../../../arm-none-eabi/lib/thumb/v8-m.main+fp/hard\libcr_c.a(_writebuf.o)
                0x00004154                _Cwritebuf
 .text.malloc   0x000041c0       0xc8 c:/nxp/mcuxpressoide_11.5.0_7232/ide/plugins/com.nxp.mcuxpresso.tools.win32_11.5.0.202107051138/tools/bin/../lib/gcc/arm-none-eabi/10.3.1/../../../../arm-none-eabi/lib/thumb/v8-m.main+fp/hard\libcr_c.a(alloc.o)
                0x000041c0                malloc
 .text._Csys_alloc
                0x00004288       0x20 c:/nxp/mcuxpressoide_11.5.0_7232/ide/plugins/com.nxp.mcuxpresso.tools.win32_11.5.0.202107051138/tools/bin/../lib/gcc/arm-none-eabi/10.3.1/../../../../arm-none-eabi/lib/thumb/v8-m.main+fp/hard\libcr_c.a(alloc.o)
                0x00004288                _Csys_alloc
 .text.sprintf  0x000042a8       0x6c c:/nxp/mcuxpressoide_11.5.0_7232/ide/plugins/com.nxp.mcuxpresso.tools.win32_11.5.0.202107051138/tools/bin/../lib/gcc/arm-none-eabi/10.3.1/../../../../arm-none-eabi/lib/thumb/v8-m.main+fp/hard\libcr_c.a(fpprintf.o)
                0x000042a8                sprintf
 .text.vsnprintf
                0x00004314       0x68 c:/nxp/mcuxpressoide_11.5.0_7232/ide/plugins/com.nxp.mcuxpresso.tools.win32_11.5.0.202107051138/tools/bin/../lib/gcc/arm-none-eabi/10.3.1/../../../../arm-none-eabi/lib/thumb/v8-m.main+fp/hard\libcr_c.a(fpprintf.o)
                0x00004314                vsnprintf
 .text.printf   0x0000437c       0x54 c:/nxp/mcuxpressoide_11.5.0_7232/ide/plugins/com.nxp.mcuxpresso.tools.win32_11.5.0.202107051138/tools/bin/../lib/gcc/arm-none-eabi/10.3.1/../../../../arm-none-eabi/lib/thumb/v8-m.main+fp/hard\libcr_c.a(fpprintf.o)
                0x0000437c                printf
 .text.fseek    0x000043d0       0xfc c:/nxp/mcuxpressoide_11.5.0_7232/ide/plugins/com.nxp.mcuxpresso.tools.win32_11.5.0.202107051138/tools/bin/../lib/gcc/arm-none-eabi/10.3.1/../../../../arm-none-eabi/lib/thumb/v8-m.main+fp/hard\libcr_c.a(fseek.o)
                0x000043d0                fseek
 .text.ftell    0x000044cc       0x44 c:/nxp/mcuxpressoide_11.5.0_7232/ide/plugins/com.nxp.mcuxpresso.tools.win32_11.5.0.202107051138/tools/bin/../lib/gcc/arm-none-eabi/10.3.1/../../../../arm-none-eabi/lib/thumb/v8-m.main+fp/hard\libcr_c.a(ftell.o)
                0x000044cc                ftell
 .text._initio  0x00004510       0x78 c:/nxp/mcuxpressoide_11.5.0_7232/ide/plugins/com.nxp.mcuxpresso.tools.win32_11.5.0.202107051138/tools/bin/../lib/gcc/arm-none-eabi/10.3.1/../../../../arm-none-eabi/lib/thumb/v8-m.main+fp/hard\libcr_c.a(initio.o)
                0x00004510                _initio
 .text.__vfprintf
                0x00004588      0xbf4 c:/nxp/mcuxpressoide_11.5.0_7232/ide/plugins/com.nxp.mcuxpresso.tools.win32_11.5.0.202107051138/tools/bin/../lib/gcc/arm-none-eabi/10.3.1/../../../../arm-none-eabi/lib/thumb/v8-m.main+fp/hard\libcr_c.a(printf.o)
                0x00004588                __vfprintf
 .text._sbrk    0x0000517c       0x3c c:/nxp/mcuxpressoide_11.5.0_7232/ide/plugins/com.nxp.mcuxpresso.tools.win32_11.5.0.202107051138/tools/bin/../lib/gcc/arm-none-eabi/10.3.1/../../../../arm-none-eabi/lib/thumb/v8-m.main+fp/hard\libcr_c.a(_cr_sbrk.o)
                0x0000517c                _sbrk
 .text.fflush   0x000051b8       0x3c c:/nxp/mcuxpressoide_11.5.0_7232/ide/plugins/com.nxp.mcuxpresso.tools.win32_11.5.0.202107051138/tools/bin/../lib/gcc/arm-none-eabi/10.3.1/../../../../arm-none-eabi/lib/thumb/v8-m.main+fp/hard\libcr_c.a(fflush.o)
                0x000051b8                fflush
 .text.__check_heap_overflow
                0x000051f4       0x18 c:/nxp/mcuxpressoide_11.5.0_7232/ide/plugins/com.nxp.mcuxpresso.tools.win32_11.5.0.202107051138/tools/bin/../lib/gcc/arm-none-eabi/10.3.1/../../../../arm-none-eabi/lib/thumb/v8-m.main+fp/hard\libcr_c.a(_cr_check_heap.o)
                0x000051f4                __check_heap_overflow
 .text.__aeabi_dmul
                0x0000520c       0xfc c:/nxp/mcuxpressoide_11.5.0_7232/ide/plugins/com.nxp.mcuxpresso.tools.win32_11.5.0.202107051138/tools/bin/../lib/gcc/arm-none-eabi/10.3.1/thumb/v8-m.main+fp/hard\libcr_eabihelpers.a(double.o)
                0x0000520c                __aeabi_dmul
 .text.__aeabi_ddiv
                0x00005308      0x13c c:/nxp/mcuxpressoide_11.5.0_7232/ide/plugins/com.nxp.mcuxpresso.tools.win32_11.5.0.202107051138/tools/bin/../lib/gcc/arm-none-eabi/10.3.1/thumb/v8-m.main+fp/hard\libcr_eabihelpers.a(double.o)
                0x00005308                __aeabi_ddiv
 .text.__aeabi_dsub
                0x00005444      0x1ac c:/nxp/mcuxpressoide_11.5.0_7232/ide/plugins/com.nxp.mcuxpresso.tools.win32_11.5.0.202107051138/tools/bin/../lib/gcc/arm-none-eabi/10.3.1/thumb/v8-m.main+fp/hard\libcr_eabihelpers.a(double.o)
                0x00005444                __aeabi_dsub
 .text.__aeabi_dadd
                0x000055f0      0x118 c:/nxp/mcuxpressoide_11.5.0_7232/ide/plugins/com.nxp.mcuxpresso.tools.win32_11.5.0.202107051138/tools/bin/../lib/gcc/arm-none-eabi/10.3.1/thumb/v8-m.main+fp/hard\libcr_eabihelpers.a(double.o)
                0x000055f0                __aeabi_dadd
 .text.WDT_BOD_IRQHandler
                0x00005708        0x8 ./startup/startup_lpc55s16.o
                0x00005708                WDT_BOD_IRQHandler
 .text.DMA0_IRQHandler
                0x00005710        0x8 ./startup/startup_lpc55s16.o
                0x00005710                DMA0_IRQHandler
 .text.GINT0_IRQHandler
                0x00005718        0x8 ./startup/startup_lpc55s16.o
                0x00005718                GINT0_IRQHandler
 .text.GINT1_IRQHandler
                0x00005720        0x8 ./startup/startup_lpc55s16.o
                0x00005720                GINT1_IRQHandler
 .text.PIN_INT0_IRQHandler
                0x00005728        0x8 ./startup/startup_lpc55s16.o
                0x00005728                PIN_INT0_IRQHandler
 .text.PIN_INT1_IRQHandler
                0x00005730        0x8 ./startup/startup_lpc55s16.o
                0x00005730                PIN_INT1_IRQHandler
 .text.PIN_INT2_IRQHandler
                0x00005738        0x8 ./startup/startup_lpc55s16.o
                0x00005738                PIN_INT2_IRQHandler
 .text.PIN_INT3_IRQHandler
                0x00005740        0x8 ./startup/startup_lpc55s16.o
                0x00005740                PIN_INT3_IRQHandler
 .text.UTICK0_IRQHandler
                0x00005748        0x8 ./startup/startup_lpc55s16.o
                0x00005748                UTICK0_IRQHandler
 .text.MRT0_IRQHandler
                0x00005750        0x8 ./startup/startup_lpc55s16.o
                0x00005750                MRT0_IRQHandler
 .text.CTIMER0_IRQHandler
                0x00005758        0x8 ./startup/startup_lpc55s16.o
                0x00005758                CTIMER0_IRQHandler
 .text.CTIMER1_IRQHandler
                0x00005760        0x8 ./startup/startup_lpc55s16.o
                0x00005760                CTIMER1_IRQHandler
 .text.SCT0_IRQHandler
                0x00005768        0x8 ./startup/startup_lpc55s16.o
                0x00005768                SCT0_IRQHandler
 .text.CTIMER3_IRQHandler
                0x00005770        0x8 ./startup/startup_lpc55s16.o
                0x00005770                CTIMER3_IRQHandler
 .text.FLEXCOMM0_IRQHandler
                0x00005778        0x8 ./startup/startup_lpc55s16.o
                0x00005778                FLEXCOMM0_IRQHandler
 .text.FLEXCOMM1_IRQHandler
                0x00005780        0x8 ./startup/startup_lpc55s16.o
                0x00005780                FLEXCOMM1_IRQHandler
 .text.FLEXCOMM2_IRQHandler
                0x00005788        0x8 ./startup/startup_lpc55s16.o
                0x00005788                FLEXCOMM2_IRQHandler
 .text.FLEXCOMM3_IRQHandler
                0x00005790        0x8 ./startup/startup_lpc55s16.o
                0x00005790                FLEXCOMM3_IRQHandler
 .text.FLEXCOMM4_IRQHandler
                0x00005798        0x8 ./startup/startup_lpc55s16.o
                0x00005798                FLEXCOMM4_IRQHandler
 .text.FLEXCOMM5_IRQHandler
                0x000057a0        0x8 ./startup/startup_lpc55s16.o
                0x000057a0                FLEXCOMM5_IRQHandler
 .text.FLEXCOMM6_IRQHandler
                0x000057a8        0x8 ./startup/startup_lpc55s16.o
                0x000057a8                FLEXCOMM6_IRQHandler
 .text.FLEXCOMM7_IRQHandler
                0x000057b0        0x8 ./startup/startup_lpc55s16.o
                0x000057b0                FLEXCOMM7_IRQHandler
 .text.ADC0_IRQHandler
                0x000057b8        0x8 ./startup/startup_lpc55s16.o
                0x000057b8                ADC0_IRQHandler
 .text.Reserved39_IRQHandler
                0x000057c0        0x8 ./startup/startup_lpc55s16.o
                0x000057c0                Reserved39_IRQHandler
 .text.ACMP_IRQHandler
                0x000057c8        0x8 ./startup/startup_lpc55s16.o
                0x000057c8                ACMP_IRQHandler
 .text.Reserved41_IRQHandler
                0x000057d0        0x8 ./startup/startup_lpc55s16.o
                0x000057d0                Reserved41_IRQHandler
 .text.Reserved42_IRQHandler
                0x000057d8        0x8 ./startup/startup_lpc55s16.o
                0x000057d8                Reserved42_IRQHandler
 .text.USB0_NEEDCLK_IRQHandler
                0x000057e0        0x8 ./startup/startup_lpc55s16.o
                0x000057e0                USB0_NEEDCLK_IRQHandler
 .text.USB0_IRQHandler
                0x000057e8        0x8 ./startup/startup_lpc55s16.o
                0x000057e8                USB0_IRQHandler
 .text.RTC_IRQHandler
                0x000057f0        0x8 ./startup/startup_lpc55s16.o
                0x000057f0                RTC_IRQHandler
 .text.Reserved46_IRQHandler
                0x000057f8        0x8 ./startup/startup_lpc55s16.o
                0x000057f8                Reserved46_IRQHandler
 .text.Reserved47_IRQHandler
                0x00005800        0x8 ./startup/startup_lpc55s16.o
                0x00005800                Reserved47_IRQHandler
 .text.PIN_INT4_IRQHandler
                0x00005808        0x8 ./startup/startup_lpc55s16.o
                0x00005808                PIN_INT4_IRQHandler
 .text.PIN_INT5_IRQHandler
                0x00005810        0x8 ./startup/startup_lpc55s16.o
                0x00005810                PIN_INT5_IRQHandler
 .text.PIN_INT6_IRQHandler
                0x00005818        0x8 ./startup/startup_lpc55s16.o
                0x00005818                PIN_INT6_IRQHandler
 .text.PIN_INT7_IRQHandler
                0x00005820        0x8 ./startup/startup_lpc55s16.o
                0x00005820                PIN_INT7_IRQHandler
 .text.CTIMER2_IRQHandler
                0x00005828        0x8 ./startup/startup_lpc55s16.o
                0x00005828                CTIMER2_IRQHandler
 .text.CTIMER4_IRQHandler
                0x00005830        0x8 ./startup/startup_lpc55s16.o
                0x00005830                CTIMER4_IRQHandler
 .text.OS_EVENT_IRQHandler
                0x00005838        0x8 ./startup/startup_lpc55s16.o
                0x00005838                OS_EVENT_IRQHandler
 .text.Reserved55_IRQHandler
                0x00005840        0x8 ./startup/startup_lpc55s16.o
                0x00005840                Reserved55_IRQHandler
 .text.Reserved56_IRQHandler
                0x00005848        0x8 ./startup/startup_lpc55s16.o
                0x00005848                Reserved56_IRQHandler
 .text.Reserved57_IRQHandler
                0x00005850        0x8 ./startup/startup_lpc55s16.o
                0x00005850                Reserved57_IRQHandler
 .text.Reserved58_IRQHandler
                0x00005858        0x8 ./startup/startup_lpc55s16.o
                0x00005858                Reserved58_IRQHandler
 .text.CAN0_IRQ0_IRQHandler
                0x00005860        0x8 ./startup/startup_lpc55s16.o
                0x00005860                CAN0_IRQ0_IRQHandler
 .text.CAN0_IRQ1_IRQHandler
                0x00005868        0x8 ./startup/startup_lpc55s16.o
                0x00005868                CAN0_IRQ1_IRQHandler
 .text.Reserved61_IRQHandler
                0x00005870        0x8 ./startup/startup_lpc55s16.o
                0x00005870                Reserved61_IRQHandler
 .text.USB1_PHY_IRQHandler
                0x00005878        0x8 ./startup/startup_lpc55s16.o
                0x00005878                USB1_PHY_IRQHandler
 .text.USB1_IRQHandler
                0x00005880        0x8 ./startup/startup_lpc55s16.o
                0x00005880                USB1_IRQHandler
 .text.USB1_NEEDCLK_IRQHandler
                0x00005888        0x8 ./startup/startup_lpc55s16.o
                0x00005888                USB1_NEEDCLK_IRQHandler
 .text.SEC_HYPERVISOR_CALL_IRQHandler
                0x00005890        0x8 ./startup/startup_lpc55s16.o
                0x00005890                SEC_HYPERVISOR_CALL_IRQHandler
 .text.SEC_GPIO_INT0_IRQ0_IRQHandler
                0x00005898        0x8 ./startup/startup_lpc55s16.o
                0x00005898                SEC_GPIO_INT0_IRQ0_IRQHandler
 .text.SEC_GPIO_INT0_IRQ1_IRQHandler
                0x000058a0        0x8 ./startup/startup_lpc55s16.o
                0x000058a0                SEC_GPIO_INT0_IRQ1_IRQHandler
 .text.PLU_IRQHandler
                0x000058a8        0x8 ./startup/startup_lpc55s16.o
                0x000058a8                PLU_IRQHandler
 .text.SEC_VIO_IRQHandler
                0x000058b0        0x8 ./startup/startup_lpc55s16.o
                0x000058b0                SEC_VIO_IRQHandler
 .text.HASHCRYPT_IRQHandler
                0x000058b8        0x8 ./startup/startup_lpc55s16.o
                0x000058b8                HASHCRYPT_IRQHandler
 .text.CASER_IRQHandler
                0x000058c0        0x8 ./startup/startup_lpc55s16.o
                0x000058c0                CASER_IRQHandler
 .text.PUF_IRQHandler
                0x000058c8        0x8 ./startup/startup_lpc55s16.o
                0x000058c8                PUF_IRQHandler
 .text.Reserved73_IRQHandler
                0x000058d0        0x8 ./startup/startup_lpc55s16.o
                0x000058d0                Reserved73_IRQHandler
 .text.DMA1_IRQHandler
                0x000058d8        0x8 ./startup/startup_lpc55s16.o
                0x000058d8                DMA1_IRQHandler
 .text.FLEXCOMM8_IRQHandler
                0x000058e0        0x8 ./startup/startup_lpc55s16.o
                0x000058e0                FLEXCOMM8_IRQHandler
 .text.CDOG_IRQHandler
                0x000058e8        0x8 ./startup/startup_lpc55s16.o
                0x000058e8                CDOG_IRQHandler
 .text.GPIO_PinWrite
                0x000058f0       0x2a ./source/modules/steppers/steppers.o
 .text.CTIMER_StartTimer
                0x0000591a       0x20 ./source/modules/steppers/steppers.o
 .text.CTIMER_StopTimer
                0x0000593a       0x20 ./source/modules/steppers/steppers.o
 .text.STEPPERS_driveSteps
                0x0000595a       0x28 ./source/modules/steppers/steppers.o
                0x0000595a                STEPPERS_driveSteps
 .text.STEPPERS_moveRelative
                0x00005982       0x74 ./source/modules/steppers/steppers.o
                0x00005982                STEPPERS_moveRelative
 .text.STEPPERS_moveTo
                0x000059f6       0x36 ./source/modules/steppers/steppers.o
                0x000059f6                STEPPERS_moveTo
 .text.STEPPERS_startMotor
                0x00005a2c       0x3e ./source/modules/steppers/steppers.o
                0x00005a2c                STEPPERS_startMotor
 .text.STEPPERS_stopMotor
                0x00005a6a       0x42 ./source/modules/steppers/steppers.o
                0x00005a6a                STEPPERS_stopMotor
 .text.STEPPERS_setHome
                0x00005aac       0x1a ./source/modules/steppers/steppers.o
                0x00005aac                STEPPERS_setHome
 .text.STEPPERS_generalTimerCallback
                0x00005ac6      0x292 ./source/modules/steppers/steppers.o
                0x00005ac6                STEPPERS_generalTimerCallback
 .text.STEPPERS_sleepMotor
                0x00005d58       0x48 ./source/modules/steppers/steppers.o
                0x00005d58                STEPPERS_sleepMotor
 .text.STEPPERS_writeEnablePin
                0x00005da0       0x22 ./source/modules/steppers/steppers.o
                0x00005da0                STEPPERS_writeEnablePin
 .text.STEPPERS_writeSleepPin
                0x00005dc2       0x22 ./source/modules/steppers/steppers.o
                0x00005dc2                STEPPERS_writeSleepPin
 .text.delay1ms
                0x00005de4       0x2c ./source/modules/steppers/steppers.o
                0x00005de4                delay1ms
 .text.CTIMER_UpdatePwmPulsePeriod
                0x00005e10       0x26 ./source/modules/servo/servo.o
 .text.CTIMER_StartTimer
                0x00005e36       0x20 ./source/modules/servo/servo.o
 .text.LPADC_DoSoftwareTrigger
                0x00005e56       0x1c ./source/modules/irSensor/irSensor.o
 .text.ANACTRL_EnableVref1V
                0x00005e72       0x40 ./source/modules/irSensor/irSensor.o
 .text.IRSENSOR_readAvgADC
                0x00005eb2       0x5e ./source/modules/irSensor/irSensor.o
                0x00005eb2                IRSENSOR_readAvgADC
 .text.HardFault_Handler
                0x00005f10       0x2c ./source/semihost_hardfault.o
                0x00005f10                HardFault_Handler
 .text.CLOCK_EnableClock
                0x00005f3c       0x30 ./drivers/fsl_anactrl.o
 .text.CLOCK_IsPLL1Locked
                0x00005f6c       0x24 ./drivers/fsl_clock.o
 .text.findPll1PreDiv
                0x00005f90       0x3e ./drivers/fsl_clock.o
 .text.DelayLoop
                0x00005fce       0x20 ./drivers/fsl_common_arm.o
 .text.CLOCK_EnableClock
                0x00005fee       0x30 ./drivers/fsl_ctimer.o
 .text.EnableIRQ
                0x0000601e       0x32 ./drivers/fsl_ctimer.o
 .text.CTIMER_GetStatusFlags
                0x00006050       0x18 ./drivers/fsl_ctimer.o
 .text.CTIMER_ClearStatusFlags
                0x00006068       0x1c ./drivers/fsl_ctimer.o
 .text.CTIMER0_DriverIRQHandler
                0x00006084        0xe ./drivers/fsl_ctimer.o
                0x00006084                CTIMER0_DriverIRQHandler
 .text.CTIMER1_DriverIRQHandler
                0x00006092        0xe ./drivers/fsl_ctimer.o
                0x00006092                CTIMER1_DriverIRQHandler
 .text.CTIMER2_DriverIRQHandler
                0x000060a0        0xe ./drivers/fsl_ctimer.o
                0x000060a0                CTIMER2_DriverIRQHandler
 .text.CTIMER3_DriverIRQHandler
                0x000060ae        0xe ./drivers/fsl_ctimer.o
                0x000060ae                CTIMER3_DriverIRQHandler
 .text.CTIMER4_DriverIRQHandler
                0x000060bc        0xe ./drivers/fsl_ctimer.o
                0x000060bc                CTIMER4_DriverIRQHandler
 .text.CLOCK_EnableClock
                0x000060ca       0x30 ./drivers/fsl_gpio.o
 .text.GPIO_PinInit
                0x000060fa       0xa4 ./drivers/fsl_gpio.o
                0x000060fa                GPIO_PinInit
 .text.CLOCK_EnableClock
                0x0000619e       0x30 ./drivers/fsl_inputmux.o
 .text.CLOCK_DisableClock
                0x000061ce       0x30 ./drivers/fsl_inputmux.o
 .text.INPUTMUX_Init
                0x000061fe       0x16 ./drivers/fsl_inputmux.o
                0x000061fe                INPUTMUX_Init
 .text.INPUTMUX_AttachSignal
                0x00006214       0x38 ./drivers/fsl_inputmux.o
                0x00006214                INPUTMUX_AttachSignal
 .text.INPUTMUX_Deinit
                0x0000624c       0x16 ./drivers/fsl_inputmux.o
                0x0000624c                INPUTMUX_Deinit
 .text.CLOCK_EnableClock
                0x00006262       0x30 ./drivers/fsl_lpadc.o
 .text.LPADC_Enable
                0x00006292       0x38 ./drivers/fsl_lpadc.o
 .text.LPADC_DoResetFIFO0
                0x000062ca       0x20 ./drivers/fsl_lpadc.o
 .text.LPADC_DoResetFIFO1
                0x000062ea       0x20 ./drivers/fsl_lpadc.o
 .text.LPADC_DoResetConfig
                0x0000630a       0x2c ./drivers/fsl_lpadc.o
 .text.LPADC_GetConvResultCount
                0x00006336       0x26 ./drivers/fsl_lpadc.o
 .text.LPADC_EnableOffsetCalibration
                0x0000635c       0x38 ./drivers/fsl_lpadc.o
 .text.LPADC_GetDefaultConfig
                0x00006394       0x5c ./drivers/fsl_lpadc.o
                0x00006394                LPADC_GetDefaultConfig
 .text.LPADC_DoOffsetCalibration
                0x000063f0       0x2a ./drivers/fsl_lpadc.o
                0x000063f0                LPADC_DoOffsetCalibration
 .text.CLOCK_EnableClock
                0x0000641a       0x30 ./drivers/fsl_pint.o
 .text.EnableIRQ
                0x0000644a       0x32 ./drivers/fsl_pint.o
 .text.PINT_PinInterruptClrFallFlag
                0x0000647c       0x22 ./drivers/fsl_pint.o
 .text.PINT_PinInterruptClrRiseFlag
                0x0000649e       0x22 ./drivers/fsl_pint.o
 .text.PINT_PatternMatchResetDetectLogic
                0x000064c0       0x34 ./drivers/fsl_pint.o
                0x000064c0                PINT_PatternMatchResetDetectLogic
 .text.PINT_PinInterruptClrStatus
                0x000064f4       0x4e ./drivers/fsl_pint.o
                0x000064f4                PINT_PinInterruptClrStatus
 .text.lowpower_set_voltage_for_process
                0x00006542       0xaa ./drivers/fsl_power.o
 .text.RESET_PeripheralReset
                0x000065ec       0x1c ./drivers/fsl_reset.o
                0x000065ec                RESET_PeripheralReset
 .text.SystemInitHook
                0x00006608        0xe ./device/system_LPC55S16.o
                0x00006608                SystemInitHook
 .text.DbgConsole_Init
                0x00006616       0x20 ./board/board.o
 .text.BOARD_InitBootClocks
                0x00006636        0xc ./board/clock_config.o
                0x00006636                BOARD_InitBootClocks
 .text.BOARD_InitPeripherals
                0x00006642        0xe ./board/peripherals.o
                0x00006642                BOARD_InitPeripherals
 .text.BOARD_InitBootPeripherals
                0x00006650        0xc ./board/peripherals.o
                0x00006650                BOARD_InitBootPeripherals
 .text.CLOCK_EnableClock
                0x0000665c       0x30 ./board/pin_mux.o
 .text.BOARD_InitBootPins
                0x0000668c        0xc ./board/pin_mux.o
                0x0000668c                BOARD_InitBootPins
 .text.__main   0x00006698        0xe c:/nxp/mcuxpressoide_11.5.0_7232/ide/plugins/com.nxp.mcuxpresso.tools.win32_11.5.0.202107051138/tools/bin/../lib/gcc/arm-none-eabi/10.3.1/../../../../arm-none-eabi/lib/thumb/v8-m.main+fp/hard\libcr_semihost_nf.a(_cr__main.o)
                0x00006698                __CR_SEMIHOST
                0x00006698                __main
 .text.memset   0x000066a6        0x4 c:/nxp/mcuxpressoide_11.5.0_7232/ide/plugins/com.nxp.mcuxpresso.tools.win32_11.5.0.202107051138/tools/bin/../lib/gcc/arm-none-eabi/10.3.1/../../../../arm-none-eabi/lib/thumb/v8-m.main+fp/hard\libcr_c.a(memset.o)
                0x000066a6                memset
 .text._deferredlazyseek
                0x000066aa       0x40 c:/nxp/mcuxpressoide_11.5.0_7232/ide/plugins/com.nxp.mcuxpresso.tools.win32_11.5.0.202107051138/tools/bin/../lib/gcc/arm-none-eabi/10.3.1/../../../../arm-none-eabi/lib/thumb/v8-m.main+fp/hard\libcr_c.a(_deferredlazyseek.o)
                0x000066aa                _deferredlazyseek
 .text.__flsbuf
                0x000066ea      0x140 c:/nxp/mcuxpressoide_11.5.0_7232/ide/plugins/com.nxp.mcuxpresso.tools.win32_11.5.0.202107051138/tools/bin/../lib/gcc/arm-none-eabi/10.3.1/../../../../arm-none-eabi/lib/thumb/v8-m.main+fp/hard\libcr_c.a(_deferredlazyseek.o)
                0x000066ea                __flsbuf
 .text._fflush  0x0000682a       0x52 c:/nxp/mcuxpressoide_11.5.0_7232/ide/plugins/com.nxp.mcuxpresso.tools.win32_11.5.0.202107051138/tools/bin/../lib/gcc/arm-none-eabi/10.3.1/../../../../arm-none-eabi/lib/thumb/v8-m.main+fp/hard\libcr_c.a(_fflush.o)
                0x0000682a                _fflush
 .text.free     0x0000687c       0x30 c:/nxp/mcuxpressoide_11.5.0_7232/ide/plugins/com.nxp.mcuxpresso.tools.win32_11.5.0.202107051138/tools/bin/../lib/gcc/arm-none-eabi/10.3.1/../../../../arm-none-eabi/lib/thumb/v8-m.main+fp/hard\libcr_c.a(alloc.o)
                0x0000687c                free
 .text.fp_round
                0x000068ac       0x4c c:/nxp/mcuxpressoide_11.5.0_7232/ide/plugins/com.nxp.mcuxpresso.tools.win32_11.5.0.202107051138/tools/bin/../lib/gcc/arm-none-eabi/10.3.1/../../../../arm-none-eabi/lib/thumb/v8-m.main+fp/hard\libcr_c.a(fpprintf.o)
 .text.pr_dec.constprop.0
                0x000068f8       0x26 c:/nxp/mcuxpressoide_11.5.0_7232/ide/plugins/com.nxp.mcuxpresso.tools.win32_11.5.0.202107051138/tools/bin/../lib/gcc/arm-none-eabi/10.3.1/../../../../arm-none-eabi/lib/thumb/v8-m.main+fp/hard\libcr_c.a(fpprintf.o)
 .text.fputs    0x0000691e       0x2c c:/nxp/mcuxpressoide_11.5.0_7232/ide/plugins/com.nxp.mcuxpresso.tools.win32_11.5.0.202107051138/tools/bin/../lib/gcc/arm-none-eabi/10.3.1/../../../../arm-none-eabi/lib/thumb/v8-m.main+fp/hard\libcr_c.a(fputs.o)
                0x0000691e                fputs
 .text.setvbuf  0x0000694a       0x3e c:/nxp/mcuxpressoide_11.5.0_7232/ide/plugins/com.nxp.mcuxpresso.tools.win32_11.5.0.202107051138/tools/bin/../lib/gcc/arm-none-eabi/10.3.1/../../../../arm-none-eabi/lib/thumb/v8-m.main+fp/hard\libcr_c.a(setvbuf.o)
                0x0000694a                setvbuf
 .text.strlen   0x00006988       0x48 c:/nxp/mcuxpressoide_11.5.0_7232/ide/plugins/com.nxp.mcuxpresso.tools.win32_11.5.0.202107051138/tools/bin/../lib/gcc/arm-none-eabi/10.3.1/../../../../arm-none-eabi/lib/thumb/v8-m.main+fp/hard\libcr_c.a(strlen.o)
                0x00006988                strlen
 .text._fdopen  0x000069d0       0x68 c:/nxp/mcuxpressoide_11.5.0_7232/ide/plugins/com.nxp.mcuxpresso.tools.win32_11.5.0.202107051138/tools/bin/../lib/gcc/arm-none-eabi/10.3.1/../../../../arm-none-eabi/lib/thumb/v8-m.main+fp/hard\libcr_c.a(_fdopen.o)
                0x000069d0                _fdopen
 .text.fclose   0x00006a38       0x58 c:/nxp/mcuxpressoide_11.5.0_7232/ide/plugins/com.nxp.mcuxpresso.tools.win32_11.5.0.202107051138/tools/bin/../lib/gcc/arm-none-eabi/10.3.1/../../../../arm-none-eabi/lib/thumb/v8-m.main+fp/hard\libcr_c.a(fclose.o)
                0x00006a38                fclose
 .text.remove   0x00006a90       0x14 c:/nxp/mcuxpressoide_11.5.0_7232/ide/plugins/com.nxp.mcuxpresso.tools.win32_11.5.0.202107051138/tools/bin/../lib/gcc/arm-none-eabi/10.3.1/../../../../arm-none-eabi/lib/thumb/v8-m.main+fp/hard\libcr_c.a(remove.o)
                0x00006a90                remove
 .text._do_fflush
                0x00006aa4       0x40 c:/nxp/mcuxpressoide_11.5.0_7232/ide/plugins/com.nxp.mcuxpresso.tools.win32_11.5.0.202107051138/tools/bin/../lib/gcc/arm-none-eabi/10.3.1/../../../../arm-none-eabi/lib/thumb/v8-m.main+fp/hard\libcr_c.a(_do_fflush.o)
                0x00006aa4                _do_fflush
 .text.__aeabi_division_uldivmod
                0x00006ae4      0x174 c:/nxp/mcuxpressoide_11.5.0_7232/ide/plugins/com.nxp.mcuxpresso.tools.win32_11.5.0.202107051138/tools/bin/../lib/gcc/arm-none-eabi/10.3.1/thumb/v8-m.main+fp/hard\libcr_eabihelpers.a(division_64.o)
                0x00006ae4                __aeabi_uldivmod
                0x00006ae8                __bhs_ldivmod1
 .text.__aeabi_division_idiv0
                0x00006c58        0x2 c:/nxp/mcuxpressoide_11.5.0_7232/ide/plugins/com.nxp.mcuxpresso.tools.win32_11.5.0.202107051138/tools/bin/../lib/gcc/arm-none-eabi/10.3.1/thumb/v8-m.main+fp/hard\libcr_eabihelpers.a(division_idiv0.o)
                0x00006c58                __aeabi_idiv0
 .text.__aeabi_d2iz
                0x00006c5a       0x40 c:/nxp/mcuxpressoide_11.5.0_7232/ide/plugins/com.nxp.mcuxpresso.tools.win32_11.5.0.202107051138/tools/bin/../lib/gcc/arm-none-eabi/10.3.1/thumb/v8-m.main+fp/hard\libcr_eabihelpers.a(double.o)
                0x00006c5a                __aeabi_d2iz
 .text.__aeabi_d2uiz
                0x00006c9a       0x30 c:/nxp/mcuxpressoide_11.5.0_7232/ide/plugins/com.nxp.mcuxpresso.tools.win32_11.5.0.202107051138/tools/bin/../lib/gcc/arm-none-eabi/10.3.1/thumb/v8-m.main+fp/hard\libcr_eabihelpers.a(double.o)
                0x00006c9a                __aeabi_d2uiz
 .text.__bhs_ui2d
                0x00006cca       0x46 c:/nxp/mcuxpressoide_11.5.0_7232/ide/plugins/com.nxp.mcuxpresso.tools.win32_11.5.0.202107051138/tools/bin/../lib/gcc/arm-none-eabi/10.3.1/thumb/v8-m.main+fp/hard\libcr_eabihelpers.a(double.o)
                0x00006cca                __bhs_ui2d
 .text.__aeabi_i2d
                0x00006d10       0x12 c:/nxp/mcuxpressoide_11.5.0_7232/ide/plugins/com.nxp.mcuxpresso.tools.win32_11.5.0.202107051138/tools/bin/../lib/gcc/arm-none-eabi/10.3.1/thumb/v8-m.main+fp/hard\libcr_eabihelpers.a(double.o)
                0x00006d10                __aeabi_i2d
 .text.__aeabi_ui2d
                0x00006d22        0x8 c:/nxp/mcuxpressoide_11.5.0_7232/ide/plugins/com.nxp.mcuxpresso.tools.win32_11.5.0.202107051138/tools/bin/../lib/gcc/arm-none-eabi/10.3.1/thumb/v8-m.main+fp/hard\libcr_eabihelpers.a(double.o)
                0x00006d22                __aeabi_ui2d
 .text.__aeabi_dcmpeq
                0x00006d2a       0x30 c:/nxp/mcuxpressoide_11.5.0_7232/ide/plugins/com.nxp.mcuxpresso.tools.win32_11.5.0.202107051138/tools/bin/../lib/gcc/arm-none-eabi/10.3.1/thumb/v8-m.main+fp/hard\libcr_eabihelpers.a(double.o)
                0x00006d2a                __aeabi_dcmpeq
 .text.__aeabi_dcmplt
                0x00006d5a       0x56 c:/nxp/mcuxpressoide_11.5.0_7232/ide/plugins/com.nxp.mcuxpresso.tools.win32_11.5.0.202107051138/tools/bin/../lib/gcc/arm-none-eabi/10.3.1/thumb/v8-m.main+fp/hard\libcr_eabihelpers.a(double.o)
                0x00006d5a                __aeabi_dcmplt
 .text.__aeabi_dcmple
                0x00006db0       0x56 c:/nxp/mcuxpressoide_11.5.0_7232/ide/plugins/com.nxp.mcuxpresso.tools.win32_11.5.0.202107051138/tools/bin/../lib/gcc/arm-none-eabi/10.3.1/thumb/v8-m.main+fp/hard\libcr_eabihelpers.a(double.o)
                0x00006db0                __aeabi_dcmple
 .text.__aeabi_dcmpge
                0x00006e06       0x56 c:/nxp/mcuxpressoide_11.5.0_7232/ide/plugins/com.nxp.mcuxpresso.tools.win32_11.5.0.202107051138/tools/bin/../lib/gcc/arm-none-eabi/10.3.1/thumb/v8-m.main+fp/hard\libcr_eabihelpers.a(double.o)
                0x00006e06                __aeabi_dcmpge
 .text.__aeabi_memset_lowlevel
                0x00006e5c       0x32 c:/nxp/mcuxpressoide_11.5.0_7232/ide/plugins/com.nxp.mcuxpresso.tools.win32_11.5.0.202107051138/tools/bin/../lib/gcc/arm-none-eabi/10.3.1/thumb/v8-m.main+fp/hard\libcr_eabihelpers.a(memcpy.o)
                0x00006e5c                __aeabi_lowlevel_memset
 .text.__sys_close
                0x00006e8e        0xc c:/nxp/mcuxpressoide_11.5.0_7232/ide/plugins/com.nxp.mcuxpresso.tools.win32_11.5.0.202107051138/tools/bin/../lib/gcc/arm-none-eabi/10.3.1/../../../../arm-none-eabi/lib/thumb/v8-m.main+fp/hard\libcr_semihost_nf.a(__sys_close.o)
                0x00006e8e                __sys_close
 .text.__sys_flen
                0x00006e9a        0xc c:/nxp/mcuxpressoide_11.5.0_7232/ide/plugins/com.nxp.mcuxpresso.tools.win32_11.5.0.202107051138/tools/bin/../lib/gcc/arm-none-eabi/10.3.1/../../../../arm-none-eabi/lib/thumb/v8-m.main+fp/hard\libcr_semihost_nf.a(__sys_flen.o)
                0x00006e9a                __sys_flen
 .text.__sys_istty
                0x00006ea6        0xc c:/nxp/mcuxpressoide_11.5.0_7232/ide/plugins/com.nxp.mcuxpresso.tools.win32_11.5.0.202107051138/tools/bin/../lib/gcc/arm-none-eabi/10.3.1/../../../../arm-none-eabi/lib/thumb/v8-m.main+fp/hard\libcr_semihost_nf.a(__sys_istty.o)
                0x00006ea6                __sys_istty
 .text.__sys_remove
                0x00006eb2        0xc c:/nxp/mcuxpressoide_11.5.0_7232/ide/plugins/com.nxp.mcuxpresso.tools.win32_11.5.0.202107051138/tools/bin/../lib/gcc/arm-none-eabi/10.3.1/../../../../arm-none-eabi/lib/thumb/v8-m.main+fp/hard\libcr_semihost_nf.a(__sys_remove.o)
                0x00006eb2                __sys_remove
 .text.__sys_seek
                0x00006ebe        0xc c:/nxp/mcuxpressoide_11.5.0_7232/ide/plugins/com.nxp.mcuxpresso.tools.win32_11.5.0.202107051138/tools/bin/../lib/gcc/arm-none-eabi/10.3.1/../../../../arm-none-eabi/lib/thumb/v8-m.main+fp/hard\libcr_semihost_nf.a(__sys_seek.o)
                0x00006ebe                __sys_seek
 .text.__sys_tmpnam
                0x00006eca        0xc c:/nxp/mcuxpressoide_11.5.0_7232/ide/plugins/com.nxp.mcuxpresso.tools.win32_11.5.0.202107051138/tools/bin/../lib/gcc/arm-none-eabi/10.3.1/../../../../arm-none-eabi/lib/thumb/v8-m.main+fp/hard\libcr_semihost_nf.a(__sys_tmpnam.o)
                0x00006eca                __sys_tmpnam
 .text.__sys_write
                0x00006ed6        0xc c:/nxp/mcuxpressoide_11.5.0_7232/ide/plugins/com.nxp.mcuxpresso.tools.win32_11.5.0.202107051138/tools/bin/../lib/gcc/arm-none-eabi/10.3.1/../../../../arm-none-eabi/lib/thumb/v8-m.main+fp/hard\libcr_semihost_nf.a(__sys_write.o)
                0x00006ed6                __sys_write
 *(SORT_BY_ALIGNMENT(.rodata) SORT_BY_ALIGNMENT(.rodata.*) SORT_BY_ALIGNMENT(.constdata) SORT_BY_ALIGNMENT(.constdata.*))
 *fill*         0x00006ee2        0x2 ff
 .rodata        0x00006ee4        0x2 ./source/modules/steppers/steppers.o
 *fill*         0x00006ee6        0x2 ff
 .rodata.STEPPERS_XFault.str1.4
                0x00006ee8       0x3a ./source/modules/steppers/steppers.o
 *fill*         0x00006f22        0x2 ff
 .rodata.STEPPERS_YFault.str1.4
                0x00006f24       0x3a ./source/modules/steppers/steppers.o
 *fill*         0x00006f5e        0x2 ff
 .rodata.findRectangleCorners.str1.4
                0x00006f60       0xd8 ./source/modules/mainInclude/localization.o
 .rodata.findRectangleCorner.str1.4
                0x00007038       0x2b ./source/modules/mainInclude/localization.o
 *fill*         0x00007063        0x1 ff
 .rodata.buttonCallback_stopRelaventMotor.str1.4
                0x00007064       0x59 ./source/modules/mainInclude/mainInclude.o
 *fill*         0x000070bd        0x3 ff
 .rodata.BUTTONS_buttonEmergencyCallback.str1.4
                0x000070c0       0x1a ./source/modules/buttons/buttons.o
 *fill*         0x000070da        0x2 ff
 .rodata.BUTTONS_bumpRightCallback.str1.4
                0x000070dc       0x16 ./source/modules/buttons/buttons.o
 *fill*         0x000070f2        0x2 ff
 .rodata.BUTTONS_bumpLeftCallback.str1.4
                0x000070f4       0x15 ./source/modules/buttons/buttons.o
 *fill*         0x00007109        0x3 ff
 .rodata.BUTTONS_bumpUpCallback.str1.4
                0x0000710c       0x13 ./source/modules/buttons/buttons.o
 *fill*         0x0000711f        0x1 ff
 .rodata.BUTTONS_bumpDownCallback.str1.4
                0x00007120       0x15 ./source/modules/buttons/buttons.o
 *fill*         0x00007135        0x3 ff
 .rodata.main.str1.4
                0x00007138       0x23 ./source/Ovalmate_dev_noUSB.o
 *fill*         0x0000715b        0x1 ff
 .rodata.ANACTRL_GetInstance.str1.4
                0x0000715c       0x39 ./drivers/fsl_anactrl.o
 *fill*         0x00007195        0x3 ff
 .rodata.ANACTRL_Init.str1.4
                0x00007198       0x20 ./drivers/fsl_anactrl.o
 .rodata.IntervalList
                0x000071b8       0x60 ./drivers/fsl_clock.o
 .rodata.SDK_DelayAtLeastUs.str1.4
                0x00007218       0x2b ./drivers/fsl_common_arm.o
 *fill*         0x00007243        0x1 ff
 .rodata.s_ctimerBases
                0x00007244       0x14 ./drivers/fsl_ctimer.o
 .rodata.s_ctimerClocks
                0x00007258        0xa ./drivers/fsl_ctimer.o
 *fill*         0x00007262        0x2 ff
 .rodata.s_ctimerResets
                0x00007264       0x14 ./drivers/fsl_ctimer.o
 .rodata.s_ctimerIRQ
                0x00007278        0x5 ./drivers/fsl_ctimer.o
 *fill*         0x0000727d        0x3 ff
 .rodata.CTIMER_GetInstance.str1.4
                0x00007280       0x2e ./drivers/fsl_ctimer.o
 *fill*         0x000072ae        0x2 ff
 .rodata.CTIMER_Init.str1.4
                0x000072b0       0x22 ./drivers/fsl_ctimer.o
 *fill*         0x000072d2        0x2 ff
 .rodata.CTIMER_GetDefaultConfig.str1.4
                0x000072d4       0x22 ./drivers/fsl_ctimer.o
 *fill*         0x000072f6        0x2 ff
 .rodata.s_flexcommBaseAddrs
                0x000072f8       0x24 ./drivers/fsl_flexcomm.o
 .rodata.FLEXCOMM_GetInstance.str1.4
                0x0000731c       0x42 ./drivers/fsl_flexcomm.o
 *fill*         0x0000735e        0x2 ff
 .rodata.FLEXCOMM0_DriverIRQHandler.str1.4
                0x00007360       0x3c ./drivers/fsl_flexcomm.o
 .rodata.FLEXCOMM1_DriverIRQHandler.str1.4
                0x0000739c       0x3c ./drivers/fsl_flexcomm.o
 .rodata.FLEXCOMM2_DriverIRQHandler.str1.4
                0x000073d8       0x3c ./drivers/fsl_flexcomm.o
 .rodata.FLEXCOMM3_DriverIRQHandler.str1.4
                0x00007414       0x3c ./drivers/fsl_flexcomm.o
 .rodata.FLEXCOMM4_DriverIRQHandler.str1.4
                0x00007450       0x3c ./drivers/fsl_flexcomm.o
 .rodata.FLEXCOMM5_DriverIRQHandler.str1.4
                0x0000748c       0x3c ./drivers/fsl_flexcomm.o
 .rodata.FLEXCOMM6_DriverIRQHandler.str1.4
                0x000074c8       0x3c ./drivers/fsl_flexcomm.o
 .rodata.FLEXCOMM7_DriverIRQHandler.str1.4
                0x00007504       0x3c ./drivers/fsl_flexcomm.o
 .rodata.FLEXCOMM8_DriverIRQHandler.str1.4
                0x00007540       0x3c ./drivers/fsl_flexcomm.o
 .rodata.s_gpioClockName
                0x0000757c        0x4 ./drivers/fsl_gpio.o
 .rodata.GPIO_EnablePortClock.str1.4
                0x00007580       0x33 ./drivers/fsl_gpio.o
 *fill*         0x000075b3        0x1 ff
 .rodata.LPADC_GetInstance.str1.4
                0x000075b4       0x35 ./drivers/fsl_lpadc.o
 *fill*         0x000075e9        0x3 ff
 .rodata.LPADC_Init.str1.4
                0x000075ec       0x20 ./drivers/fsl_lpadc.o
 .rodata.LPADC_GetConvResult.str1.4
                0x0000760c       0x21 ./drivers/fsl_lpadc.o
 *fill*         0x0000762d        0x3 ff
 .rodata.LPADC_SetConvTriggerConfig.str1.4
                0x00007630       0x51 ./drivers/fsl_lpadc.o
 *fill*         0x00007681        0x3 ff
 .rodata.LPADC_GetDefaultConvTriggerConfig.str1.4
                0x00007684       0x21 ./drivers/fsl_lpadc.o
 *fill*         0x000076a5        0x3 ff
 .rodata.LPADC_SetConvCommandConfig.str1.4
                0x000076a8       0x83 ./drivers/fsl_lpadc.o
 *fill*         0x0000772b        0x1 ff
 .rodata.LPADC_GetDefaultConvCommandConfig.str1.4
                0x0000772c       0x21 ./drivers/fsl_lpadc.o
 *fill*         0x0000774d        0x3 ff
 .rodata.LPADC_DoAutoCalibration.str1.4
                0x00007750       0x69 ./drivers/fsl_lpadc.o
 *fill*         0x000077b9        0x3 ff
 .rodata.s_pintIRQ
                0x000077bc        0xa ./drivers/fsl_pint.o
 *fill*         0x000077c6        0x2 ff
 .rodata.PINT_Init.str1.4
                0x000077c8       0x1d ./drivers/fsl_pint.o
 *fill*         0x000077e5        0x3 ff
 .rodata.PINT_PinInterruptConfig.str1.4
                0x000077e8       0x1e ./drivers/fsl_pint.o
 *fill*         0x00007806        0x2 ff
 .rodata.PINT_EnableCallbackByIndex.str1.4
                0x00007808       0x1e ./drivers/fsl_pint.o
 *fill*         0x00007826        0x2 ff
 .rodata.RESET_SetPeripheralReset.str1.4
                0x00007828       0x1e ./drivers/fsl_reset.o
 *fill*         0x00007846        0x2 ff
 .rodata.RESET_ClearPeripheralReset.str1.4
                0x00007848       0x1e ./drivers/fsl_reset.o
 *fill*         0x00007866        0x2 ff
 .rodata.__num_Ciob_streams
                0x00007868        0x4 c:/nxp/mcuxpressoide_11.5.0_7232/ide/plugins/com.nxp.mcuxpresso.tools.win32_11.5.0.202107051138/tools/bin/../lib/gcc/arm-none-eabi/10.3.1/../../../../arm-none-eabi/lib/thumb/v8-m.main+fp/hard\libcr_semihost_nf.a(__ciob.o)
                0x00007868                __num_Ciob_streams
 .rodata.__assertion_failed.str1.1
                0x0000786c       0x15 c:/nxp/mcuxpressoide_11.5.0_7232/ide/plugins/com.nxp.mcuxpresso.tools.win32_11.5.0.202107051138/tools/bin/../lib/gcc/arm-none-eabi/10.3.1/../../../../arm-none-eabi/lib/thumb/v8-m.main+fp/hard\libcr_semihost_nf.a(_cr_assert.o)
 .rodata._Csys_alloc.str1.1
                0x00007881       0x18 c:/nxp/mcuxpressoide_11.5.0_7232/ide/plugins/com.nxp.mcuxpresso.tools.win32_11.5.0.202107051138/tools/bin/../lib/gcc/arm-none-eabi/10.3.1/../../../../arm-none-eabi/lib/thumb/v8-m.main+fp/hard\libcr_c.a(alloc.o)
 .rodata.fp_display.str1.1
                0x00007899       0x32 c:/nxp/mcuxpressoide_11.5.0_7232/ide/plugins/com.nxp.mcuxpresso.tools.win32_11.5.0.202107051138/tools/bin/../lib/gcc/arm-none-eabi/10.3.1/../../../../arm-none-eabi/lib/thumb/v8-m.main+fp/hard\libcr_c.a(fpprintf.o)
                                 0x35 (size before relaxing)
 .rodata._initio.str1.1
                0x000078cb        0x4 c:/nxp/mcuxpressoide_11.5.0_7232/ide/plugins/com.nxp.mcuxpresso.tools.win32_11.5.0.202107051138/tools/bin/../lib/gcc/arm-none-eabi/10.3.1/../../../../arm-none-eabi/lib/thumb/v8-m.main+fp/hard\libcr_c.a(initio.o)
 .rodata.__vfprintf.str1.1
                0x000078cf       0x31 c:/nxp/mcuxpressoide_11.5.0_7232/ide/plugins/com.nxp.mcuxpresso.tools.win32_11.5.0.202107051138/tools/bin/../lib/gcc/arm-none-eabi/10.3.1/../../../../arm-none-eabi/lib/thumb/v8-m.main+fp/hard\libcr_c.a(printf.o)
                                 0x38 (size before relaxing)
                0x00007900                . = ALIGN (0x4)

.glue_7         0x00007900        0x0
 .glue_7        0x00007900        0x0 linker stubs

.glue_7t        0x00007900        0x0
 .glue_7t       0x00007900        0x0 linker stubs

.vfp11_veneer   0x00007900        0x0
 .vfp11_veneer  0x00007900        0x0 linker stubs

.v4_bx          0x00007900        0x0
 .v4_bx         0x00007900        0x0 linker stubs

.iplt           0x00007900        0x0
 .iplt          0x00007900        0x0 ./startup/startup_lpc55s16.o

.rel.dyn        0x00007900        0x0
 .rel.iplt      0x00007900        0x0 ./startup/startup_lpc55s16.o

.ARM.extab
 *(SORT_BY_ALIGNMENT(.ARM.extab*) SORT_BY_ALIGNMENT(.gnu.linkonce.armextab.*))

.ARM.exidx      0x00007900        0x0
                0x00007900                __exidx_start = .
 *(SORT_BY_ALIGNMENT(.ARM.exidx*) SORT_BY_ALIGNMENT(.gnu.linkonce.armexidx.*))
                0x00007900                __exidx_end = .
                0x00007900                _etext = .

.m_usb_data
 *(SORT_BY_ALIGNMENT(m_usb_global))

.data_RAM2      0x20010000        0x0 load address 0x00007900
 FILL mask 0xff
                [!provide]                PROVIDE (__start_data_RAM2 = .)
                [!provide]                PROVIDE (__start_data_USB_RAM = .)
 *(SORT_BY_ALIGNMENT(.ramfunc.$RAM2))
 *(SORT_BY_ALIGNMENT(.ramfunc.$USB_RAM))
 *(SORT_BY_ALIGNMENT(.data.$RAM2))
 *(SORT_BY_ALIGNMENT(.data.$USB_RAM))
 *(SORT_BY_ALIGNMENT(.data.$RAM2.*))
 *(SORT_BY_ALIGNMENT(.data.$USB_RAM.*))
                0x20010000                . = ALIGN (0x4)
                [!provide]                PROVIDE (__end_data_RAM2 = .)
                [!provide]                PROVIDE (__end_data_USB_RAM = .)

.data_RAM3      0x04000000        0x0 load address 0x00007900
 FILL mask 0xff
                [!provide]                PROVIDE (__start_data_RAM3 = .)
                [!provide]                PROVIDE (__start_data_SRAMX = .)
 *(SORT_BY_ALIGNMENT(.ramfunc.$RAM3))
 *(SORT_BY_ALIGNMENT(.ramfunc.$SRAMX))
 *(SORT_BY_ALIGNMENT(.data.$RAM3))
 *(SORT_BY_ALIGNMENT(.data.$SRAMX))
 *(SORT_BY_ALIGNMENT(.data.$RAM3.*))
 *(SORT_BY_ALIGNMENT(.data.$SRAMX.*))
                0x04000000                . = ALIGN (0x4)
                [!provide]                PROVIDE (__end_data_RAM3 = .)
                [!provide]                PROVIDE (__end_data_SRAMX = .)

.uninit_RESERVED
                0x20000000        0x0
                0x20000000                _start_uninit_RESERVED = .
 *(SORT_BY_ALIGNMENT(.bss.$RESERVED*))
                0x20000000                . = ALIGN (0x4)
                0x20000000                _end_uninit_RESERVED = .

.data           0x20000000       0xf8 load address 0x00007900
 FILL mask 0xff
                0x20000000                _data = .
                [!provide]                PROVIDE (__start_data_RAM = .)
                [!provide]                PROVIDE (__start_data_SRAM = .)
 *(SORT_BY_ALIGNMENT(vtable))
 *(SORT_BY_ALIGNMENT(.ramfunc*))
 *(SORT_BY_ALIGNMENT(CodeQuickAccess))
 *(SORT_BY_ALIGNMENT(DataQuickAccess))
 *(SORT_BY_ALIGNMENT(RamFunction))
 *(SORT_BY_ALIGNMENT(.data*))
 .data.stepperX_pwmOut
                0x20000000        0x2 ./source/modules/steppers/steppers.o
                0x20000000                stepperX_pwmOut
 *fill*         0x20000002        0x2 ff
 .data.stepperY_pwmOut
                0x20000004        0x2 ./source/modules/steppers/steppers.o
                0x20000004                stepperY_pwmOut
 *fill*         0x20000006        0x2 ff
 .data.stepperX_direction
                0x20000008        0x2 ./source/modules/steppers/steppers.o
                0x20000008                stepperX_direction
 *fill*         0x2000000a        0x2 ff
 .data.stepperX_home
                0x2000000c        0x2 ./source/modules/steppers/steppers.o
                0x2000000c                stepperX_home
 *fill*         0x2000000e        0x2 ff
 .data.stepperX_fault
                0x20000010        0x2 ./source/modules/steppers/steppers.o
                0x20000010                stepperX_fault
 *fill*         0x20000012        0x2 ff
 .data.stepperX_enable
                0x20000014        0x2 ./source/modules/steppers/steppers.o
                0x20000014                stepperX_enable
 *fill*         0x20000016        0x2 ff
 .data.stepperX_reset
                0x20000018        0x2 ./source/modules/steppers/steppers.o
                0x20000018                stepperX_reset
 *fill*         0x2000001a        0x2 ff
 .data.stepperX_sleep
                0x2000001c        0x2 ./source/modules/steppers/steppers.o
                0x2000001c                stepperX_sleep
 *fill*         0x2000001e        0x2 ff
 .data.stepperY_direction
                0x20000020        0x2 ./source/modules/steppers/steppers.o
                0x20000020                stepperY_direction
 *fill*         0x20000022        0x2 ff
 .data.stepperY_home
                0x20000024        0x2 ./source/modules/steppers/steppers.o
                0x20000024                stepperY_home
 *fill*         0x20000026        0x2 ff
 .data.stepperY_fault
                0x20000028        0x2 ./source/modules/steppers/steppers.o
                0x20000028                stepperY_fault
 *fill*         0x2000002a        0x2 ff
 .data.stepperY_enable
                0x2000002c        0x2 ./source/modules/steppers/steppers.o
                0x2000002c                stepperY_enable
 *fill*         0x2000002e        0x2 ff
 .data.stepperY_reset
                0x20000030        0x2 ./source/modules/steppers/steppers.o
                0x20000030                stepperY_reset
 *fill*         0x20000032        0x2 ff
 .data.stepperY_sleep
                0x20000034        0x2 ./source/modules/steppers/steppers.o
                0x20000034                stepperY_sleep
 *fill*         0x20000036        0x2 ff
 .data.stepperX
                0x20000038       0x48 ./source/modules/steppers/steppers.o
                0x20000038                stepperX
 .data.stepperY
                0x20000080       0x48 ./source/modules/steppers/steppers.o
                0x20000080                stepperY
 .data.stepperX_p
                0x200000c8        0x4 ./source/modules/steppers/steppers.o
                0x200000c8                stepperX_p
 .data.stepperY_p
                0x200000cc        0x4 ./source/modules/steppers/steppers.o
                0x200000cc                stepperY_p
 .data.legA     0x200000d0        0x2 ./source/modules/sevenSegmentLED/sevenSegmentLED.o
                0x200000d0                legA
 *fill*         0x200000d2        0x2 ff
 .data.legB     0x200000d4        0x2 ./source/modules/sevenSegmentLED/sevenSegmentLED.o
                0x200000d4                legB
 *fill*         0x200000d6        0x2 ff
 .data.legC     0x200000d8        0x2 ./source/modules/sevenSegmentLED/sevenSegmentLED.o
                0x200000d8                legC
 *fill*         0x200000da        0x2 ff
 .data.legD     0x200000dc        0x2 ./source/modules/sevenSegmentLED/sevenSegmentLED.o
                0x200000dc                legD
 *fill*         0x200000de        0x2 ff
 .data.legE     0x200000e0        0x2 ./source/modules/sevenSegmentLED/sevenSegmentLED.o
                0x200000e0                legE
 *fill*         0x200000e2        0x2 ff
 .data.legF     0x200000e4        0x2 ./source/modules/sevenSegmentLED/sevenSegmentLED.o
                0x200000e4                legF
 *fill*         0x200000e6        0x2 ff
 .data.legG     0x200000e8        0x2 ./source/modules/sevenSegmentLED/sevenSegmentLED.o
                0x200000e8                legG
 *fill*         0x200000ea        0x2 ff
 .data.sevenSegConfig
                0x200000ec        0x2 ./source/modules/sevenSegmentLED/sevenSegmentLED.o
                0x200000ec                sevenSegConfig
 *fill*         0x200000ee        0x2 ff
 .data.s_Ext_Clk_Freq
                0x200000f0        0x4 ./drivers/fsl_clock.o
 .data.SystemCoreClock
                0x200000f4        0x4 ./device/system_LPC55S16.o
                0x200000f4                SystemCoreClock
                0x200000f8                . = ALIGN (0x4)
                0x200000f8                _edata = .
                [!provide]                PROVIDE (__end_data_RAM = .)
                [!provide]                PROVIDE (__end_data_SRAM = .)

.igot.plt       0x200000f8        0x0 load address 0x000079f8
 .igot.plt      0x200000f8        0x0 ./startup/startup_lpc55s16.o

.bss_RAM2       0x20010000        0x0
                [!provide]                PROVIDE (__start_bss_RAM2 = .)
                [!provide]                PROVIDE (__start_bss_USB_RAM = .)
 *(SORT_BY_ALIGNMENT(.bss.$RAM2))
 *(SORT_BY_ALIGNMENT(.bss.$USB_RAM))
 *(SORT_BY_ALIGNMENT(.bss.$RAM2.*))
 *(SORT_BY_ALIGNMENT(.bss.$USB_RAM.*))
                0x20010000                . = ALIGN ((. != 0x0)?0x4:0x1)
                [!provide]                PROVIDE (__end_bss_RAM2 = .)
                [!provide]                PROVIDE (__end_bss_USB_RAM = .)

.bss_RAM3       0x04000000        0x0
                [!provide]                PROVIDE (__start_bss_RAM3 = .)
                [!provide]                PROVIDE (__start_bss_SRAMX = .)
 *(SORT_BY_ALIGNMENT(.bss.$RAM3))
 *(SORT_BY_ALIGNMENT(.bss.$SRAMX))
 *(SORT_BY_ALIGNMENT(.bss.$RAM3.*))
 *(SORT_BY_ALIGNMENT(.bss.$SRAMX.*))
                0x04000000                . = ALIGN ((. != 0x0)?0x4:0x1)
                [!provide]                PROVIDE (__end_bss_RAM3 = .)
                [!provide]                PROVIDE (__end_bss_SRAMX = .)

.bss            0x200000f8      0x6c4
                0x200000f8                _bss = .
                [!provide]                PROVIDE (__start_bss_RAM = .)
                [!provide]                PROVIDE (__start_bss_SRAM = .)
 *(SORT_BY_ALIGNMENT(.bss*))
 .bss.stepperX_phaseSteps
                0x200000f8       0x18 ./source/modules/steppers/steppers.o
                0x200000f8                stepperX_phaseSteps
 .bss.stepperY_phaseSteps
                0x20000110       0x18 ./source/modules/steppers/steppers.o
                0x20000110                stepperY_phaseSteps
 .bss.g_pwmPeriod
                0x20000128        0x4 ./source/modules/servo/servo.o
                0x20000128                g_pwmPeriod
 .bss.g_pulsePeriod
                0x2000012c        0x4 ./source/modules/servo/servo.o
                0x2000012c                g_pulsePeriod
 .bss.ctimer_config
                0x20000130        0x8 ./source/modules/servo/servo.o
                0x20000130                ctimer_config
 .bss.ctimer_srcClock_Hz
                0x20000138        0x4 ./source/modules/servo/servo.o
                0x20000138                ctimer_srcClock_Hz
 .bss.ctimer_timerClock
                0x2000013c        0x4 ./source/modules/servo/servo.o
                0x2000013c                ctimer_timerClock
 .bss.pastSamples
                0x20000140      0x4b0 ./source/modules/mainInclude/localization.o
                0x20000140                pastSamples
 .bss.mLpadcConfigStruct
                0x200005f0       0x18 ./source/modules/irSensor/irSensor.o
                0x200005f0                mLpadcConfigStruct
 .bss.mLpadcTriggerConfigStruct
                0x20000608       0x10 ./source/modules/irSensor/irSensor.o
                0x20000608                mLpadcTriggerConfigStruct
 .bss.mLpadcCommandConfigStruct
                0x20000618       0x24 ./source/modules/irSensor/irSensor.o
                0x20000618                mLpadcCommandConfigStruct
 .bss.mLpadcResultConfigStruct
                0x2000063c       0x10 ./source/modules/irSensor/irSensor.o
                0x2000063c                mLpadcResultConfigStruct
 .bss.emergencyBumpCallback
                0x2000064c        0x4 ./source/modules/buttons/buttons.o
                0x2000064c                emergencyBumpCallback
 .bss.rightBumpCallback
                0x20000650        0x4 ./source/modules/buttons/buttons.o
                0x20000650                rightBumpCallback
 .bss.leftBumpCallback
                0x20000654        0x4 ./source/modules/buttons/buttons.o
                0x20000654                leftBumpCallback
 .bss.upBumpCallback
                0x20000658        0x4 ./source/modules/buttons/buttons.o
                0x20000658                upBumpCallback
 .bss.downBumpCallback
                0x2000065c        0x4 ./source/modules/buttons/buttons.o
                0x2000065c                downBumpCallback
 .bss.s_Pll0_Freq
                0x20000660        0x4 ./drivers/fsl_clock.o
 .bss.s_Pll1_Freq
                0x20000664        0x4 ./drivers/fsl_clock.o
 .bss.s_I2S_Mclk_Freq
                0x20000668        0x4 ./drivers/fsl_clock.o
 .bss.s_ctimerCallback
                0x2000066c       0x14 ./drivers/fsl_ctimer.o
 .bss.ctimerCallbackType
                0x20000680        0x5 ./drivers/fsl_ctimer.o
 *fill*         0x20000685        0x3 
 .bss.s_flexcommIrqHandler
                0x20000688       0x24 ./drivers/fsl_flexcomm.o
 .bss.s_flexcommHandle
                0x200006ac       0x24 ./drivers/fsl_flexcomm.o
 .bss.s_secpintCallback
                0x200006d0        0x8 ./drivers/fsl_pint.o
 .bss.s_pintCallback
                0x200006d8       0x20 ./drivers/fsl_pint.o
 .bss.__Ciob    0x200006f8       0xb4 c:/nxp/mcuxpressoide_11.5.0_7232/ide/plugins/com.nxp.mcuxpresso.tools.win32_11.5.0.202107051138/tools/bin/../lib/gcc/arm-none-eabi/10.3.1/../../../../arm-none-eabi/lib/thumb/v8-m.main+fp/hard\libcr_semihost_nf.a(__ciob.o)
                0x200006f8                __Ciob
 .bss.errno     0x200007ac        0x4 c:/nxp/mcuxpressoide_11.5.0_7232/ide/plugins/com.nxp.mcuxpresso.tools.win32_11.5.0.202107051138/tools/bin/../lib/gcc/arm-none-eabi/10.3.1/../../../../arm-none-eabi/lib/thumb/v8-m.main+fp/hard\libcr_c.a(errno.o)
                0x200007ac                errno
 .bss.__end_of_heap
                0x200007b0        0x4 c:/nxp/mcuxpressoide_11.5.0_7232/ide/plugins/com.nxp.mcuxpresso.tools.win32_11.5.0.202107051138/tools/bin/../lib/gcc/arm-none-eabi/10.3.1/../../../../arm-none-eabi/lib/thumb/v8-m.main+fp/hard\libcr_c.a(__init_alloc.o)
                0x200007b0                __end_of_heap
 .bss.__heaps   0x200007b4        0x4 c:/nxp/mcuxpressoide_11.5.0_7232/ide/plugins/com.nxp.mcuxpresso.tools.win32_11.5.0.202107051138/tools/bin/../lib/gcc/arm-none-eabi/10.3.1/../../../../arm-none-eabi/lib/thumb/v8-m.main+fp/hard\libcr_c.a(__init_alloc.o)
                0x200007b4                __heaps
 .bss.periodOffsetX.1
                0x200007b8        0x1 ./source/modules/steppers/steppers.o
 .bss.periodOffsetY.0
                0x200007b9        0x1 ./source/modules/steppers/steppers.o
 .bss.buttonCallback_stepperMotorX_stopped
                0x200007ba        0x1 ./source/modules/mainInclude/mainInclude.o
                0x200007ba                buttonCallback_stepperMotorX_stopped
 .bss.buttonCallback_stepperMotorY_stopped
                0x200007bb        0x1 ./source/modules/mainInclude/mainInclude.o
                0x200007bb                buttonCallback_stepperMotorY_stopped
 *(SORT_BY_ALIGNMENT(COMMON))
                0x200007bc                . = ALIGN (0x4)
                0x200007bc                _ebss = .
                [!provide]                PROVIDE (__end_bss_RAM = .)
                [!provide]                PROVIDE (__end_bss_SRAM = .)
                [!provide]                PROVIDE (end = .)

.noinit_RAM2    0x20010000        0x0
                [!provide]                PROVIDE (__start_noinit_RAM2 = .)
                [!provide]                PROVIDE (__start_noinit_USB_RAM = .)
 *(SORT_BY_ALIGNMENT(.noinit.$RAM2))
 *(SORT_BY_ALIGNMENT(.noinit.$USB_RAM))
 *(SORT_BY_ALIGNMENT(.noinit.$RAM2.*))
 *(SORT_BY_ALIGNMENT(.noinit.$USB_RAM.*))
                0x20010000                . = ALIGN (0x4)
                [!provide]                PROVIDE (__end_noinit_RAM2 = .)
                [!provide]                PROVIDE (__end_noinit_USB_RAM = .)

.noinit_RAM3    0x04000000        0x0
                [!provide]                PROVIDE (__start_noinit_RAM3 = .)
                [!provide]                PROVIDE (__start_noinit_SRAMX = .)
 *(SORT_BY_ALIGNMENT(.noinit.$RAM3))
 *(SORT_BY_ALIGNMENT(.noinit.$SRAMX))
 *(SORT_BY_ALIGNMENT(.noinit.$RAM3.*))
 *(SORT_BY_ALIGNMENT(.noinit.$SRAMX.*))
                0x04000000                . = ALIGN (0x4)
                [!provide]                PROVIDE (__end_noinit_RAM3 = .)
                [!provide]                PROVIDE (__end_noinit_SRAMX = .)

.noinit         0x200007bc        0x0
                0x200007bc                _noinit = .
                [!provide]                PROVIDE (__start_noinit_RAM = .)
                [!provide]                PROVIDE (__start_noinit_SRAM = .)
 *(SORT_BY_ALIGNMENT(.noinit*))
                0x200007bc                . = ALIGN (0x4)
                0x200007bc                _end_noinit = .
                [!provide]                PROVIDE (__end_noinit_RAM = .)
                [!provide]                PROVIDE (__end_noinit_SRAM = .)
                0x00001000                _HeapSize = 0x1000

.heap           0x200007bc     0x1000
                0x200007bc                _pvHeapStart = .
                0x200017bc                . = (. + _HeapSize)
 *fill*         0x200007bc     0x1000 
                0x200017bc                . = ALIGN (0x4)
                0x200017bc                _pvHeapLimit = .
                0x00001000                _StackSize = 0x1000

.heap2stackfill
                0x200017bc     0x1000
                0x200027bc                . = (. + _StackSize)
 *fill*         0x200017bc     0x1000 

.stack          0x2000f000        0x0
                0x2000f000                _vStackBase = .
                0x2000f000                . = ALIGN (0x4)
                0x20010000                _vStackTop = (. + _StackSize)
                [!provide]                PROVIDE (__valid_user_code_checksum = (0x0 - ((((((_vStackTop + (ResetISR + 0x1)) + (NMI_Handler + 0x1)) + (HardFault_Handler + 0x1)) + (DEFINED (MemManage_Handler)?MemManage_Handler:0x0 + 0x1)) + (DEFINED (BusFault_Handler)?BusFault_Handler:0x0 + 0x1)) + (DEFINED (UsageFault_Handler)?UsageFault_Handler:0x0 + 0x1))))
                0x00000000                _image_start = LOADADDR (.text)
                0x000079f8                _image_end = (LOADADDR (.data) + SIZEOF (.data))
                0x000079f8                _image_size = (_image_end - _image_start)
OUTPUT(Ovalmate_dev.axf elf32-littlearm)
LOAD linker stubs

.debug_info     0x00000000    0x2203e
 .debug_info    0x00000000      0x71a ./startup/startup_lpc55s16.o
 .debug_info    0x0000071a     0x23b3 ./source/modules/steppers/steppers.o
 .debug_info    0x00002acd      0x802 ./source/modules/sevenSegmentLED/sevenSegmentLED.o
 .debug_info    0x000032cf      0x80e ./source/modules/servo/servo.o
 .debug_info    0x00003add      0xb88 ./source/modules/mainInclude/localization.o
 .debug_info    0x00004665      0xa06 ./source/modules/mainInclude/mainInclude.o
 .debug_info    0x0000506b     0x1133 ./source/modules/irSensor/irSensor.o
 .debug_info    0x0000619e     0x159f ./source/modules/buttons/buttons.o
 .debug_info    0x0000773d      0x505 ./source/Ovalmate_dev_noUSB.o
 .debug_info    0x00007c42       0x3c ./source/semihost_hardfault.o
 .debug_info    0x00007c7e     0x1719 ./drivers/fsl_anactrl.o
 .debug_info    0x00009397     0x35eb ./drivers/fsl_clock.o
 .debug_info    0x0000c982       0xf5 ./drivers/fsl_common_arm.o
 .debug_info    0x0000ca77     0x2303 ./drivers/fsl_ctimer.o
 .debug_info    0x0000ed7a     0x1b92 ./drivers/fsl_flexcomm.o
 .debug_info    0x0001090c     0x1819 ./drivers/fsl_gpio.o
 .debug_info    0x00012125     0x1eee ./drivers/fsl_inputmux.o
 .debug_info    0x00014013     0x1e56 ./drivers/fsl_lpadc.o
 .debug_info    0x00015e69     0x233e ./drivers/fsl_pint.o
 .debug_info    0x000181a7     0x336f ./drivers/fsl_power.o
 .debug_info    0x0001b516      0xfb0 ./drivers/fsl_reset.o
 .debug_info    0x0001c4c6     0x16bd ./device/system_LPC55S16.o
 .debug_info    0x0001db83      0x87f ./board/board.o
 .debug_info    0x0001e402     0x182f ./board/clock_config.o
 .debug_info    0x0001fc31       0x9b ./board/peripherals.o
 .debug_info    0x0001fccc     0x2372 ./board/pin_mux.o

.debug_abbrev   0x00000000     0x3380
 .debug_abbrev  0x00000000      0x165 ./startup/startup_lpc55s16.o
 .debug_abbrev  0x00000165      0x320 ./source/modules/steppers/steppers.o
 .debug_abbrev  0x00000485      0x1d4 ./source/modules/sevenSegmentLED/sevenSegmentLED.o
 .debug_abbrev  0x00000659      0x204 ./source/modules/servo/servo.o
 .debug_abbrev  0x0000085d      0x243 ./source/modules/mainInclude/localization.o
 .debug_abbrev  0x00000aa0      0x1c2 ./source/modules/mainInclude/mainInclude.o
 .debug_abbrev  0x00000c62      0x1f8 ./source/modules/irSensor/irSensor.o
 .debug_abbrev  0x00000e5a      0x18f ./source/modules/buttons/buttons.o
 .debug_abbrev  0x00000fe9      0x179 ./source/Ovalmate_dev_noUSB.o
 .debug_abbrev  0x00001162       0x31 ./source/semihost_hardfault.o
 .debug_abbrev  0x00001193      0x20e ./drivers/fsl_anactrl.o
 .debug_abbrev  0x000013a1      0x374 ./drivers/fsl_clock.o
 .debug_abbrev  0x00001715       0x92 ./drivers/fsl_common_arm.o
 .debug_abbrev  0x000017a7      0x382 ./drivers/fsl_ctimer.o
 .debug_abbrev  0x00001b29      0x2c0 ./drivers/fsl_flexcomm.o
 .debug_abbrev  0x00001de9      0x210 ./drivers/fsl_gpio.o
 .debug_abbrev  0x00001ff9      0x1d7 ./drivers/fsl_inputmux.o
 .debug_abbrev  0x000021d0      0x257 ./drivers/fsl_lpadc.o
 .debug_abbrev  0x00002427      0x2da ./drivers/fsl_pint.o
 .debug_abbrev  0x00002701      0x374 ./drivers/fsl_power.o
 .debug_abbrev  0x00002a75      0x15a ./drivers/fsl_reset.o
 .debug_abbrev  0x00002bcf      0x20b ./device/system_LPC55S16.o
 .debug_abbrev  0x00002dda      0x104 ./board/board.o
 .debug_abbrev  0x00002ede      0x1ea ./board/clock_config.o
 .debug_abbrev  0x000030c8       0x61 ./board/peripherals.o
 .debug_abbrev  0x00003129      0x257 ./board/pin_mux.o

.debug_aranges  0x00000000      0xeb0
 .debug_aranges
                0x00000000      0x270 ./startup/startup_lpc55s16.o
 .debug_aranges
                0x00000270      0x110 ./source/modules/steppers/steppers.o
 .debug_aranges
                0x00000380       0x38 ./source/modules/sevenSegmentLED/sevenSegmentLED.o
 .debug_aranges
                0x000003b8       0x70 ./source/modules/servo/servo.o
 .debug_aranges
                0x00000428       0x60 ./source/modules/mainInclude/localization.o
 .debug_aranges
                0x00000488       0x38 ./source/modules/mainInclude/mainInclude.o
 .debug_aranges
                0x000004c0       0x48 ./source/modules/irSensor/irSensor.o
 .debug_aranges
                0x00000508       0x48 ./source/modules/buttons/buttons.o
 .debug_aranges
                0x00000550       0x20 ./source/Ovalmate_dev_noUSB.o
 .debug_aranges
                0x00000570       0x20 ./source/semihost_hardfault.o
 .debug_aranges
                0x00000590       0x68 ./drivers/fsl_anactrl.o
 .debug_aranges
                0x000005f8      0x250 ./drivers/fsl_clock.o
 .debug_aranges
                0x00000848       0x28 ./drivers/fsl_common_arm.o
 .debug_aranges
                0x00000870       0xe0 ./drivers/fsl_ctimer.o
 .debug_aranges
                0x00000950       0x90 ./drivers/fsl_flexcomm.o
 .debug_aranges
                0x000009e0       0x38 ./drivers/fsl_gpio.o
 .debug_aranges
                0x00000a18       0x40 ./drivers/fsl_inputmux.o
 .debug_aranges
                0x00000a58       0xb0 ./drivers/fsl_lpadc.o
 .debug_aranges
                0x00000b08      0x118 ./drivers/fsl_pint.o
 .debug_aranges
                0x00000c20       0xc8 ./drivers/fsl_power.o
 .debug_aranges
                0x00000ce8       0x30 ./drivers/fsl_reset.o
 .debug_aranges
                0x00000d18       0x88 ./device/system_LPC55S16.o
 .debug_aranges
                0x00000da0       0x28 ./board/board.o
 .debug_aranges
                0x00000dc8       0x50 ./board/clock_config.o
 .debug_aranges
                0x00000e18       0x28 ./board/peripherals.o
 .debug_aranges
                0x00000e40       0x70 ./board/pin_mux.o

.debug_ranges   0x00000000      0xd10
 .debug_ranges  0x00000000      0x260 ./startup/startup_lpc55s16.o
 .debug_ranges  0x00000260      0x100 ./source/modules/steppers/steppers.o
 .debug_ranges  0x00000360       0x28 ./source/modules/sevenSegmentLED/sevenSegmentLED.o
 .debug_ranges  0x00000388       0x60 ./source/modules/servo/servo.o
 .debug_ranges  0x000003e8       0x50 ./source/modules/mainInclude/localization.o
 .debug_ranges  0x00000438       0x28 ./source/modules/mainInclude/mainInclude.o
 .debug_ranges  0x00000460       0x38 ./source/modules/irSensor/irSensor.o
 .debug_ranges  0x00000498       0x38 ./source/modules/buttons/buttons.o
 .debug_ranges  0x000004d0       0x10 ./source/Ovalmate_dev_noUSB.o
 .debug_ranges  0x000004e0       0x10 ./source/semihost_hardfault.o
 .debug_ranges  0x000004f0       0x58 ./drivers/fsl_anactrl.o
 .debug_ranges  0x00000548      0x240 ./drivers/fsl_clock.o
 .debug_ranges  0x00000788       0x18 ./drivers/fsl_common_arm.o
 .debug_ranges  0x000007a0       0xd0 ./drivers/fsl_ctimer.o
 .debug_ranges  0x00000870       0x80 ./drivers/fsl_flexcomm.o
 .debug_ranges  0x000008f0       0x28 ./drivers/fsl_gpio.o
 .debug_ranges  0x00000918       0x30 ./drivers/fsl_inputmux.o
 .debug_ranges  0x00000948       0xa0 ./drivers/fsl_lpadc.o
 .debug_ranges  0x000009e8      0x108 ./drivers/fsl_pint.o
 .debug_ranges  0x00000af0       0xb8 ./drivers/fsl_power.o
 .debug_ranges  0x00000ba8       0x20 ./drivers/fsl_reset.o