C:\Users\awiss\Documents\MCUXpressoIDE_11.5.0_7232\workspace\LCP55S16-evk\Ovalmate_dev\CMSIS/core_cm33.h:2127:22:__NVIC_EnableIRQ	16	static
C:\Users\awiss\Documents\MCUXpressoIDE_11.5.0_7232\workspace\LCP55S16-evk\Ovalmate_dev\CMSIS/core_cm33.h:2324:22:__NVIC_SetPriority	16	static
C:\Users\awiss\Documents\MCUXpressoIDE_11.5.0_7232\workspace\LCP55S16-evk\Ovalmate_dev\drivers/fsl_common_arm.h:499:24:EnableIRQ	24	static
C:\Users\awiss\Documents\MCUXpressoIDE_11.5.0_7232\workspace\LCP55S16-evk\Ovalmate_dev\drivers/fsl_common_arm.h:579:24:DisableGlobalIRQ	16	static
C:\Users\awiss\Documents\MCUXpressoIDE_11.5.0_7232\workspace\LCP55S16-evk\Ovalmate_dev\drivers/fsl_common_arm.h:606:20:EnableGlobalIRQ	24	static
../component/serial_manager/fsl_component_serial_port_usb.c:195:32:USB_DeviceGetInstanceFromDeviceHandle	16	static
../component/serial_manager/fsl_component_serial_port_usb.c:209:32:USB_DeviceGetInstanceFromClassHandle	16	static
../component/serial_manager/fsl_component_serial_port_usb.c:223:21:USB_DeviceAddItem	24	static
../component/serial_manager/fsl_component_serial_port_usb.c:253:21:USB_DeviceRemoveItem	32	static
../component/serial_manager/fsl_component_serial_port_usb.c:295:21:USB_DeviceCdcVcomCallback	64	static
../component/serial_manager/fsl_component_serial_port_usb.c:562:21:USB_DeviceCallback	48	static
../component/serial_manager/fsl_component_serial_port_usb.c:728:6:USB0_IRQHandler	16	static
../component/serial_manager/fsl_component_serial_port_usb.c:761:13:USB_DeviceIsrEnable	24	static
../component/serial_manager/fsl_component_serial_port_usb.c:796:25:Serial_UsbCdcInit	32	static
../component/serial_manager/fsl_component_serial_port_usb.c:837:25:Serial_UsbCdcDeinit	24	static
../component/serial_manager/fsl_component_serial_port_usb.c:859:25:Serial_UsbCdcWrite	32	static
../component/serial_manager/fsl_component_serial_port_usb.c:915:25:Serial_UsbCdcRead	40	static
../component/serial_manager/fsl_component_serial_port_usb.c:968:25:Serial_UsbCdcCancelWrite	24	static
../component/serial_manager/fsl_component_serial_port_usb.c:980:25:Serial_UsbCdcInstallTxCallback	32	static
../component/serial_manager/fsl_component_serial_port_usb.c:996:25:Serial_UsbCdcInstallRxCallback	32	static
../component/serial_manager/fsl_component_serial_port_usb.c:1012:6:Serial_UsbCdcIsrFunction	24	static
