C:\Users\Alex\Documents\MCUXpressoIDE_11.5.0_7232\workspace\OvalMate\Ovalmate_dev\drivers/fsl_common_arm.h:579:24:DisableGlobalIRQ	16	static
C:\Users\Alex\Documents\MCUXpressoIDE_11.5.0_7232\workspace\OvalMate\Ovalmate_dev\drivers/fsl_common_arm.h:606:20:EnableGlobalIRQ	24	static
../utilities/fsl_debug_console.c:295:17:DbgConsole_SerialManagerPerformTransfer	32	static
../utilities/fsl_debug_console.c:329:13:DbgConsole_SerialManagerTxCallback	32	static
../utilities/fsl_debug_console.c:363:13:DbgConsole_SerialManagerTx2Callback	32	static
../utilities/fsl_debug_console.c:398:13:DbgConsole_SerialManagerRxCallback	24	static
../utilities/fsl_debug_console.c:424:10:DbgConsole_ReadOneCharacter	24	static
../utilities/fsl_debug_console.c:495:5:DbgConsole_SendData	40	static
../utilities/fsl_debug_console.c:548:5:DbgConsole_SendDataReliable	40	static
../utilities/fsl_debug_console.c:629:5:DbgConsole_ReadLine	24	static
../utilities/fsl_debug_console.c:695:5:DbgConsole_ReadCharacter	24	static
../utilities/fsl_debug_console.c:1010:40:DbgConsole_Flush	4	static
