C:\Users\awiss\Documents\MCUXpressoIDE_11.5.0_7232\workspace\LCP55S16-evk\lpcxpresso55s16_dev_composite_cdc_vcom_cdc_vcom_bm\CMSIS/core_cm33.h:2127:22:__NVIC_EnableIRQ	16	static
C:\Users\awiss\Documents\MCUXpressoIDE_11.5.0_7232\workspace\LCP55S16-evk\lpcxpresso55s16_dev_composite_cdc_vcom_cdc_vcom_bm\CMSIS/core_cm33.h:2218:22:__NVIC_ClearPendingIRQ	16	static
C:\Users\awiss\Documents\MCUXpressoIDE_11.5.0_7232\workspace\LCP55S16-evk\lpcxpresso55s16_dev_composite_cdc_vcom_cdc_vcom_bm\CMSIS/core_cm33.h:2324:22:__NVIC_SetPriority	16	static
C:\Users\awiss\Documents\MCUXpressoIDE_11.5.0_7232\workspace\LCP55S16-evk\lpcxpresso55s16_dev_composite_cdc_vcom_cdc_vcom_bm\drivers/fsl_clock.h:987:20:CLOCK_EnableClock	24	static
C:\Users\awiss\Documents\MCUXpressoIDE_11.5.0_7232\workspace\LCP55S16-evk\lpcxpresso55s16_dev_composite_cdc_vcom_cdc_vcom_bm\drivers/fsl_clock.h:997:20:CLOCK_DisableClock	24	static
C:\Users\awiss\Documents\MCUXpressoIDE_11.5.0_7232\workspace\LCP55S16-evk\lpcxpresso55s16_dev_composite_cdc_vcom_cdc_vcom_bm\drivers/fsl_common_arm.h:499:24:EnableIRQ	24	static
C:\Users\awiss\Documents\MCUXpressoIDE_11.5.0_7232\workspace\LCP55S16-evk\lpcxpresso55s16_dev_composite_cdc_vcom_cdc_vcom_bm\drivers/fsl_power.h:385:20:POWER_DisablePD	16	static
../source/composite.c:90:6:USB0_IRQHandler	8	static
../source/composite.c:101:6:USB_DeviceClockInit	16	static
../source/composite.c:135:6:USB_DeviceIsrEnable	16	static
../source/composite.c:172:14:USB_DeviceCallback	40	static
../source/composite.c:331:6:USB_DeviceApplicationInit	16	static
../source/composite.c:377:6:APPTask	8	static
../source/composite.c:383:5:main	8	static
