19:55:16 **** Incremental Build of configuration Debug for project LPC55S16_Project_main_dev ****
make -r -j8 all 
Building file: ../source/modules/steppers/steppers.c
Building file: ../source/modules/sevenSegmentLED/sevenSegmentLED.c
Building file: ../source/modules/servo/servo.c
Building file: ../source/modules/irSensor/irSensor.c
Invoking: MCU C Compiler
Invoking: MCU C Compiler
arm-none-eabi-gcc -D__REDLIB__ -DCPU_LPC55S16JBD100 -DCPU_LPC55S16JBD100_cm33 -DSDK_OS_BAREMETAL -DSERIAL_PORT_TYPE_UART=1 -DSDK_DEBUGCONSOLE=0 -DCR_INTEGER_PRINTF -DPRINTF_FLOAT_ENABLE=0 -DSERIAL_PORT_TYPE_USBCDC=1 -DDEBUG_CONSOLE_TRANSFER_NON_BLOCKING -DUSB_DEVICE_CONFIG_CDC_ACM=1 -D__MCUXPRESSO -D__USE_CMSIS -DDEBUG -I"C:\Users\awiss\Documents\MCUXpressoIDE_11.4.1_6260\workspace\OvalMate\LPC55S16_Project_main_dev\CMSIS_driver" -I"C:\Users\awiss\Documents\MCUXpressoIDE_11.4.1_6260\workspace\OvalMate\LPC55S16_Project_main_dev\LPC55S16\drivers" -I"C:\Users\awiss\Documents\MCUXpressoIDE_11.4.1_6260\workspace\OvalMate\LPC55S16_Project_main_dev\drivers" -I"C:\Users\awiss\Documents\MCUXpressoIDE_11.4.1_6260\workspace\OvalMate\LPC55S16_Project_main_dev\CMSIS\DSP\Include" -I"C:\Users\awiss\Documents\MCUXpressoIDE_11.4.1_6260\workspace\OvalMate\LPC55S16_Project_main_dev\component\serial_manager" -I"C:\Users\awiss\Documents\MCUXpressoIDE_11.4.1_6260\workspace\OvalMate\LPC55S16_Project_main_dev\utilities" -I"C:\Users\awiss\Documents\MCUXpressoIDE_11.4.1_6260\workspace\OvalMate\LPC55S16_Project_main_dev\component\uart" -I"C:\Users\awiss\Documents\MCUXpressoIDE_11.4.1_6260\workspace\OvalMate\LPC55S16_Project_main_dev\component\serial_manager\usb_cdc_adapter" -I"C:\Users\awiss\Documents\MCUXpressoIDE_11.4.1_6260\workspace\OvalMate\LPC55S16_Project_main_dev\usb\include" -I"C:\Users\awiss\Documents\MCUXpressoIDE_11.4.1_6260\workspace\OvalMate\LPC55S16_Project_main_dev\usb\device\class\audio" -I"C:\Users\awiss\Documents\MCUXpressoIDE_11.4.1_6260\workspace\OvalMate\LPC55S16_Project_main_dev\usb\output\source\device\class" -I"C:\Users\awiss\Documents\MCUXpressoIDE_11.4.1_6260\workspace\OvalMate\LPC55S16_Project_main_dev\usb\device\class\ccid" -I"C:\Users\awiss\Documents\MCUXpressoIDE_11.4.1_6260\workspace\OvalMate\LPC55S16_Project_main_dev\usb\device\class\cdc" -I"C:\Users\awiss\Documents\MCUXpressoIDE_11.4.1_6260\workspace\OvalMate\LPC55S16_Project_main_dev\usb\device\class\cdc_rndis" -I"C:\Users\awiss\Documents\MCUXpressoIDE_11.4.1_6260\workspace\OvalMate\LPC55S16_Project_main_dev\usb\device\include" -I"C:\Users\awiss\Documents\MCUXpressoIDE_11.4.1_6260\workspace\OvalMate\LPC55S16_Project_main_dev\usb\device\source" -I"C:\Users\awiss\Documents\MCUXpressoIDE_11.4.1_6260\workspace\OvalMate\LPC55S16_Project_main_dev\usb\device\class\dfu" -I"C:\Users\awiss\Documents\MCUXpressoIDE_11.4.1_6260\workspace\OvalMate\LPC55S16_Project_main_dev\usb\device\class\hid" -I"C:\Users\awiss\Documents\MCUXpressoIDE_11.4.1_6260\workspace\OvalMate\LPC55S16_Project_main_dev\usb\device\source\lpcip3511" -I"C:\Users\awiss\Documents\MCUXpressoIDE_11.4.1_6260\workspace\OvalMate\LPC55S16_Project_main_dev\usb\device\class\msc" -I"C:\Users\awiss\Documents\MCUXpressoIDE_11.4.1_6260\workspace\OvalMate\LPC55S16_Project_main_dev\usb\device\class\phdc" -I"C:\Users\awiss\Documents\MCUXpressoIDE_11.4.1_6260\workspace\OvalMate\LPC55S16_Project_main_dev\usb\device\class\printer" -I"C:\Users\awiss\Documents\MCUXpressoIDE_11.4.1_6260\workspace\OvalMate\LPC55S16_Project_main_dev\usb\device\class" -I"C:\Users\awiss\Documents\MCUXpressoIDE_11.4.1_6260\workspace\OvalMate\LPC55S16_Project_main_dev\usb\output\source\device" -I"C:\Users\awiss\Documents\MCUXpressoIDE_11.4.1_6260\workspace\OvalMate\LPC55S16_Project_main_dev\usb\device\class\video" -I"C:\Users\awiss\Documents\MCUXpressoIDE_11.4.1_6260\workspace\OvalMate\LPC55S16_Project_main_dev\usb\phy" -I"C:\Users\awiss\Documents\MCUXpressoIDE_11.4.1_6260\workspace\OvalMate\LPC55S16_Project_main_dev\component\timer" -I"C:\Users\awiss\Documents\MCUXpressoIDE_11.4.1_6260\workspace\OvalMate\LPC55S16_Project_main_dev\component\pwm" -I"C:\Users\awiss\Documents\MCUXpressoIDE_11.4.1_6260\workspace\OvalMate\LPC55S16_Project_main_dev\component\gpio" -I"C:\Users\awiss\Documents\MCUXpressoIDE_11.4.1_6260\workspace\OvalMate\LPC55S16_Project_main_dev\component\lists" -I"C:\Users\awiss\Documents\MCUXpressoIDE_11.4.1_6260\workspace\OvalMate\LPC55S16_Project_main_dev\component\osa" -I"C:\Users\awiss\Documents\MCUXpressoIDE_11.4.1_6260\workspace\OvalMate\LPC55S16_Project_main_dev\component\timer_manager" -I"C:\Users\awiss\Documents\MCUXpressoIDE_11.4.1_6260\workspace\OvalMate\LPC55S16_Project_main_dev\component\mem_manager" -I"C:\Users\awiss\Documents\MCUXpressoIDE_11.4.1_6260\workspace\OvalMate\LPC55S16_Project_main_dev\board" -I"C:\Users\awiss\Documents\MCUXpressoIDE_11.4.1_6260\workspace\OvalMate\LPC55S16_Project_main_dev\source\generated" -I"C:\Users\awiss\Documents\MCUXpressoIDE_11.4.1_6260\workspace\OvalMate\LPC55S16_Project_main_dev\device" -I"C:\Users\awiss\Documents\MCUXpressoIDE_11.4.1_6260\workspace\OvalMate\LPC55S16_Project_main_dev\CMSIS" -I"C:\Users\awiss\Documents\MCUXpressoIDE_11.4.1_6260\workspace\OvalMate\LPC55S16_Project_main_dev\board" -I"C:\Users\awiss\Documents\MCUXpressoIDE_11.4.1_6260\workspace\OvalMate\LPC55S16_Project_main_dev\source" -I"C:\Users\awiss\Documents\MCUXpressoIDE_11.4.1_6260\workspace\OvalMate\LPC55S16_Project_main_dev\CMSIS_driver" -I"C:\Users\awiss\Documents\MCUXpressoIDE_11.4.1_6260\workspace\OvalMate\LPC55S16_Project_main_dev\source\generated" -I"C:\Users\awiss\Documents\MCUXpressoIDE_11.4.1_6260\workspace\OvalMate\LPC55S16_Project_main_dev\LPC55S16\drivers" -I"C:\Users\awiss\Documents\MCUXpressoIDE_11.4.1_6260\workspace\OvalMate\LPC55S16_Project_main_dev\drivers" -I"C:\Users\awiss\Documents\MCUXpressoIDE_11.4.1_6260\workspace\OvalMate\LPC55S16_Project_main_dev\CMSIS\DSP\Include" -I"C:\Users\awiss\Documents\MCUXpressoIDE_11.4.1_6260\workspace\OvalMate\LPC55S16_Project_main_dev\component\serial_manager" -I"C:\Users\awiss\Documents\MCUXpressoIDE_11.4.1_6260\workspace\OvalMate\LPC55S16_Project_main_dev\utilities" -I"C:\Users\awiss\Documents\MCUXpressoIDE_11.4.1_6260\workspace\OvalMate\LPC55S16_Project_main_dev\component\uart" -I"C:\Users\awiss\Documents\MCUXpressoIDE_11.4.1_6260\workspace\OvalMate\LPC55S16_Project_main_dev\component\serial_manager\usb_cdc_adapter" -I"C:\Users\awiss\Documents\MCUXpressoIDE_11.4.1_6260\workspace\OvalMate\LPC55S16_Project_main_dev\usb\include" -I"C:\Users\awiss\Documents\MCUXpressoIDE_11.4.1_6260\workspace\OvalMate\LPC55S16_Project_main_dev\usb\device\class\audio" -I"C:\Users\awiss\Documents\MCUXpressoIDE_11.4.1_6260\workspace\OvalMate\LPC55S16_Project_main_dev\usb\output\source\device\class" -I"C:\Users\awiss\Documents\MCUXpressoIDE_11.4.1_6260\workspace\OvalMate\LPC55S16_Project_main_dev\usb\device\class\ccid" -I"C:\Users\awiss\Documents\MCUXpressoIDE_11.4.1_6260\workspace\OvalMate\LPC55S16_Project_main_dev\usb\device\class\cdc" -I"C:\Users\awiss\Documents\MCUXpressoIDE_11.4.1_6260\workspace\OvalMate\LPC55S16_Project_main_dev\usb\device\class\cdc_rndis" -I"C:\Users\awiss\Documents\MCUXpressoIDE_11.4.1_6260\workspace\OvalMate\LPC55S16_Project_main_dev\usb\device\include" -I"C:\Users\awiss\Documents\MCUXpressoIDE_11.4.1_6260\workspace\OvalMate\LPC55S16_Project_main_dev\usb\device\source" -I"C:\Users\awiss\Documents\MCUXpressoIDE_11.4.1_6260\workspace\OvalMate\LPC55S16_Project_main_dev\usb\device\class\dfu" -I"C:\Users\awiss\Documents\MCUXpressoIDE_11.4.1_6260\workspace\OvalMate\LPC55S16_Project_main_dev\usb\device\class\hid" -I"C:\Users\awiss\Documents\MCUXpressoIDE_11.4.1_6260\workspace\OvalMate\LPC55S16_Project_main_dev\usb\device\source\lpcip3511" -I"C:\Users\awiss\Documents\MCUXpressoIDE_11.4.1_6260\workspace\OvalMate\LPC55S16_Project_main_dev\usb\device\class\msc" -I"C:\Users\awiss\Documents\MCUXpressoIDE_11.4.1_6260\workspace\OvalMate\LPC55S16_Project_main_dev\usb\device\class\phdc" -I"C:\Users\awiss\Documents\MCUXpressoIDE_11.4.1_6260\workspace\OvalMate\LPC55S16_Project_main_dev\usb\device\class\printer" -I"C:\Users\awiss\Documents\MCUXpressoIDE_11.4.1_6260\workspace\OvalMate\LPC55S16_Project_main_dev\usb\device\class" -I"C:\Users\awiss\Documents\MCUXpressoIDE_11.4.1_6260\workspace\OvalMate\LPC55S16_Project_main_dev\usb\output\source\device" -I"C:\Users\awiss\Documents\MCUXpressoIDE_11.4.1_6260\workspace\OvalMate\LPC55S16_Project_main_dev\usb\device\class\video" -I"C:\Users\awiss\Documents\MCUXpressoIDE_11.4.1_6260\workspace\OvalMate\LPC55S16_Project_main_dev\usb\phy" -I"C:\Users\awiss\Documents\MCUXpressoIDE_11.4.1_6260\workspace\OvalMate\LPC55S16_Project_main_dev\component\timer" -I"C:\Users\awiss\Documents\MCUXpressoIDE_11.4.1_6260\workspace\OvalMate\LPC55S16_Project_main_dev\component\pwm" -I"C:\Users\awiss\Documents\MCUXpressoIDE_11.4.1_6260\workspace\OvalMate\LPC55S16_Project_main_dev\component\gpio" -I"C:\Users\awiss\Documents\MCUXpressoIDE_11.4.1_6260\workspace\OvalMate\LPC55S16_Project_main_dev\component\lists" -I"C:\Users\awiss\Documents\MCUXpressoIDE_11.4.1_6260\workspace\OvalMate\LPC55S16_Project_main_dev\component\osa" -I"C:\Users\awiss\Documents\MCUXpressoIDE_11.4.1_6260\workspace\OvalMate\LPC55S16_Project_main_dev\component\timer_manager" -I"C:\Users\awiss\Documents\MCUXpressoIDE_11.4.1_6260\workspace\OvalMate\LPC55S16_Project_main_dev\component\mem_manager" -I"C:\Users\awiss\Documents\MCUXpressoIDE_11.4.1_6260\workspace\OvalMate\LPC55S16_Project_main_dev\CMSIS" -I"C:\Users\awiss\Documents\MCUXpressoIDE_11.4.1_6260\workspace\OvalMate\LPC55S16_Project_main_dev\device" -O0 -fno-common -g3 -Wall -c -ffunction-sections -fdata-sections -ffreestanding -fno-builtin -fmerge-constants -fmacro-prefix-map="../source/modules/steppers/"=. -mcpu=cortex-m33 -mfpu=fpv5-sp-d16 -mfloat-abi=hard -mthumb -D__REDLIB__ -fstack-usage -specs=redlib.specs -MMD -MP -MF"source/modules/steppers/steppers.d" -MT"source/modules/steppers/steppers.o" -MT"source/modules/steppers/steppers.d" -o "source/modules/steppers/steppers.o" "../source/modules/steppers/steppers.c"
Invoking: MCU C Compiler
arm-none-eabi-gcc -D__REDLIB__ -DCPU_LPC55S16JBD100 -DCPU_LPC55S16JBD100_cm33 -DSDK_OS_BAREMETAL -DSERIAL_PORT_TYPE_UART=1 -DSDK_DEBUGCONSOLE=0 -DCR_INTEGER_PRINTF -DPRINTF_FLOAT_ENABLE=0 -DSERIAL_PORT_TYPE_USBCDC=1 -DDEBUG_CONSOLE_TRANSFER_NON_BLOCKING -DUSB_DEVICE_CONFIG_CDC_ACM=1 -D__MCUXPRESSO -D__USE_CMSIS -DDEBUG -I"C:\Users\awiss\Documents\MCUXpressoIDE_11.4.1_6260\workspace\OvalMate\LPC55S16_Project_main_dev\CMSIS_driver" -I"C:\Users\awiss\Documents\MCUXpressoIDE_11.4.1_6260\workspace\OvalMate\LPC55S16_Project_main_dev\LPC55S16\drivers" -I"C:\Users\awiss\Documents\MCUXpressoIDE_11.4.1_6260\workspace\OvalMate\LPC55S16_Project_main_dev\drivers" -I"C:\Users\awiss\Documents\MCUXpressoIDE_11.4.1_6260\workspace\OvalMate\LPC55S16_Project_main_dev\CMSIS\DSP\Include" -I"C:\Users\awiss\Documents\MCUXpressoIDE_11.4.1_6260\workspace\OvalMate\LPC55S16_Project_main_dev\component\serial_manager" -I"C:\Users\awiss\Documents\MCUXpressoIDE_11.4.1_6260\workspace\OvalMate\LPC55S16_Project_main_dev\utilities" -I"C:\Users\awiss\Documents\MCUXpressoIDE_11.4.1_6260\workspace\OvalMate\LPC55S16_Project_main_dev\component\uart" -I"C:\Users\awiss\Documents\MCUXpressoIDE_11.4.1_6260\workspace\OvalMate\LPC55S16_Project_main_dev\component\serial_manager\usb_cdc_adapter" -I"C:\Users\awiss\Documents\MCUXpressoIDE_11.4.1_6260\workspace\OvalMate\LPC55S16_Project_main_dev\usb\include" -I"C:\Users\awiss\Documents\MCUXpressoIDE_11.4.1_6260\workspace\OvalMate\LPC55S16_Project_main_dev\usb\device\class\audio" -I"C:\Users\awiss\Documents\MCUXpressoIDE_11.4.1_6260\workspace\OvalMate\LPC55S16_Project_main_dev\usb\output\source\device\class" -I"C:\Users\awiss\Documents\MCUXpressoIDE_11.4.1_6260\workspace\OvalMate\LPC55S16_Project_main_dev\usb\device\class\ccid" -I"C:\Users\awiss\Documents\MCUXpressoIDE_11.4.1_6260\workspace\OvalMate\LPC55S16_Project_main_dev\usb\device\class\cdc" -I"C:\Users\awiss\Documents\MCUXpressoIDE_11.4.1_6260\workspace\OvalMate\LPC55S16_Project_main_dev\usb\device\class\cdc_rndis" -I"C:\Users\awiss\Documents\MCUXpressoIDE_11.4.1_6260\workspace\OvalMate\LPC55S16_Project_main_dev\usb\device\include" -I"C:\Users\awiss\Documents\MCUXpressoIDE_11.4.1_6260\workspace\OvalMate\LPC55S16_Project_main_dev\usb\device\source" -I"C:\Users\awiss\Documents\MCUXpressoIDE_11.4.1_6260\workspace\OvalMate\LPC55S16_Project_main_dev\usb\device\class\dfu" -I"C:\Users\awiss\Documents\MCUXpressoIDE_11.4.1_6260\workspace\OvalMate\LPC55S16_Project_main_dev\usb\device\class\hid" -I"C:\Users\awiss\Documents\MCUXpressoIDE_11.4.1_6260\workspace\OvalMate\LPC55S16_Project_main_dev\usb\device\source\lpcip3511" -I"C:\Users\awiss\Documents\MCUXpressoIDE_11.4.1_6260\workspace\OvalMate\LPC55S16_Project_main_dev\usb\device\class\msc" -I"C:\Users\awiss\Documents\MCUXpressoIDE_11.4.1_6260\workspace\OvalMate\LPC55S16_Project_main_dev\usb\device\class\phdc" -I"C:\Users\awiss\Documents\MCUXpressoIDE_11.4.1_6260\workspace\OvalMate\LPC55S16_Project_main_dev\usb\device\class\printer" -I"C:\Users\awiss\Documents\MCUXpressoIDE_11.4.1_6260\workspace\OvalMate\LPC55S16_Project_main_dev\usb\device\class" -I"C:\Users\awiss\Documents\MCUXpressoIDE_11.4.1_6260\workspace\OvalMate\LPC55S16_Project_main_dev\usb\output\source\device" -I"C:\Users\awiss\Documents\MCUXpressoIDE_11.4.1_6260\workspace\OvalMate\LPC55S16_Project_main_dev\usb\device\class\video" -I"C:\Users\awiss\Documents\MCUXpressoIDE_11.4.1_6260\workspace\OvalMate\LPC55S16_Project_main_dev\usb\phy" -I"C:\Users\awiss\Documents\MCUXpressoIDE_11.4.1_6260\workspace\OvalMate\LPC55S16_Project_main_dev\component\timer" -I"C:\Users\awiss\Documents\MCUXpressoIDE_11.4.1_6260\workspace\OvalMate\LPC55S16_Project_main_dev\component\pwm" -I"C:\Users\awiss\Documents\MCUXpressoIDE_11.4.1_6260\workspace\OvalMate\LPC55S16_Project_main_dev\component\gpio" -I"C:\Users\awiss\Documents\MCUXpressoIDE_11.4.1_6260\workspace\OvalMate\LPC55S16_Project_main_dev\component\lists" -I"C:\Users\awiss\Documents\MCUXpressoIDE_11.4.1_6260\workspace\OvalMate\LPC55S16_Project_main_dev\component\osa" -I"C:\Users\awiss\Documents\MCUXpressoIDE_11.4.1_6260\workspace\OvalMate\LPC55S16_Project_main_dev\component\timer_manager" -I"C:\Users\awiss\Documents\MCUXpressoIDE_11.4.1_6260\workspace\OvalMate\LPC55S16_Project_main_dev\component\mem_manager" -I"C:\Users\awiss\Documents\MCUXpressoIDE_11.4.1_6260\workspace\OvalMate\LPC55S16_Project_main_dev\board" -I"C:\Users\awiss\Documents\MCUXpressoIDE_11.4.1_6260\workspace\OvalMate\LPC55S16_Project_main_dev\source\generated" -I"C:\Users\awiss\Documents\MCUXpressoIDE_11.4.1_6260\workspace\OvalMate\LPC55S16_Project_main_dev\device" -I"C:\Users\awiss\Documents\MCUXpressoIDE_11.4.1_6260\workspace\OvalMate\LPC55S16_Project_main_dev\CMSIS" -I"C:\Users\awiss\Documents\MCUXpressoIDE_11.4.1_6260\workspace\OvalMate\LPC55S16_Project_main_dev\board" -I"C:\Users\awiss\Documents\MCUXpressoIDE_11.4.1_6260\workspace\OvalMate\LPC55S16_Project_main_dev\source" -I"C:\Users\awiss\Documents\MCUXpressoIDE_11.4.1_6260\workspace\OvalMate\LPC55S16_Project_main_dev\CMSIS_driver" -I"C:\Users\awiss\Documents\MCUXpressoIDE_11.4.1_6260\workspace\OvalMate\LPC55S16_Project_main_dev\source\generated" -I"C:\Users\awiss\Documents\MCUXpressoIDE_11.4.1_6260\workspace\OvalMate\LPC55S16_Project_main_dev\LPC55S16\drivers" -I"C:\Users\awiss\Documents\MCUXpressoIDE_11.4.1_6260\workspace\OvalMate\LPC55S16_Project_main_dev\drivers" -I"C:\Users\awiss\Documents\MCUXpressoIDE_11.4.1_6260\workspace\OvalMate\LPC55S16_Project_main_dev\CMSIS\DSP\Include" -I"C:\Users\awiss\Documents\MCUXpressoIDE_11.4.1_6260\workspace\OvalMate\LPC55S16_Project_main_dev\component\serial_manager" -I"C:\Users\awiss\Documents\MCUXpressoIDE_11.4.1_6260\workspace\OvalMate\LPC55S16_Project_main_dev\utilities" -I"C:\Users\awiss\Documents\MCUXpressoIDE_11.4.1_6260\workspace\OvalMate\LPC55S16_Project_main_dev\component\uart" -I"C:\Users\awiss\Documents\MCUXpressoIDE_11.4.1_6260\workspace\OvalMate\LPC55S16_Project_main_dev\component\serial_manager\usb_cdc_adapter" -I"C:\Users\awiss\Documents\MCUXpressoIDE_11.4.1_6260\workspace\OvalMate\LPC55S16_Project_main_dev\usb\include" -I"C:\Users\awiss\Documents\MCUXpressoIDE_11.4.1_6260\workspace\OvalMate\LPC55S16_Project_main_dev\usb\device\class\audio" -I"C:\Users\awiss\Documents\MCUXpressoIDE_11.4.1_6260\workspace\OvalMate\LPC55S16_Project_main_dev\usb\output\source\device\class" -I"C:\Users\awiss\Documents\MCUXpressoIDE_11.4.1_6260\workspace\OvalMate\LPC55S16_Project_main_dev\usb\device\class\ccid" -I"C:\Users\awiss\Documents\MCUXpressoIDE_11.4.1_6260\workspace\OvalMate\LPC55S16_Project_main_dev\usb\device\class\cdc" -I"C:\Users\awiss\Documents\MCUXpressoIDE_11.4.1_6260\workspace\OvalMate\LPC55S16_Project_main_dev\usb\device\class\cdc_rndis" -I"C:\Users\awiss\Documents\MCUXpressoIDE_11.4.1_6260\workspace\OvalMate\LPC55S16_Project_main_dev\usb\device\include" -I"C:\Users\awiss\Documents\MCUXpressoIDE_11.4.1_6260\workspace\OvalMate\LPC55S16_Project_main_dev\usb\device\source" -I"C:\Users\awiss\Documents\MCUXpressoIDE_11.4.1_6260\workspace\OvalMate\LPC55S16_Project_main_dev\usb\device\class\dfu" -I"C:\Users\awiss\Documents\MCUXpressoIDE_11.4.1_6260\workspace\OvalMate\LPC55S16_Project_main_dev\usb\device\class\hid" -I"C:\Users\awiss\Documents\MCUXpressoIDE_11.4.1_6260\workspace\OvalMate\LPC55S16_Project_main_dev\usb\device\source\lpcip3511" -I"C:\Users\awiss\Documents\MCUXpressoIDE_11.4.1_6260\workspace\OvalMate\LPC55S16_Project_main_dev\usb\device\class\msc" -I"C:\Users\awiss\Documents\MCUXpressoIDE_11.4.1_6260\workspace\OvalMate\LPC55S16_Project_main_dev\usb\device\class\phdc" -I"C:\Users\awiss\Documents\MCUXpressoIDE_11.4.1_6260\workspace\OvalMate\LPC55S16_Project_main_dev\usb\device\class\printer" -I"C:\Users\awiss\Documents\MCUXpressoIDE_11.4.1_6260\workspace\OvalMate\LPC55S16_Project_main_dev\usb\device\class" -I"C:\Users\awiss\Documents\MCUXpressoIDE_11.4.1_6260\workspace\OvalMate\LPC55S16_Project_main_dev\usb\output\source\device" -I"C:\Users\awiss\Documents\MCUXpressoIDE_11.4.1_6260\workspace\OvalMate\LPC55S16_Project_main_dev\usb\device\class\video" -I"C:\Users\awiss\Documents\MCUXpressoIDE_11.4.1_6260\workspace\OvalMate\LPC55S16_Project_main_dev\usb\phy" -I"C:\Users\awiss\Documents\MCUXpressoIDE_11.4.1_6260\workspace\OvalMate\LPC55S16_Project_main_dev\component\timer" -I"C:\Users\awiss\Documents\MCUXpressoIDE_11.4.1_6260\workspace\OvalMate\LPC55S16_Project_main_dev\component\pwm" -I"C:\Users\awiss\Documents\MCUXpressoIDE_11.4.1_6260\workspace\OvalMate\LPC55S16_Project_main_dev\component\gpio" -I"C:\Users\awiss\Documents\MCUXpressoIDE_11.4.1_6260\workspace\OvalMate\LPC55S16_Project_main_dev\component\lists" -I"C:\Users\awiss\Documents\MCUXpressoIDE_11.4.1_6260\workspace\OvalMate\LPC55S16_Project_main_dev\component\osa" -I"C:\Users\awiss\Documents\MCUXpressoIDE_11.4.1_6260\workspace\OvalMate\LPC55S16_Project_main_dev\component\timer_manager" -I"C:\Users\awiss\Documents\MCUXpressoIDE_11.4.1_6260\workspace\OvalMate\LPC55S16_Project_main_dev\component\mem_manager" -I"C:\Users\awiss\Documents\MCUXpressoIDE_11.4.1_6260\workspace\OvalMate\LPC55S16_Project_main_dev\CMSIS" -I"C:\Users\awiss\Documents\MCUXpressoIDE_11.4.1_6260\workspace\OvalMate\LPC55S16_Project_main_dev\device" -O0 -fno-common -g3 -Wall -c -ffunction-sections -fdata-sections -ffreestanding -fno-builtin -fmerge-constants -fmacro-prefix-map="../source/modules/sevenSegmentLED/"=. -mcpu=cortex-m33 -mfpu=fpv5-sp-d16 -mfloat-abi=hard -mthumb -D__REDLIB__ -fstack-usage -specs=redlib.specs -MMD -MP -MF"source/modules/sevenSegmentLED/sevenSegmentLED.d" -MT"source/modules/sevenSegmentLED/sevenSegmentLED.o" -MT"source/modules/sevenSegmentLED/sevenSegmentLED.d" -o "source/modules/sevenSegmentLED/sevenSegmentLED.o" "../source/modules/seveInvoking: MCU C Compiler
nSegmentLED/sevenSegmentLED.c"
arm-none-eabi-gcc -D__REDLIB__ -DCPU_LPC55S16JBD100 -DCPU_LPC55S16JBD100_cm33 -DSDK_OS_BAREMETAL -DSERIAL_PORT_TYPE_UART=1 -DSDK_DEBUGCONSOLE=0 -DCR_INTEGER_PRINTF -DPRINTF_FLOAT_ENABLE=0 -DSERIAL_PORT_TYPE_USBCDC=1 -DDEBUG_CONSOLE_TRANSFER_NON_BLOCKING -DUSB_DEVICE_CONFIG_CDC_ACM=1 -D__MCUXPRESSO -D__USE_CMSIS -DDEBUG -I"C:\Users\awiss\Documents\MCUXpressoIDE_11.4.1_6260\workspace\OvalMate\LPC55S16_Project_main_dev\CMSIS_driver" -I"C:\Users\awiss\Documents\MCUXpressoIDE_11.4.1_6260\workspace\OvalMate\LPC55S16_Project_main_dev\LPC55S16\drivers" -I"C:\Users\awiss\Documents\MCUXpressoIDE_11.4.1_6260\workspace\OvalMate\LPC55S16_Project_main_dev\drivers" -I"C:\Users\awiss\Documents\MCUXpressoIDE_11.4.1_6260\workspace\OvalMate\LPC55S16_Project_main_dev\CMSIS\DSP\Include" -I"C:\Users\awiss\Documents\MCUXpressoIDE_11.4.1_6260\workspace\OvalMate\LPC55S16_Project_main_dev\component\serial_manager" -I"C:\Users\awiss\Documents\MCUXpressoIDE_11.4.1_6260\workspace\OvalMate\LPC55S16_Project_main_dev\utilities" -I"C:\Users\awiss\Documents\MCUXpressoIDE_11.4.1_6260\workspace\OvalMate\LPC55S16_Project_main_dev\component\uart" -I"C:\Users\awiss\Documents\MCUXpressoIDE_11.4.1_6260\workspace\OvalMate\LPC55S16_Project_main_dev\component\serial_manager\usb_cdc_adapter" -I"C:\Users\awiss\Documents\MCUXpressoIDE_11.4.1_6260\workspace\OvalMate\LPC55S16_Project_main_dev\usb\include" -I"C:\Users\awiss\Documents\MCUXpressoIDE_11.4.1_6260\workspace\OvalMate\LPC55S16_Project_main_dev\usb\device\class\audio" -I"C:\Users\awiss\Documents\MCUXpressoIDE_11.4.1_6260\workspace\OvalMate\LPC55S16_Project_main_dev\usb\output\source\device\class" -I"C:\Users\awiss\Documents\MCUXpressoIDE_11.4.1_6260\workspace\OvalMate\LPC55S16_Project_main_dev\usb\device\class\ccid" -I"C:\Users\awiss\Documents\MCUXpressoIDE_11.4.1_6260\workspace\OvalMate\LPC55S16_Project_main_dev\usb\device\class\cdc" -I"C:\Users\awiss\Documents\MCUXpressoIDE_11.4.1_6260\workspace\OvalMate\LPC55S16_Project_main_dev\usb\device\class\cdc_rndis" -I"C:\Users\awiss\Documents\MCUXpressoIDE_11.4.1_6260\workspace\OvalMate\LPC55S16_Project_main_dev\usb\device\include" -I"C:\Users\awiss\Documents\MCUXpressoIDE_11.4.1_6260\workspace\OvalMate\LPC55S16_Project_main_dev\usb\device\source" -I"C:\Users\awiss\Documents\MCUXpressoIDE_11.4.1_6260\workspace\OvalMate\LPC55S16_Project_main_dev\usb\device\class\dfu" -I"C:\Users\awiss\Documents\MCUXpressoIDE_11.4.1_6260\workspace\OvalMate\LPC55S16_Project_main_dev\usb\device\class\hid" -I"C:\Users\awiss\Documents\MCUXpressoIDE_11.4.1_6260\workspace\OvalMate\LPC55S16_Project_main_dev\usb\device\source\lpcip3511" -I"C:\Users\awiss\Documents\MCUXpressoIDE_11.4.1_6260\workspace\OvalMate\LPC55S16_Project_main_dev\usb\device\class\msc" -I"C:\Users\awiss\Documents\MCUXpressoIDE_11.4.1_6260\workspace\OvalMate\LPC55S16_Project_main_dev\usb\device\class\phdc" -I"C:\Users\awiss\Documents\MCUXpressoIDE_11.4.1_6260\workspace\OvalMate\LPC55S16_Project_main_dev\usb\device\class\printer" -I"C:\Users\awiss\Documents\MCUXpressoIDE_11.4.1_6260\workspace\OvalMate\LPC55S16_Project_main_dev\usb\device\class" -I"C:\Users\awiss\Documents\MCUXpressoIDE_11.4.1_6260\workspace\OvalMate\LPC55S16_Project_main_dev\usb\output\source\device" -I"C:\Users\awiss\Documents\MCUXpressoIDE_11.4.1_6260\workspace\OvalMate\LPC55S16_Project_main_dev\usb\device\class\video" -I"C:\Users\awiss\Documents\MCUXpressoIDE_11.4.1_6260\workspace\OvalMate\LPC55S16_Project_main_dev\usb\phy" -I"C:\Users\awiss\Documents\MCUXpressoIDE_11.4.1_6260\workspace\OvalMate\LPC55S16_Project_main_dev\component\timer" -I"C:\Users\awiss\Documents\MCUXpressoIDE_11.4.1_6260\workspace\OvalMate\LPC55S16_Project_main_dev\component\pwm" -I"C:\Users\awiss\Documents\MCUXpressoIDE_11.4.1_6260\workspace\OvalMate\LPC55S16_Project_main_dev\component\gpio" -I"C:\Users\awiss\Documents\MCUXpressoIDE_11.4.1_6260\workspace\OvalMate\LPC55S16_Project_main_dev\component\lists" -I"C:\Users\awiss\Documents\MCUXpressoIDE_11.4.1_6260\workspace\OvalMate\LPC55S16_Project_main_dev\component\osa" -I"C:\Users\awiss\Documents\MCUXpressoIDE_11.4.1_6260\workspace\OvalMate\LPC55S16_Project_main_dev\component\timer_manager" -I"C:\Users\awiss\Documents\MCUXpressoIDE_11.4.1_6260\workspace\OvalMate\LPC55S16_Project_main_dev\component\mem_manager" -I"C:\Users\awiss\Documents\MCUXpressoIDE_11.4.1_6260\workspace\OvalMate\LPC55S16_Project_main_dev\board" -I"C:\Users\awiss\Documents\MCUXpressoIDE_11.4.1_6260\workspace\OvalMate\LPC55S16_Project_main_dev\source\generated" -I"C:\Users\awiss\Documents\MCUXpressoIDE_11.4.1_6260\workspace\OvalMate\LPC55S16_Project_main_dev\device" -I"C:\Users\awiss\Documents\MCUXpressoIDE_11.4.1_6260\workspace\OvalMate\LPC55S16_Project_main_dev\CMSIS" -I"C:\Users\awiss\Documents\MCUXpressoIDE_11.4.1_6260\workspace\OvalMate\LPC55S16_Project_main_dev\board" -I"C:\Users\awiss\Documents\MCUXpressoIDE_11.4.1_6260\workspace\OvalMate\LPC55S16_Project_main_dev\source" -I"C:\Users\awiss\Documents\MCUXpressoIDE_11.4.1_6260\workspace\OvalMate\LPC55S16_Project_main_dev\CMSIS_driver" -I"C:\Users\awiss\Documents\MCUXpressoIDE_11.4.1_6260\workspace\OvalMate\LPC55S16_Project_main_dev\source\generated" -I"C:\Users\awiss\Documents\MCUXpressoIDE_11.4.1_6260\workspace\OvalMate\LPC55S16_Project_main_dev\LPC55S16\drivers" -I"C:\Users\awiss\Documents\MCUXpressoIDE_11.4.1_6260\workspace\OvalMate\LPC55S16_Project_main_dev\drivers" -I"C:\Users\awiss\Documents\MCUXpressoIDE_11.4.1_6260\workspace\OvalMate\LPC55S16_Project_main_dev\CMSIS\DSP\Include" -I"C:\Users\awiss\Documents\MCUXpressoIDE_11.4.1_6260\workspace\OvalMate\LPC55S16_Project_main_dev\component\serial_manager" -I"C:\Users\awiss\Documents\MCUXpressoIDE_11.4.1_6260\workspace\OvalMate\LPC55S16_Project_main_dev\utilities" -I"C:\Users\awiss\Documents\MCUXpressoIDE_11.4.1_6260\workspace\OvalMate\LPC55S16_Project_main_dev\component\uart" -I"C:\Users\awiss\Documents\MCUXpressoIDE_11.4.1_6260\workspace\OvalMate\LPC55S16_Project_main_dev\component\serial_manager\usb_cdc_adapter" -I"C:\Users\awiss\Documents\MCUXpressoIDE_11.4.1_6260\workspace\OvalMate\LPC55S16_Project_main_dev\usb\include" -I"C:\Users\awiss\Documents\MCUXpressoIDE_11.4.1_6260\workspace\OvalMate\LPC55S16_Project_main_dev\usb\device\class\audio" -I"C:\Users\awiss\Documents\MCUXpressoIDE_11.4.1_6260\workspace\OvalMate\LPC55S16_Project_main_dev\usb\output\source\device\class" -I"C:\Users\awiss\Documents\MCUXpressoIDE_11.4.1_6260\workspace\OvalMate\LPC55S16_Project_main_dev\usb\device\class\ccid" -I"C:\Users\awiss\Documents\MCUXpressoIDE_11.4.1_6260\workspace\OvalMate\LPC55S16_Project_main_dev\usb\device\class\cdc" -I"C:\Users\awiss\Documents\MCUXpressoIDE_11.4.1_6260\workspace\OvalMate\LPC55S16_Project_main_dev\usb\device\class\cdc_rndis" -I"C:\Users\awiss\Documents\MCUXpressoIDE_11.4.1_6260\workspace\OvalMate\LPC55S16_Project_main_dev\usb\device\include" -I"C:\Users\awiss\Documents\MCUXpressoIDE_11.4.1_6260\workspace\OvalMate\LPC55S16_Project_main_dev\usb\device\source" -I"C:\Users\awiss\Documents\MCUXpressoIDE_11.4.1_6260\workspace\OvalMate\LPC55S16_Project_main_dev\usb\device\class\dfu" -I"C:\Users\awiss\Documents\MCUXpressoIDE_11.4.1_6260\workspace\OvalMate\LPC55S16_Project_main_dev\usb\device\class\hid" -I"C:\Users\awiss\Documents\MCUXpressoIDE_11.4.1_6260\workspace\OvalMate\LPC55S16_Project_main_dev\usb\device\source\lpcip3511" -I"C:\Users\awiss\Documents\MCUXpressoIDE_11.4.1_6260\workspace\OvalMate\LPC55S16_Project_main_dev\usb\device\class\msc" -I"C:\Users\awiss\Documents\MCUXpressoIDE_11.4.1_6260\workspace\OvalMate\LPC55S16_Project_main_dev\usb\device\class\phdc" -I"C:\Users\awiss\Documents\MCUXpressoIDE_11.4.1_6260\workspace\OvalMate\LPC55S16_Project_main_dev\usb\device\class\printer" -I"C:\Users\awiss\Documents\MCUXpressoIDE_11.4.1_6260\workspace\OvalMate\LPC55S16_Project_main_dev\usb\device\class" -I"C:\Users\awiss\Documents\MCUXpressoIDE_11.4.1_6260\workspace\OvalMate\LPC55S16_Project_main_dev\usb\output\source\device" -I"C:\Users\awiss\Documents\MCUXpressoIDE_11.4.1_6260\workspace\OvalMate\LPC55S16_Project_main_dev\usb\device\class\video" -I"C:\Users\awiss\Documents\MCUXpressoIDE_11.4.1_6260\workspace\OvalMate\LPC55S16_Project_main_dev\usb\phy" -I"C:\Users\awiss\Documents\MCUXpressoIDE_11.4.1_6260\workspace\OvalMate\LPC55S16_Project_main_dev\component\timer" -I"C:\Users\awiss\Documents\MCUXpressoIDE_11.4.1_6260\workspace\OvalMate\LPC55S16_Project_main_dev\component\pwm" -I"C:\Users\awiss\Documents\MCUXpressoIDE_11.4.1_6260\workspace\OvalMate\LPC55S16_Project_main_dev\component\gpio" -I"C:\Users\awiss\Documents\MCUXpressoIDE_11.4.1_6260\workspace\OvalMate\LPC55S16_Project_main_dev\component\lists" -I"C:\Users\awiss\Documents\MCUXpressoIDE_11.4.1_6260\workspace\OvalMate\LPC55S16_Project_main_dev\component\osa" -I"C:\Users\awiss\Documents\MCUXpressoIDE_11.4.1_6260\workspace\OvalMate\LPC55S16_Project_main_dev\component\timer_manager" -I"C:\Users\awiss\Documents\MCUXpressoIDE_11.4.1_6260\workspace\OvalMate\LPC55S16_Project_main_dev\component\mem_manager" -I"C:\Users\awiss\Documents\MCUXpressoIDE_11.4.1_6260\workspace\OvalMate\LPC55S16_Project_main_dev\CMSIS" -I"C:\Users\awiss\Documents\MCUXpressoIDE_11.4.1_6260\workspace\OvalMate\LPC55S16_Project_main_dev\device" -O0 -fno-common -g3 -Wall -c -ffunction-sections -fdata-sections -ffreestanding -fno-builtin -fmerge-constants -fmacro-prefix-map="../source/modules/servo/"=. -mcpu=cortex-m33 -mfpu=fpv5-sp-d16 -mfloat-abi=hard -mthumb -D__REDLIB__ -fstack-usage -specs=redlib.specs -MMD -MP -MF"source/modules/servo/servo.d" -MT"source/modules/servo/servo.o" -MT"source/modules/servo/servo.d" -o "source/modules/servo/servo.o" "../source/modules/servo/servo.c"
arm-none-eabi-gcc -D__REDLIB__ -DCPU_LPC55S16JBD100 -DCPU_LPC55S16JBD100_cm33 -DSDK_OS_BAREMETAL -DSERIAL_PORT_TYPE_UART=1 -DSDK_DEBUGCONSOLE=0 -DCR_INTEGER_PRINTF -DPRINTF_FLOAT_ENABLE=0 -DSERIAL_PORT_TYPE_USBCDC=1 -DDEBUG_CONSOLE_TRANSFER_NON_BLOCKING -DUSB_DEVICE_CONFIG_CDC_ACM=1 -D__MCUXPRESSO -D__USE_CMSIS -DDEBUG -I"C:\Users\awiss\Documents\MCUXpressoIDE_11.4.1_6260\workspace\OvalMate\LPC55S16_Project_main_dev\CMSIS_driver" -I"C:\Users\awiss\Documents\MCUXpressoIDE_11.4.1_6260\workspace\OvalMate\LPC55S16_Project_main_dev\LPC55S16\drivers" -I"C:\Users\awiss\Documents\MCUXpressoIDE_11.4.1_6260\workspace\OvalMate\LPC55S16_Project_main_dev\drivers" -I"C:\Users\awiss\Documents\MCUXpressoIDE_11.4.1_6260\workspace\OvalMate\LPC55S16_Project_main_dev\CMSIS\DSP\Include" -I"C:\Users\awiss\Documents\MCUXpressoIDE_11.4.1_6260\workspace\OvalMate\LPC55S16_Project_main_dev\component\serial_manager" -I"C:\Users\awiss\Documents\MCUXpressoIDE_11.4.1_6260\workspace\OvalMate\LPC55S16_Project_main_dev\utilities" -I"C:\Users\awiss\Documents\MCUXpressoIDE_11.4.1_6260\workspace\OvalMate\LPC55S16_Project_main_dev\component\uart" -I"C:\Users\awiss\Documents\MCUXpressoIDE_11.4.1_6260\workspace\OvalMate\LPC55S16_Project_main_dev\component\serial_manager\usb_cdc_adapter" -I"C:\Users\awiss\Documents\MCUXpressoIDE_11.4.1_6260\workspace\OvalMate\LPC55S16_Project_main_dev\usb\include" -I"C:\Users\awiss\Documents\MCUXpressoIDE_11.4.1_6260\workspace\OvalMate\LPC55S16_Project_main_dev\usb\device\class\audio" -I"C:\Users\awiss\Documents\MCUXpressoIDE_11.4.1_6260\workspace\OvalMate\LPC55S16_Project_main_dev\usb\output\source\device\class" -I"C:\Users\awiss\Documents\MCUXpressoIDE_11.4.1_6260\workspace\OvalMate\LPC55S16_Project_main_dev\usb\device\class\ccid" -I"C:\Users\awiss\Documents\MCUXpressoIDE_11.4.1_6260\workspace\OvalMate\LPC55S16_Project_main_dev\usb\device\class\cdc" -I"C:\Users\awiss\Documents\MCUXpressoIDE_11.4.1_6260\workspace\OvalMate\LPC55S16_Project_main_dev\usb\device\class\cdc_rndis" -I"C:\Users\awiss\Documents\MCUXpressoIDE_11.4.1_6260\workspace\OvalMate\LPC55S16_Project_main_dev\usb\device\include" -I"C:\Users\awiss\Documents\MCUXpressoIDE_11.4.1_6260\workspace\OvalMate\LPC55S16_Project_main_dev\usb\device\source" -I"C:\Users\awiss\Documents\MCUXpressoIDE_11.4.1_6260\workspace\OvalMate\LPC55S16_Project_main_dev\usb\device\class\dfu" -I"C:\Users\awiss\Documents\MCUXpressoIDE_11.4.1_6260\workspace\OvalMate\LPC55S16_Project_main_dev\usb\device\class\hid" -I"C:\Users\awiss\Documents\MCUXpressoIDE_11.4.1_6260\workspace\OvalMate\LPC55S16_Project_main_dev\usb\device\source\lpcip3511" -I"C:\Users\awiss\Documents\MCUXpressoIDE_11.4.1_6260\workspace\OvalMate\LPC55S16_Project_main_dev\usb\device\class\msc" -I"C:\Users\awiss\Documents\MCUXpressoIDE_11.4.1_6260\workspace\OvalMate\LPC55S16_Project_main_dev\usb\device\class\phdc" -I"C:\Users\awiss\Documents\MCUXpressoIDE_11.4.1_6260\workspace\OvalMate\LPC55S16_Project_main_dev\usb\device\class\printer" -I"C:\Users\awiss\Documents\MCUXpressoIDE_11.4.1_6260\workspace\OvalMate\LPC55S16_Project_main_dev\usb\device\class" -I"C:\Users\awiss\Documents\MCUXpressoIDE_11.4.1_6260\workspace\OvalMate\LPC55S16_Project_main_dev\usb\output\source\device" -I"C:\Users\awiss\Documents\MCUXpressoIDE_11.4.1_6260\workspace\OvalMate\LPC55S16_Project_main_dev\usb\device\class\video" -I"C:\Users\awiss\Documents\MCUXpressoIDE_11.4.1_6260\workspace\OvalMate\LPC55S16_Project_main_dev\usb\phy" -I"C:\Users\awiss\Documents\MCUXpressoIDE_11.4.1_6260\workspace\OvalMate\LPC55S16_Project_main_dev\component\timer" -I"C:\Users\awiss\Documents\MCUXpressoIDE_11.4.1_6260\workspace\OvalMate\LPC55S16_Project_main_dev\component\pwm" -I"C:\Users\awiss\Documents\MCUXpressoIDE_11.4.1_6260\workspace\OvalMate\LPC55S16_Project_main_dev\component\gpio" -I"C:\Users\awiss\Documents\MCUXpressoIDE_11.4.1_6260\workspace\OvalMate\LPC55S16_Project_main_dev\component\lists" -I"C:\Users\awiss\Documents\MCUXpressoIDE_11.4.1_6260\workspace\OvalMate\LPC55S16_Project_main_dev\component\osa" -I"C:\Users\awiss\Documents\MCUXpressoIDE_11.4.1_6260\workspace\OvalMate\LPC55S16_Project_main_dev\component\timer_manager" -I"C:\Users\awiss\Documents\MCUXpressoIDE_11.4.1_6260\workspace\OvalMate\LPC55S16_Project_main_dev\component\mem_manager" -I"C:\Users\awiss\Documents\MCUXpressoIDE_11.4.1_6260\workspace\OvalMate\LPC55S16_Project_main_dev\board" -I"C:\Users\awiss\Documents\MCUXpressoIDE_11.4.1_6260\workspace\OvalMate\LPC55S16_Project_main_dev\source\generated" -I"C:\Users\awiss\Documents\MCUXpressoIDE_11.4.1_6260\workspace\OvalMate\LPC55S16_Project_main_dev\device" -I"C:\Users\awiss\Documents\MCUXpressoIDE_11.4.1_6260\workspace\OvalMate\LPC55S16_Project_main_dev\CMSIS" -I"C:\Users\awiss\Documents\MCUXpressoIDE_11.4.1_6260\workspace\OvalMate\LPC55S16_Project_main_dev\board" -I"C:\Users\awiss\Documents\MCUXpressoIDE_11.4.1_6260\workspace\OvalMate\LPC55S16_Project_main_dev\source" -I"C:\Users\awiss\Documents\MCUXpressoIDE_11.4.1_6260\workspace\OvalMate\LPC55S16_Project_main_dev\CMSIS_driver" -I"C:\Users\awiss\Documents\MCUXpressoIDE_11.4.1_6260\workspace\OvalMate\LPC55S16_Project_main_dev\source\generated" -I"C:\Users\awiss\Documents\MCUXpressoIDE_11.4.1_6260\workspace\OvalMate\LPC55S16_Project_main_dev\LPC55S16\drivers" -I"C:\Users\awiss\Documents\MCUXpressoIDE_11.4.1_6260\workspace\OvalMate\LPC55S16_Project_main_dev\drivers" -I"C:\Users\awiss\Documents\MCUXpressoIDE_11.4.1_6260\workspace\OvalMate\LPC55S16_Project_main_dev\CMSIS\DSP\Include" -I"C:\Users\awiss\Documents\MCUXpressoIDE_11.4.1_6260\workspace\OvalMate\LPC55S16_Project_main_dev\component\serial_manager" -I"C:\Users\awiss\Documents\MCUXpressoIDE_11.4.1_6260\workspace\OvalMate\LPC55S16_Project_main_dev\utilities" -I"C:\Users\awiss\Documents\MCUXpressoIDE_11.4.1_6260\workspace\OvalMate\LPC55S16_Project_main_dev\component\uart" -I"C:\Users\awiss\Documents\MCUXpressoIDE_11.4.1_6260\workspace\OvalMate\LPC55S16_Project_main_dev\component\serial_manager\usb_cdc_adapter" -I"C:\Users\awiss\Documents\MCUXpressoIDE_11.4.1_6260\workspace\OvalMate\LPC55S16_Project_main_dev\usb\include" -I"C:\Users\awiss\Documents\MCUXpressoIDE_11.4.1_6260\workspace\OvalMate\LPC55S16_Project_main_dev\usb\device\class\audio" -I"C:\Users\awiss\Documents\MCUXpressoIDE_11.4.1_6260\workspace\OvalMate\LPC55S16_Project_main_dev\usb\output\source\device\class" -I"C:\Users\awiss\Documents\MCUXpressoIDE_11.4.1_6260\workspace\OvalMate\LPC55S16_Project_main_dev\usb\device\class\ccid" -I"C:\Users\awiss\Documents\MCUXpressoIDE_11.4.1_6260\workspace\OvalMate\LPC55S16_Project_main_dev\usb\device\class\cdc" -I"C:\Users\awiss\Documents\MCUXpressoIDE_11.4.1_6260\workspace\OvalMate\LPC55S16_Project_main_dev\usb\device\class\cdc_rndis" -I"C:\Users\awiss\Documents\MCUXpressoIDE_11.4.1_6260\workspace\OvalMate\LPC55S16_Project_main_dev\usb\device\include" -I"C:\Users\awiss\Documents\MCUXpressoIDE_11.4.1_6260\workspace\OvalMate\LPC55S16_Project_main_dev\usb\device\source" -I"C:\Users\awiss\Documents\MCUXpressoIDE_11.4.1_6260\workspace\OvalMate\LPC55S16_Project_main_dev\usb\device\class\dfu" -I"C:\Users\awiss\Documents\MCUXpressoIDE_11.4.1_6260\workspace\OvalMate\LPC55S16_Project_main_dev\usb\device\class\hid" -I"C:\Users\awiss\Documents\MCUXpressoIDE_11.4.1_6260\workspace\OvalMate\LPC55S16_Project_main_dev\usb\device\source\lpcip3511" -I"C:\Users\awiss\Documents\MCUXpressoIDE_11.4.1_6260\workspace\OvalMate\LPC55S16_Project_main_dev\usb\device\class\msc" -I"C:\Users\awiss\Documents\MCUXpressoIDE_11.4.1_6260\workspace\OvalMate\LPC55S16_Project_main_dev\usb\device\class\phdc" -I"C:\Users\awiss\Documents\MCUXpressoIDE_11.4.1_6260\workspace\OvalMate\LPC55S16_Project_main_dev\usb\device\class\printer" -I"C:\Users\awiss\Documents\MCUXpressoIDE_11.4.1_6260\workspace\OvalMate\LPC55S16_Project_main_dev\usb\device\class" -I"C:\Users\awiss\Documents\MCUXpressoIDE_11.4.1_6260\workspace\OvalMate\LPC55S16_Project_main_dev\usb\output\source\device" -I"C:\Users\awiss\Documents\MCUXpressoIDE_11.4.1_6260\workspace\OvalMate\LPC55S16_Project_main_dev\usb\device\class\video" -I"C:\Users\awiss\Documents\MCUXpressoIDE_11.4.1_6260\workspace\OvalMate\LPC55S16_Project_main_dev\usb\phy" -I"C:\Users\awiss\Documents\MCUXpressoIDE_11.4.1_6260\workspace\OvalMate\LPC55S16_Project_main_dev\component\timer" -I"C:\Users\awiss\Documents\MCUXpressoIDE_11.4.1_6260\workspace\OvalMate\LPC55S16_Project_main_dev\component\pwm" -I"C:\Users\awiss\Documents\MCUXpressoIDE_11.4.1_6260\workspace\OvalMate\LPC55S16_Project_main_dev\component\gpio" -I"C:\Users\awiss\Documents\MCUXpressoIDE_11.4.1_6260\workspace\OvalMate\LPC55S16_Project_main_dev\component\lists" -I"C:\Users\awiss\Documents\MCUXpressoIDE_11.4.1_6260\workspace\OvalMate\LPC55S16_Project_main_dev\component\osa" -I"C:\Users\awiss\Documents\MCUXpressoIDE_11.4.1_6260\workspace\OvalMate\LPC55S16_Project_main_dev\component\timer_manager" -I"C:\Users\awiss\Documents\MCUXpressoIDE_11.4.1_6260\workspace\OvalMate\LPC55S16_Project_main_dev\component\mem_manager" -I"C:\Users\awiss\Documents\MCUXpressoIDE_11.4.1_6260\workspace\OvalMate\LPC55S16_Project_main_dev\CMSIS" -I"C:\Users\awiss\Documents\MCUXpressoIDE_11.4.1_6260\workspace\OvalMate\LPC55S16_Project_main_dev\device" -O0 -fno-common -g3 -Wall -c -ffunction-sections -fdata-sections -ffreestanding -fno-builtin -fmerge-constants -fmacro-prefix-map="../source/modules/irSensor/"=. -mcpu=cortex-m33 -mfpu=fpv5-sp-d16 -mfloat-abi=hard -mthumb -D__REDLIB__ -fstack-usage -specs=redlib.specs -MMD -MP -MF"source/modules/irSensor/irSensor.d" -MT"source/modules/irSensor/irSensor.o" -MT"source/modules/irSensor/irSensor.d" -o "source/modules/irSensor/irSensor.o" "../source/modules/irSensor/irSensor.c"
Building file: ../source/LPC55S16_Project_main_dev.c
Invoking: MCU C Compiler
arm-none-eabi-gcc -D__REDLIB__ -DCPU_LPC55S16JBD100 -DCPU_LPC55S16JBD100_cm33 -DSDK_OS_BAREMETAL -DSERIAL_PORT_TYPE_UART=1 -DSDK_DEBUGCONSOLE=0 -DCR_INTEGER_PRINTF -DPRINTF_FLOAT_ENABLE=0 -DSERIAL_PORT_TYPE_USBCDC=1 -DDEBUG_CONSOLE_TRANSFER_NON_BLOCKING -DUSB_DEVICE_CONFIG_CDC_ACM=1 -D__MCUXPRESSO -D__USE_CMSIS -DDEBUG -I"C:\Users\awiss\Documents\MCUXpressoIDE_11.4.1_6260\workspace\OvalMate\LPC55S16_Project_main_dev\CMSIS_driver" -I"C:\Users\awiss\Documents\MCUXpressoIDE_11.4.1_6260\workspace\OvalMate\LPC55S16_Project_main_dev\LPC55S16\drivers" -I"C:\Users\awiss\Documents\MCUXpressoIDE_11.4.1_6260\workspace\OvalMate\LPC55S16_Project_main_dev\drivers" -I"C:\Users\awiss\Documents\MCUXpressoIDE_11.4.1_6260\workspace\OvalMate\LPC55S16_Project_main_dev\CMSIS\DSP\Include" -I"C:\Users\awiss\Documents\MCUXpressoIDE_11.4.1_6260\workspace\OvalMate\LPC55S16_Project_main_dev\component\serial_manager" -I"C:\Users\awiss\Documents\MCUXpressoIDE_11.4.1_6260\workspace\OvalMate\LPC55S16_Project_main_dev\utilities" -I"C:\Users\awiss\Documents\MCUXpressoIDE_11.4.1_6260\workspace\OvalMate\LPC55S16_Project_main_dev\component\uart" -I"C:\Users\awiss\Documents\MCUXpressoIDE_11.4.1_6260\workspace\OvalMate\LPC55S16_Project_main_dev\component\serial_manager\usb_cdc_adapter" -I"C:\Users\awiss\Documents\MCUXpressoIDE_11.4.1_6260\workspace\OvalMate\LPC55S16_Project_main_dev\usb\include" -I"C:\Users\awiss\Documents\MCUXpressoIDE_11.4.1_6260\workspace\OvalMate\LPC55S16_Project_main_dev\usb\device\class\audio" -I"C:\Users\awiss\Documents\MCUXpressoIDE_11.4.1_6260\workspace\OvalMate\LPC55S16_Project_main_dev\usb\output\source\device\class" -I"C:\Users\awiss\Documents\MCUXpressoIDE_11.4.1_6260\workspace\OvalMate\LPC55S16_Project_main_dev\usb\device\class\ccid" -I"C:\Users\awiss\Documents\MCUXpressoIDE_11.4.1_6260\workspace\OvalMate\LPC55S16_Project_main_dev\usb\device\class\cdc" -I"C:\Users\awiss\Documents\MCUXpressoIDE_11.4.1_6260\workspace\OvalMate\LPC55S16_Project_main_dev\usb\device\class\cdc_rndis" -I"C:\Users\awiss\Documents\MCUXpressoIDE_11.4.1_6260\workspace\OvalMate\LPC55S16_Project_main_dev\usb\device\include" -I"C:\Users\awiss\Documents\MCUXpressoIDE_11.4.1_6260\workspace\OvalMate\LPC55S16_Project_main_dev\usb\device\source" -I"C:\Users\awiss\Documents\MCUXpressoIDE_11.4.1_6260\workspace\OvalMate\LPC55S16_Project_main_dev\usb\device\class\dfu" -I"C:\Users\awiss\Documents\MCUXpressoIDE_11.4.1_6260\workspace\OvalMate\LPC55S16_Project_main_dev\usb\device\class\hid" -I"C:\Users\awiss\Documents\MCUXpressoIDE_11.4.1_6260\workspace\OvalMate\LPC55S16_Project_main_dev\usb\device\source\lpcip3511" -I"C:\Users\awiss\Documents\MCUXpressoIDE_11.4.1_6260\workspace\OvalMate\LPC55S16_Project_main_dev\usb\device\class\msc" -I"C:\Users\awiss\Documents\MCUXpressoIDE_11.4.1_6260\workspace\OvalMate\LPC55S16_Project_main_dev\usb\device\class\phdc" -I"C:\Users\awiss\Documents\MCUXpressoIDE_11.4.1_6260\workspace\OvalMate\LPC55S16_Project_main_dev\usb\device\class\printer" -I"C:\Users\awiss\Documents\MCUXpressoIDE_11.4.1_6260\workspace\OvalMate\LPC55S16_Project_main_dev\usb\device\class" -I"C:\Users\awiss\Documents\MCUXpressoIDE_11.4.1_6260\workspace\OvalMate\LPC55S16_Project_main_dev\usb\output\source\device" -I"C:\Users\awiss\Documents\MCUXpressoIDE_11.4.1_6260\workspace\OvalMate\LPC55S16_Project_main_dev\usb\device\class\video" -I"C:\Users\awiss\Documents\MCUXpressoIDE_11.4.1_6260\workspace\OvalMate\LPC55S16_Project_main_dev\usb\phy" -I"C:\Users\awiss\Documents\MCUXpressoIDE_11.4.1_6260\workspace\OvalMate\LPC55S16_Project_main_dev\component\timer" -I"C:\Users\awiss\Documents\MCUXpressoIDE_11.4.1_6260\workspace\OvalMate\LPC55S16_Project_main_dev\component\pwm" -I"C:\Users\awiss\Documents\MCUXpressoIDE_11.4.1_6260\workspace\OvalMate\LPC55S16_Project_main_dev\component\gpio" -I"C:\Users\awiss\Documents\MCUXpressoIDE_11.4.1_6260\workspace\OvalMate\LPC55S16_Project_main_dev\component\lists" -I"C:\Users\awiss\Documents\MCUXpressoIDE_11.4.1_6260\workspace\OvalMate\LPC55S16_Project_main_dev\component\osa" -I"C:\Users\awiss\Documents\MCUXpressoIDE_11.4.1_6260\workspace\OvalMate\LPC55S16_Project_main_dev\component\timer_manager" -I"C:\Users\awiss\Documents\MCUXpressoIDE_11.4.1_6260\workspace\OvalMate\LPC55S16_Project_main_dev\component\mem_manager" -I"C:\Users\awiss\Documents\MCUXpressoIDE_11.4.1_6260\workspace\OvalMate\LPC55S16_Project_main_dev\board" -I"C:\Users\awiss\Documents\MCUXpressoIDE_11.4.1_6260\workspace\OvalMate\LPC55S16_Project_main_dev\source\generated" -I"C:\Users\awiss\Documents\MCUXpressoIDE_11.4.1_6260\workspace\OvalMate\LPC55S16_Project_main_dev\device" -I"C:\Users\awiss\Documents\MCUXpressoIDE_11.4.1_6260\workspace\OvalMate\LPC55S16_Project_main_dev\CMSIS" -I"C:\Users\awiss\Documents\MCUXpressoIDE_11.4.1_6260\workspace\OvalMate\LPC55S16_Project_main_dev\board" -I"C:\Users\awiss\Documents\MCUXpressoIDE_11.4.1_6260\workspace\OvalMate\LPC55S16_Project_main_dev\source" -I"C:\Users\awiss\Documents\MCUXpressoIDE_11.4.1_6260\workspace\OvalMate\LPC55S16_Project_main_dev\CMSIS_driver" -I"C:\Users\awiss\Documents\MCUXpressoIDE_11.4.1_6260\workspace\OvalMate\LPC55S16_Project_main_dev\source\generated" -I"C:\Users\awiss\Documents\MCUXpressoIDE_11.4.1_6260\workspace\OvalMate\LPC55S16_Project_main_dev\LPC55S16\drivers" -I"C:\Users\awiss\Documents\MCUXpressoIDE_11.4.1_6260\workspace\OvalMate\LPC55S16_Project_main_dev\drivers" -I"C:\Users\awiss\Documents\MCUXpressoIDE_11.4.1_6260\workspace\OvalMate\LPC55S16_Project_main_dev\CMSIS\DSP\Include" -I"C:\Users\awiss\Documents\MCUXpressoIDE_11.4.1_6260\workspace\OvalMate\LPC55S16_Project_main_dev\component\serial_manager" -I"C:\Users\awiss\Documents\MCUXpressoIDE_11.4.1_6260\workspace\OvalMate\LPC55S16_Project_main_dev\utilities" -I"C:\Users\awiss\Documents\MCUXpressoIDE_11.4.1_6260\workspace\OvalMate\LPC55S16_Project_main_dev\component\uart" -I"C:\Users\awiss\Documents\MCUXpressoIDE_11.4.1_6260\workspace\OvalMate\LPC55S16_Project_main_dev\component\serial_manager\usb_cdc_adapter" -I"C:\Users\awiss\Documents\MCUXpressoIDE_11.4.1_6260\workspace\OvalMate\LPC55S16_Project_main_dev\usb\include" -I"C:\Users\awiss\Documents\MCUXpressoIDE_11.4.1_6260\workspace\OvalMate\LPC55S16_Project_main_dev\usb\device\class\audio" -I"C:\Users\awiss\Documents\MCUXpressoIDE_11.4.1_6260\workspace\OvalMate\LPC55S16_Project_main_dev\usb\output\source\device\class" -I"C:\Users\awiss\Documents\MCUXpressoIDE_11.4.1_6260\workspace\OvalMate\LPC55S16_Project_main_dev\usb\device\class\ccid" -I"C:\Users\awiss\Documents\MCUXpressoIDE_11.4.1_6260\workspace\OvalMate\LPC55S16_Project_main_dev\usb\device\class\cdc" -I"C:\Users\awiss\Documents\MCUXpressoIDE_11.4.1_6260\workspace\OvalMate\LPC55S16_Project_main_dev\usb\device\class\cdc_rndis" -I"C:\Users\awiss\Documents\MCUXpressoIDE_11.4.1_6260\workspace\OvalMate\LPC55S16_Project_main_dev\usb\device\include" -I"C:\Users\awiss\Documents\MCUXpressoIDE_11.4.1_6260\workspace\OvalMate\LPC55S16_Project_main_dev\usb\device\source" -I"C:\Users\awiss\Documents\MCUXpressoIDE_11.4.1_6260\workspace\OvalMate\LPC55S16_Project_main_dev\usb\device\class\dfu" -I"C:\Users\awiss\Documents\MCUXpressoIDE_11.4.1_6260\workspace\OvalMate\LPC55S16_Project_main_dev\usb\device\class\hid" -I"C:\Users\awiss\Documents\MCUXpressoIDE_11.4.1_6260\workspace\OvalMate\LPC55S16_Project_main_dev\usb\device\source\lpcip3511" -I"C:\Users\awiss\Documents\MCUXpressoIDE_11.4.1_6260\workspace\OvalMate\LPC55S16_Project_main_dev\usb\device\class\msc" -I"C:\Users\awiss\Documents\MCUXpressoIDE_11.4.1_6260\workspace\OvalMate\LPC55S16_Project_main_dev\usb\device\class\phdc" -I"C:\Users\awiss\Documents\MCUXpressoIDE_11.4.1_6260\workspace\OvalMate\LPC55S16_Project_main_dev\usb\device\class\printer" -I"C:\Users\awiss\Documents\MCUXpressoIDE_11.4.1_6260\workspace\OvalMate\LPC55S16_Project_main_dev\usb\device\class" -I"C:\Users\awiss\Documents\MCUXpressoIDE_11.4.1_6260\workspace\OvalMate\LPC55S16_Project_main_dev\usb\output\source\device" -I"C:\Users\awiss\Documents\MCUXpressoIDE_11.4.1_6260\workspace\OvalMate\LPC55S16_Project_main_dev\usb\device\class\video" -I"C:\Users\awiss\Documents\MCUXpressoIDE_11.4.1_6260\workspace\OvalMate\LPC55S16_Project_main_dev\usb\phy" -I"C:\Users\awiss\Documents\MCUXpressoIDE_11.4.1_6260\workspace\OvalMate\LPC55S16_Project_main_dev\component\timer" -I"C:\Users\awiss\Documents\MCUXpressoIDE_11.4.1_6260\workspace\OvalMate\LPC55S16_Project_main_dev\component\pwm" -I"C:\Users\awiss\Documents\MCUXpressoIDE_11.4.1_6260\workspace\OvalMate\LPC55S16_Project_main_dev\component\gpio" -I"C:\Users\awiss\Documents\MCUXpressoIDE_11.4.1_6260\workspace\OvalMate\LPC55S16_Project_main_dev\component\lists" -I"C:\Users\awiss\Documents\MCUXpressoIDE_11.4.1_6260\workspace\OvalMate\LPC55S16_Project_main_dev\component\osa" -I"C:\Users\awiss\Documents\MCUXpressoIDE_11.4.1_6260\workspace\OvalMate\LPC55S16_Project_main_dev\component\timer_manager" -I"C:\Users\awiss\Documents\MCUXpressoIDE_11.4.1_6260\workspace\OvalMate\LPC55S16_Project_main_dev\component\mem_manager" -I"C:\Users\awiss\Documents\MCUXpressoIDE_11.4.1_6260\workspace\OvalMate\LPC55S16_Project_main_dev\CMSIS" -I"C:\Users\awiss\Documents\MCUXpressoIDE_11.4.1_6260\workspace\OvalMate\LPC55S16_Project_main_dev\device" -O0 -fno-common -g3 -Wall -c -ffunction-sections -fdata-sections -ffreestanding -fno-builtin -fmerge-constants -fmacro-prefix-map="../source/"=. -mcpu=cortex-m33 -mfpu=fpv5-sp-d16 -mfloat-abi=hard -mthumb -D__REDLIB__ -fstack-usage -specs=redlib.specs -MMD -MP -MF"source/LPC55S16_Project_main_dev.d" -MT"source/LPC55S16_Project_main_dev.o" -MT"source/LPC55S16_Project_main_dev.d" -o "source/LPC55S16_Project_main_dev.o" "../source/LPC55S16_Project_main_dev.c"
Finished building: ../source/modules/sevenSegmentLED/sevenSegmentLED.c
 
Finished building: ../source/modules/irSensor/irSensor.c
Finished building: ../source/modules/steppers/steppers.c
 
 
Finished building: ../source/modules/servo/servo.c
Finished building: ../source/LPC55S16_Project_main_dev.c
 
 
Building target: LPC55S16_Project_main_dev.axf
Invoking: MCU Linker
arm-none-eabi-gcc -nostdlib -L"C:\Users\awiss\Documents\MCUXpressoIDE_11.4.1_6260\workspace\OvalMate\LPC55S16_Project_main_dev\LPC55S16\mcuxpresso" -L"C:\Users\awiss\Documents\MCUXpressoIDE_11.4.1_6260\workspace\OvalMate\LPC55S16_Project_main_dev\CMSIS\DSP" -Xlinker -Map="LPC55S16_Project_main_dev.map" -Xlinker --gc-sections -Xlinker -print-memory-usage -Xlinker --sort-section=alignment -Xlinker --cref -mcpu=cortex-m33 -mfpu=fpv5-sp-d16 -mfloat-abi=hard -mthumb -T LPC55S16_Project_main_dev_Debug.ld -o "LPC55S16_Project_main_dev.axf"  ./utilities/fsl_debug_console.o ./utilities/fsl_str.o  ./usb/phy/usb_phy.o  ./usb/device/source/lpcip3511/usb_device_lpcip3511.o  ./usb/device/source/usb_device_ch9.o ./usb/device/source/usb_device_dci.o  ./usb/device/class/video/usb_device_video.o  ./usb/device/class/printer/usb_device_printer.o  ./usb/device/class/phdc/usb_device_phdc.o  ./usb/device/class/msc/usb_device_msc.o ./usb/device/class/msc/usb_device_msc_ufi.o  ./usb/device/class/hid/usb_device_hid.o  ./usb/device/class/dfu/usb_device_dfu.o  ./usb/device/class/cdc_rndis/usb_device_cdc_rndis.o  ./usb/device/class/cdc/usb_device_cdc_acm.o  ./usb/device/class/ccid/usb_device_ccid.o  ./usb/device/class/audio/usb_device_audio.o  ./usb/device/class/usb_device_class.o  ./startup/startup_lpc55s16.o  ./source/modules/steppers/steppers.o  ./source/modules/sevenSegmentLED/sevenSegmentLED.o  ./source/modules/servo/servo.o  ./source/modules/irSensor/irSensor.o  ./source/modules/buttons/buttons.o  ./source/LPC55S16_Project_main_dev.o ./source/semihost_hardfault.o  ./drivers/fsl_clock.o ./drivers/fsl_common.o ./drivers/fsl_common_arm.o ./drivers/fsl_ctimer.o ./drivers/fsl_dma.o ./drivers/fsl_flexcomm.o ./drivers/fsl_gpio.o ./drivers/fsl_gpio_cmsis.o ./drivers/fsl_i2c.o ./drivers/fsl_inputmux.o ./drivers/fsl_lpadc.o ./drivers/fsl_pint.o ./drivers/fsl_reset.o ./drivers/fsl_sctimer.o ./drivers/fsl_usart.o  ./device/system_LPC55S16.o  ./component/uart/fsl_adapter_usart.o  ./component/timer_manager/fsl_component_timer_manager.o  ./component/timer/fsl_adapter_ctimer.o  ./component/serial_manager/usb_cdc_adapter/usb_device_descriptor.o  ./component/serial_manager/fsl_component_serial_manager.o ./component/serial_manager/fsl_component_serial_port_uart.o ./component/serial_manager/fsl_component_serial_port_usb.o  ./component/pwm/fsl_adapter_pwm_ctimer.o  ./component/osa/fsl_os_abstraction_bm.o  ./component/mem_manager/fsl_component_mem_manager_light.o  ./component/lists/fsl_component_generic_list.o  ./component/gpio/fsl_adapter_lpc_gpio.o  ./board/board.o ./board/clock_config.o ./board/peripherals.o ./board/pin_mux.o  ./LPC55S16/drivers/fsl_power.o   -lpower_hardabi -larm_ARMv8MMLldfsp_math
Memory region         Used Size  Region Size  %age Used
   PROGRAM_FLASH:       32016 B       224 KB     13.96%
            SRAM:        9060 B        64 KB     13.82%
         USB_RAM:          0 GB        16 KB      0.00%
           SRAMX:          0 GB        16 KB      0.00%
Finished building target: LPC55S16_Project_main_dev.axf
 
make --no-print-directory post-build
Performing post-build steps
arm-none-eabi-size "LPC55S16_Project_main_dev.axf"; # arm-none-eabi-objcopy -v -O binary "LPC55S16_Project_main_dev.axf" "LPC55S16_Project_main_dev.bin" ; # checksum -p LPC55S16 -d "LPC55S16_Project_main_dev.bin";
   text	   data	    bss	    dec	    hex	filename
  31884	    132	   8928	  40944	   9ff0	LPC55S16_Project_main_dev.axf
 

19:55:17 Build Finished. 0 errors, 0 warnings. (took 1s.62ms)

